Loaded 1203 days. Top 15 unique candidates from Phase 1.

Reference champion (full 5Y): {'rs': 1030642, 'wr': 48.0, 'pf': 1.45, 'trades': 7843}

========================================================================================================================
PHASE 2 — FULL 5-YEAR VALIDATION (1203 days, 2020-2024)
========================================================================================================================

RANK |   NET PROFIT |    WR% |    PF |  TRADES |  5Y OK | params
------------------------------------------------------------------------------------------------------------------------
   1 | Rs 1,659,198 |  50.9% |  1.83 |   6,398 |   PASS | s1=12 s4=50 atr=10 sl=3.0 tp=6.0 f6s4=79.5 f6s1=25.0 cl=8
   2 | Rs 1,638,888 |  51.0% |  1.82 |   6,399 |   PASS | s1=12 s4=50 atr=14 sl=3.0 tp=6.0 f6s4=79.5 f6s1=25.0 cl=8
   3 | Rs 1,637,471 |  51.0% |  1.81 |   6,398 |   PASS | s1=12 s4=50 atr=20 sl=3.0 tp=6.0 f6s4=79.5 f6s1=25.0 cl=8
   4 | Rs 1,612,001 |  50.9% |  1.78 |   6,570 |   PASS | s1=12 s4=50 atr=10 sl=3.0 tp=6.0 f6s4=75.0 f6s1=20.5 cl=6
   5 | Rs 1,605,991 |  51.0% |  1.82 |   6,142 |   PASS | s1=12 s4=50 atr=20 sl=3.0 tp=6.0 f6s4=79.5 f6s1=25.0 cl=4
   6 | Rs 1,587,724 |  50.6% |  1.75 |   6,573 |   PASS | s1=12 s4=60 atr=20 sl=3.0 tp=6.0 f6s4=75.0 f6s1=20.5 cl=6
   7 | Rs 1,571,149 |  51.2% |  1.72 |   6,754 |   PASS | s1=7 s4=50 atr=10 sl=3.0 tp=6.0 f6s4=75.0 f6s1=20.5 cl=6
   8 | Rs 1,570,247 |  51.1% |  1.72 |   6,768 |   PASS | s1=7 s4=50 atr=10 sl=3.0 tp=6.0 f6s4=75.0 f6s1=20.5 cl=8
   9 | Rs 1,541,099 |  51.0% |  1.70 |   6,766 |   PASS | s1=7 s4=50 atr=14 sl=3.0 tp=6.0 f6s4=75.0 f6s1=20.5 cl=6
  10 | Rs 1,539,994 |  51.5% |  1.80 |   5,885 |   PASS | s1=7 s4=50 atr=14 sl=3.0 tp=6.0 f6s4=75.0 f6s1=15.0 cl=6
  11 | Rs 1,539,847 |  51.0% |  1.70 |   6,782 |   PASS | s1=7 s4=50 atr=14 sl=3.0 tp=6.0 f6s4=75.0 f6s1=20.5 cl=8
  12 | Rs 1,539,184 |  51.5% |  1.79 |   5,902 |   PASS | s1=7 s4=50 atr=14 sl=3.0 tp=6.0 f6s4=75.0 f6s1=15.0 cl=8
  13 | Rs 1,536,319 |  51.2% |  1.72 |   6,504 |   PASS | s1=7 s4=50 atr=10 sl=3.0 tp=6.0 f6s4=75.0 f6s1=20.5 cl=4
  14 | Rs 1,516,660 |  51.2% |  1.78 |   5,906 |   PASS | s1=7 s4=50 atr=20 sl=3.0 tp=6.0 f6s4=75.0 f6s1=15.0 cl=8
  15 | Rs 1,496,531 |  51.1% |  1.77 |   6,001 |   PASS | s1=9 s4=50 atr=20 sl=3.0 tp=6.0 f6s4=79.5 f6s1=20.5 cl=6

========================================================================================================================
PHASE 3 — WALK-FORWARD VALIDATION (top candidates on unseen OOS years)
========================================================================================================================

--- IS 2020-2022 (748d) -> OOS 2023 (246d) ---
  OOS 2023 | Rs   +313,568 | WR  50.8% | PF  1.78 | trades 1,343 | PASS | s1=12 s4=50 atr=10 sl=3.0 tp=6.0 f6s4=79.5 f6s1=25.0 cl=8
  OOS 2023 | Rs   +310,079 | WR  50.9% | PF  1.78 | trades 1,336 | PASS | s1=12 s4=50 atr=14 sl=3.0 tp=6.0 f6s4=79.5 f6s1=25.0 cl=8
  OOS 2023 | Rs   +337,289 | WR  51.1% | PF  1.84 | trades 1,329 | PASS | s1=12 s4=50 atr=20 sl=3.0 tp=6.0 f6s4=79.5 f6s1=25.0 cl=8
  OOS 2023 | Rs   +308,053 | WR  50.9% | PF  1.75 | trades 1,357 | PASS | s1=12 s4=50 atr=10 sl=3.0 tp=6.0 f6s4=75.0 f6s1=20.5 cl=6
  OOS 2023 | Rs   +338,707 | WR  51.3% | PF  1.87 | trades 1,275 | PASS | s1=12 s4=50 atr=20 sl=3.0 tp=6.0 f6s4=79.5 f6s1=25.0 cl=4

--- IS 2021-2023 (742d) -> OOS 2024 (209d) ---
  OOS 2024 | Rs   +422,768 | WR  54.9% | PF  2.30 | trades 1,032 | PASS | s1=12 s4=50 atr=10 sl=3.0 tp=6.0 f6s4=79.5 f6s1=25.0 cl=8
  OOS 2024 | Rs   +419,535 | WR  54.9% | PF  2.28 | trades 1,030 | PASS | s1=12 s4=50 atr=14 sl=3.0 tp=6.0 f6s4=79.5 f6s1=25.0 cl=8
  OOS 2024 | Rs   +388,189 | WR  54.3% | PF  2.17 | trades 1,033 | PASS | s1=12 s4=50 atr=20 sl=3.0 tp=6.0 f6s4=79.5 f6s1=25.0 cl=8
  OOS 2024 | Rs   +404,989 | WR  54.9% | PF  2.20 | trades 1,060 | PASS | s1=12 s4=50 atr=10 sl=3.0 tp=6.0 f6s4=75.0 f6s1=20.5 cl=6
  OOS 2024 | Rs   +392,893 | WR  54.7% | PF  2.22 | trades 1,000 | PASS | s1=12 s4=50 atr=20 sl=3.0 tp=6.0 f6s4=79.5 f6s1=25.0 cl=4

--- IS 2020-2021 (500d) -> OOS 2022 (248d) ---
  OOS 2022 | Rs   +334,324 | WR  50.5% | PF  1.76 | trades 1,270 | PASS | s1=12 s4=50 atr=10 sl=3.0 tp=6.0 f6s4=79.5 f6s1=25.0 cl=8
  OOS 2022 | Rs   +332,190 | WR  50.2% | PF  1.75 | trades 1,266 | PASS | s1=12 s4=50 atr=14 sl=3.0 tp=6.0 f6s4=79.5 f6s1=25.0 cl=8
  OOS 2022 | Rs   +342,330 | WR  51.3% | PF  1.78 | trades 1,276 | PASS | s1=12 s4=50 atr=20 sl=3.0 tp=6.0 f6s4=79.5 f6s1=25.0 cl=8
  OOS 2022 | Rs   +321,779 | WR  49.9% | PF  1.72 | trades 1,283 | PASS | s1=12 s4=50 atr=10 sl=3.0 tp=6.0 f6s4=75.0 f6s1=20.5 cl=6
  OOS 2022 | Rs   +330,847 | WR  51.1% | PF  1.77 | trades 1,237 | PASS | s1=12 s4=50 atr=20 sl=3.0 tp=6.0 f6s4=79.5 f6s1=25.0 cl=4

========================================================================================================================
PHASE 3b — PARAMETER SENSITIVITY (top candidates, +/-1 step per axis, full 5Y)
========================================================================================================================

Candidate: s1=12 s4=50 atr=10 sl=3.0 tp=6.0 f6s4=79.5 f6s1=25.0 cl=8 -> 5Y Rs +1,659,198
  s1_k           = 9      -> Rs +1,539,668 (  -7.2%)
  s1_k           = 14     -> Rs +1,568,364 (  -5.5%)
  s4_k           = 60     -> Rs +1,591,099 (  -4.1%)
  atr_period     = 14     -> Rs +1,638,888 (  -1.2%)
  atr_sl_mult    = 2.5    -> Rs +1,599,571 (  -3.6%)
  atr_tp_mult    = 5.0    -> Rs +1,577,094 (  -4.9%)
  f6_s4_thresh   = 75.0   -> Rs +1,650,253 (  -0.5%)
  f6_s4_thresh   = 85.0   -> Rs +1,423,553 ( -14.2%)
  f6_s1_thresh   = 20.5   -> Rs +1,594,160 (  -3.9%)
  consec_loss    = 6      -> Rs +1,656,439 (  -0.2%)
  WORST perturbation: -14.2% -> FRAGILE (must stay above -10%)

Candidate: s1=12 s4=50 atr=14 sl=3.0 tp=6.0 f6s4=79.5 f6s1=25.0 cl=8 -> 5Y Rs +1,638,888
  s1_k           = 9      -> Rs +1,507,191 (  -8.0%)
  s1_k           = 14     -> Rs +1,568,198 (  -4.3%)
  s4_k           = 60     -> Rs +1,539,554 (  -6.1%)
  atr_period     = 10     -> Rs +1,659,198 (  +1.2%)
  atr_period     = 20     -> Rs +1,637,471 (  -0.1%)
  atr_sl_mult    = 2.5    -> Rs +1,617,446 (  -1.3%)
  atr_tp_mult    = 5.0    -> Rs +1,549,294 (  -5.5%)
  f6_s4_thresh   = 75.0   -> Rs +1,638,077 (  -0.0%)
  f6_s4_thresh   = 85.0   -> Rs +1,392,878 ( -15.0%)
  f6_s1_thresh   = 20.5   -> Rs +1,559,774 (  -4.8%)
  consec_loss    = 6      -> Rs +1,636,120 (  -0.2%)
  WORST perturbation: -15.0% -> FRAGILE (must stay above -10%)

Candidate: s1=12 s4=50 atr=20 sl=3.0 tp=6.0 f6s4=79.5 f6s1=25.0 cl=8 -> 5Y Rs +1,637,471
  s1_k           = 9      -> Rs +1,489,727 (  -9.0%)
  s1_k           = 14     -> Rs +1,563,947 (  -4.5%)
  s4_k           = 60     -> Rs +1,544,219 (  -5.7%)
  atr_period     = 14     -> Rs +1,638,888 (  +0.1%)
  atr_sl_mult    = 2.5    -> Rs +1,601,318 (  -2.2%)
  atr_tp_mult    = 5.0    -> Rs +1,555,089 (  -5.0%)
  f6_s4_thresh   = 75.0   -> Rs +1,627,451 (  -0.6%)
  f6_s4_thresh   = 85.0   -> Rs +1,432,878 ( -12.5%)
  f6_s1_thresh   = 20.5   -> Rs +1,554,655 (  -5.1%)
  consec_loss    = 6      -> Rs +1,634,695 (  -0.2%)
  WORST perturbation: -12.5% -> FRAGILE (must stay above -10%)

========================================================================================================================
SUMMARY: 15/15 candidates passed ALL Phase-2 gates (all-years profitable, WR>=42%, PF>1.4, trades>=4000)
  # 1 PASS | Rs  1,659,198 | WR  50.9% | PF  1.83 | trades  6,398
  # 2 PASS | Rs  1,638,888 | WR  51.0% | PF  1.82 | trades  6,399
  # 3 PASS | Rs  1,637,471 | WR  51.0% | PF  1.81 | trades  6,398
  # 4 PASS | Rs  1,612,001 | WR  50.9% | PF  1.78 | trades  6,570
  # 5 PASS | Rs  1,605,991 | WR  51.0% | PF  1.82 | trades  6,142
  # 6 PASS | Rs  1,587,724 | WR  50.6% | PF  1.75 | trades  6,573
  # 7 PASS | Rs  1,571,149 | WR  51.2% | PF  1.72 | trades  6,754
  # 8 PASS | Rs  1,570,247 | WR  51.1% | PF  1.72 | trades  6,768
  # 9 PASS | Rs  1,541,099 | WR  51.0% | PF  1.70 | trades  6,766
  #10 PASS | Rs  1,539,994 | WR  51.5% | PF  1.80 | trades  5,885
  #11 PASS | Rs  1,539,847 | WR  51.0% | PF  1.70 | trades  6,782
  #12 PASS | Rs  1,539,184 | WR  51.5% | PF  1.79 | trades  5,902
  #13 PASS | Rs  1,536,319 | WR  51.2% | PF  1.72 | trades  6,504
  #14 PASS | Rs  1,516,660 | WR  51.2% | PF  1.78 | trades  5,906
  #15 PASS | Rs  1,496,531 | WR  51.1% | PF  1.77 | trades  6,001
