Phase 1 window: 2020-01-01..2022-12-31 = 748 days (2020 subset: 252)
Search space: 8 axes, 15,552 total combinations
Trials: 200 | sampler: TPE multivariate | pruner: MedianPruner | workers: 10
Trial   0 | score=      437644 | rs=    +652,144 | wr= 43.8% | pf= 1.53 | trades= 4,014 |    84s

----------------------------------------------------------------------------------------------------
LIVE LEADERBOARD (top 5 by composite score)
  # |        SCORE |           RS |    WR% |    PF |     TR | params
  1 |       437644 |      652,144 |   43.8 |  1.53 |  4,014 | s1=9 s4=50 atr=10 sl=2.0 tp=6.0 f6s4=85.0 f6s1=25.0 cl=6
----------------------------------------------------------------------------------------------------
Trial   1 | score=      538555 | rs=    +782,851 | wr= 45.7% | pf= 1.51 | trades= 5,319 |    86s

----------------------------------------------------------------------------------------------------
LIVE LEADERBOARD (top 5 by composite score)
  # |        SCORE |           RS |    WR% |    PF |     TR | params
  1 |       538555 |      782,851 |   45.7 |  1.51 |  5,319 | s1=14 s4=75 atr=10 sl=2.0 tp=5.0 f6s4=75.0 f6s1=25.0 cl=6
  2 |       437644 |      652,144 |   43.8 |  1.53 |  4,014 | s1=9 s4=50 atr=10 sl=2.0 tp=6.0 f6s4=85.0 f6s1=25.0 cl=6
----------------------------------------------------------------------------------------------------
Trial   2 | score=      492560 | rs=    +643,787 | wr= 52.5% | pf= 1.46 | trades= 4,429 |    86s

----------------------------------------------------------------------------------------------------
LIVE LEADERBOARD (top 5 by composite score)
  # |        SCORE |           RS |    WR% |    PF |     TR | params
  1 |       538555 |      782,851 |   45.7 |  1.51 |  5,319 | s1=14 s4=75 atr=10 sl=2.0 tp=5.0 f6s4=75.0 f6s1=25.0 cl=6
  2 |       492560 |      643,787 |   52.5 |  1.46 |  4,429 | s1=9 s4=75 atr=14 sl=3.0 tp=4.0 f6s4=79.5 f6s1=20.5 cl=8
  3 |       437644 |      652,144 |   43.8 |  1.53 |  4,014 | s1=9 s4=50 atr=10 sl=2.0 tp=6.0 f6s4=85.0 f6s1=25.0 cl=6
----------------------------------------------------------------------------------------------------
Trial   3 | score=      516718 | rs=    +658,130 | wr= 51.5% | pf= 1.52 | trades= 3,956 |    81s

----------------------------------------------------------------------------------------------------
LIVE LEADERBOARD (top 5 by composite score)
  # |        SCORE |           RS |    WR% |    PF |     TR | params
  1 |       538555 |      782,851 |   45.7 |  1.51 |  5,319 | s1=14 s4=75 atr=10 sl=2.0 tp=5.0 f6s4=75.0 f6s1=25.0 cl=6
  2 |       516718 |      658,130 |   51.5 |  1.52 |  3,956 | s1=7 s4=60 atr=10 sl=3.0 tp=4.0 f6s4=85.0 f6s1=25.0 cl=8
  3 |       492560 |      643,787 |   52.5 |  1.46 |  4,429 | s1=9 s4=75 atr=14 sl=3.0 tp=4.0 f6s4=79.5 f6s1=20.5 cl=8
  4 |       437644 |      652,144 |   43.8 |  1.53 |  4,014 | s1=9 s4=50 atr=10 sl=2.0 tp=6.0 f6s4=85.0 f6s1=25.0 cl=6
----------------------------------------------------------------------------------------------------
Trial   4 | score=      668982 | rs=    +809,014 | wr= 48.9% | pf= 1.69 | trades= 3,747 |    82s

----------------------------------------------------------------------------------------------------
LIVE LEADERBOARD (top 5 by composite score)
  # |        SCORE |           RS |    WR% |    PF |     TR | params
  1 |       668982 |      809,014 |   48.9 |  1.69 |  3,747 | s1=12 s4=50 atr=10 sl=3.0 tp=6.0 f6s4=79.5 f6s1=15.0 cl=8
  2 |       538555 |      782,851 |   45.7 |  1.51 |  5,319 | s1=14 s4=75 atr=10 sl=2.0 tp=5.0 f6s4=75.0 f6s1=25.0 cl=6
  3 |       516718 |      658,130 |   51.5 |  1.52 |  3,956 | s1=7 s4=60 atr=10 sl=3.0 tp=4.0 f6s4=85.0 f6s1=25.0 cl=8
  4 |       492560 |      643,787 |   52.5 |  1.46 |  4,429 | s1=9 s4=75 atr=14 sl=3.0 tp=4.0 f6s4=79.5 f6s1=20.5 cl=8
  5 |       437644 |      652,144 |   43.8 |  1.53 |  4,014 | s1=9 s4=50 atr=10 sl=2.0 tp=6.0 f6s4=85.0 f6s1=25.0 cl=6
----------------------------------------------------------------------------------------------------
Trial   5 | score=      387221 | rs=    +583,870 | wr= 46.4% | pf= 1.43 | trades= 4,801 |    82s

----------------------------------------------------------------------------------------------------
LIVE LEADERBOARD (top 5 by composite score)
  # |        SCORE |           RS |    WR% |    PF |     TR | params
  1 |       668982 |      809,014 |   48.9 |  1.69 |  3,747 | s1=12 s4=50 atr=10 sl=3.0 tp=6.0 f6s4=79.5 f6s1=15.0 cl=8
  2 |       538555 |      782,851 |   45.7 |  1.51 |  5,319 | s1=14 s4=75 atr=10 sl=2.0 tp=5.0 f6s4=75.0 f6s1=25.0 cl=6
  3 |       516718 |      658,130 |   51.5 |  1.52 |  3,956 | s1=7 s4=60 atr=10 sl=3.0 tp=4.0 f6s4=85.0 f6s1=25.0 cl=8
  4 |       492560 |      643,787 |   52.5 |  1.46 |  4,429 | s1=9 s4=75 atr=14 sl=3.0 tp=4.0 f6s4=79.5 f6s1=20.5 cl=8
  5 |       437644 |      652,144 |   43.8 |  1.53 |  4,014 | s1=9 s4=50 atr=10 sl=2.0 tp=6.0 f6s4=85.0 f6s1=25.0 cl=6
----------------------------------------------------------------------------------------------------
Trial   6 | score=      388425 | rs=    +568,472 | wr= 46.7% | pf= 1.46 | trades= 3,967 |    86s

----------------------------------------------------------------------------------------------------
LIVE LEADERBOARD (top 5 by composite score)
  # |        SCORE |           RS |    WR% |    PF |     TR | params
  1 |       668982 |      809,014 |   48.9 |  1.69 |  3,747 | s1=12 s4=50 atr=10 sl=3.0 tp=6.0 f6s4=79.5 f6s1=15.0 cl=8
  2 |       538555 |      782,851 |   45.7 |  1.51 |  5,319 | s1=14 s4=75 atr=10 sl=2.0 tp=5.0 f6s4=75.0 f6s1=25.0 cl=6
  3 |       516718 |      658,130 |   51.5 |  1.52 |  3,956 | s1=7 s4=60 atr=10 sl=3.0 tp=4.0 f6s4=85.0 f6s1=25.0 cl=8
  4 |       492560 |      643,787 |   52.5 |  1.46 |  4,429 | s1=9 s4=75 atr=14 sl=3.0 tp=4.0 f6s4=79.5 f6s1=20.5 cl=8
  5 |       437644 |      652,144 |   43.8 |  1.53 |  4,014 | s1=9 s4=50 atr=10 sl=2.0 tp=6.0 f6s4=85.0 f6s1=25.0 cl=6
----------------------------------------------------------------------------------------------------
Trial   7 | score=      222469 | rs=    +397,905 | wr= 44.9% | pf= 1.25 | trades= 6,434 |    85s

----------------------------------------------------------------------------------------------------
LIVE LEADERBOARD (top 5 by composite score)
  # |        SCORE |           RS |    WR% |    PF |     TR | params
  1 |       668982 |      809,014 |   48.9 |  1.69 |  3,747 | s1=12 s4=50 atr=10 sl=3.0 tp=6.0 f6s4=79.5 f6s1=15.0 cl=8
  2 |       538555 |      782,851 |   45.7 |  1.51 |  5,319 | s1=14 s4=75 atr=10 sl=2.0 tp=5.0 f6s4=75.0 f6s1=25.0 cl=6
  3 |       516718 |      658,130 |   51.5 |  1.52 |  3,956 | s1=7 s4=60 atr=10 sl=3.0 tp=4.0 f6s4=85.0 f6s1=25.0 cl=8
  4 |       492560 |      643,787 |   52.5 |  1.46 |  4,429 | s1=9 s4=75 atr=14 sl=3.0 tp=4.0 f6s4=79.5 f6s1=20.5 cl=8
  5 |       437644 |      652,144 |   43.8 |  1.53 |  4,014 | s1=9 s4=50 atr=10 sl=2.0 tp=6.0 f6s4=85.0 f6s1=25.0 cl=6
----------------------------------------------------------------------------------------------------
Trial   8 | score=      179417 | rs=    +333,910 | wr= 43.9% | pf= 1.22 | trades= 5,934 |    86s

----------------------------------------------------------------------------------------------------
LIVE LEADERBOARD (top 5 by composite score)
  # |        SCORE |           RS |    WR% |    PF |     TR | params
  1 |       668982 |      809,014 |   48.9 |  1.69 |  3,747 | s1=12 s4=50 atr=10 sl=3.0 tp=6.0 f6s4=79.5 f6s1=15.0 cl=8
  2 |       538555 |      782,851 |   45.7 |  1.51 |  5,319 | s1=14 s4=75 atr=10 sl=2.0 tp=5.0 f6s4=75.0 f6s1=25.0 cl=6
  3 |       516718 |      658,130 |   51.5 |  1.52 |  3,956 | s1=7 s4=60 atr=10 sl=3.0 tp=4.0 f6s4=85.0 f6s1=25.0 cl=8
  4 |       492560 |      643,787 |   52.5 |  1.46 |  4,429 | s1=9 s4=75 atr=14 sl=3.0 tp=4.0 f6s4=79.5 f6s1=20.5 cl=8
  5 |       437644 |      652,144 |   43.8 |  1.53 |  4,014 | s1=9 s4=50 atr=10 sl=2.0 tp=6.0 f6s4=85.0 f6s1=25.0 cl=6
----------------------------------------------------------------------------------------------------
Trial   9 | score=      400988 | rs=    +538,755 | wr= 53.2% | pf= 1.40 | trades= 4,612 |    83s

----------------------------------------------------------------------------------------------------
LIVE LEADERBOARD (top 5 by composite score)
  # |        SCORE |           RS |    WR% |    PF |     TR | params
  1 |       668982 |      809,014 |   48.9 |  1.69 |  3,747 | s1=12 s4=50 atr=10 sl=3.0 tp=6.0 f6s4=79.5 f6s1=15.0 cl=8
  2 |       538555 |      782,851 |   45.7 |  1.51 |  5,319 | s1=14 s4=75 atr=10 sl=2.0 tp=5.0 f6s4=75.0 f6s1=25.0 cl=6
  3 |       516718 |      658,130 |   51.5 |  1.52 |  3,956 | s1=7 s4=60 atr=10 sl=3.0 tp=4.0 f6s4=85.0 f6s1=25.0 cl=8
  4 |       492560 |      643,787 |   52.5 |  1.46 |  4,429 | s1=9 s4=75 atr=14 sl=3.0 tp=4.0 f6s4=79.5 f6s1=20.5 cl=8
  5 |       437644 |      652,144 |   43.8 |  1.53 |  4,014 | s1=9 s4=50 atr=10 sl=2.0 tp=6.0 f6s4=85.0 f6s1=25.0 cl=6
----------------------------------------------------------------------------------------------------
Trial  10 | score=      373520 | rs=    +621,311 | wr= 41.1% | pf= 1.46 | trades= 4,888 |    84s

----------------------------------------------------------------------------------------------------
LIVE LEADERBOARD (top 5 by composite score)
  # |        SCORE |           RS |    WR% |    PF |     TR | params
  1 |       668982 |      809,014 |   48.9 |  1.69 |  3,747 | s1=12 s4=50 atr=10 sl=3.0 tp=6.0 f6s4=79.5 f6s1=15.0 cl=8
  2 |       538555 |      782,851 |   45.7 |  1.51 |  5,319 | s1=14 s4=75 atr=10 sl=2.0 tp=5.0 f6s4=75.0 f6s1=25.0 cl=6
  3 |       516718 |      658,130 |   51.5 |  1.52 |  3,956 | s1=7 s4=60 atr=10 sl=3.0 tp=4.0 f6s4=85.0 f6s1=25.0 cl=8
  4 |       492560 |      643,787 |   52.5 |  1.46 |  4,429 | s1=9 s4=75 atr=14 sl=3.0 tp=4.0 f6s4=79.5 f6s1=20.5 cl=8
  5 |       437644 |      652,144 |   43.8 |  1.53 |  4,014 | s1=9 s4=50 atr=10 sl=2.0 tp=6.0 f6s4=85.0 f6s1=25.0 cl=6
----------------------------------------------------------------------------------------------------
Trial  11 | score=      787088 | rs=    +916,371 | wr= 49.9% | pf= 1.72 | trades= 4,022 |    81s

----------------------------------------------------------------------------------------------------
LIVE LEADERBOARD (top 5 by composite score)
  # |        SCORE |           RS |    WR% |    PF |     TR | params
  1 |       787088 |      916,371 |   49.9 |  1.72 |  4,022 | s1=12 s4=50 atr=10 sl=3.0 tp=6.0 f6s4=79.5 f6s1=25.0 cl=8
  2 |       668982 |      809,014 |   48.9 |  1.69 |  3,747 | s1=12 s4=50 atr=10 sl=3.0 tp=6.0 f6s4=79.5 f6s1=15.0 cl=8
  3 |       538555 |      782,851 |   45.7 |  1.51 |  5,319 | s1=14 s4=75 atr=10 sl=2.0 tp=5.0 f6s4=75.0 f6s1=25.0 cl=6
  4 |       516718 |      658,130 |   51.5 |  1.52 |  3,956 | s1=7 s4=60 atr=10 sl=3.0 tp=4.0 f6s4=85.0 f6s1=25.0 cl=8
  5 |       492560 |      643,787 |   52.5 |  1.46 |  4,429 | s1=9 s4=75 atr=14 sl=3.0 tp=4.0 f6s4=79.5 f6s1=20.5 cl=8
----------------------------------------------------------------------------------------------------
Trial  12 | score=      775619 | rs=    +905,470 | wr= 50.2% | pf= 1.71 | trades= 4,035 |    81s

----------------------------------------------------------------------------------------------------
LIVE LEADERBOARD (top 5 by composite score)
  # |        SCORE |           RS |    WR% |    PF |     TR | params
  1 |       787088 |      916,371 |   49.9 |  1.72 |  4,022 | s1=12 s4=50 atr=10 sl=3.0 tp=6.0 f6s4=79.5 f6s1=25.0 cl=8
  2 |       775619 |      905,470 |   50.2 |  1.71 |  4,035 | s1=12 s4=50 atr=20 sl=3.0 tp=6.0 f6s4=79.5 f6s1=25.0 cl=8
  3 |       668982 |      809,014 |   48.9 |  1.69 |  3,747 | s1=12 s4=50 atr=10 sl=3.0 tp=6.0 f6s4=79.5 f6s1=15.0 cl=8
  4 |       538555 |      782,851 |   45.7 |  1.51 |  5,319 | s1=14 s4=75 atr=10 sl=2.0 tp=5.0 f6s4=75.0 f6s1=25.0 cl=6
  5 |       516718 |      658,130 |   51.5 |  1.52 |  3,956 | s1=7 s4=60 atr=10 sl=3.0 tp=4.0 f6s4=85.0 f6s1=25.0 cl=8
----------------------------------------------------------------------------------------------------
Trial  13 | score=      701803 | rs=    +859,325 | wr= 49.4% | pf= 1.65 | trades= 4,004 |    83s

----------------------------------------------------------------------------------------------------
LIVE LEADERBOARD (top 5 by composite score)
  # |        SCORE |           RS |    WR% |    PF |     TR | params
  1 |       787088 |      916,371 |   49.9 |  1.72 |  4,022 | s1=12 s4=50 atr=10 sl=3.0 tp=6.0 f6s4=79.5 f6s1=25.0 cl=8
  2 |       775619 |      905,470 |   50.2 |  1.71 |  4,035 | s1=12 s4=50 atr=20 sl=3.0 tp=6.0 f6s4=79.5 f6s1=25.0 cl=8
  3 |       701803 |      859,325 |   49.4 |  1.65 |  4,004 | s1=12 s4=60 atr=20 sl=3.0 tp=6.0 f6s4=79.5 f6s1=25.0 cl=8
  4 |       668982 |      809,014 |   48.9 |  1.69 |  3,747 | s1=12 s4=50 atr=10 sl=3.0 tp=6.0 f6s4=79.5 f6s1=15.0 cl=8
  5 |       538555 |      782,851 |   45.7 |  1.51 |  5,319 | s1=14 s4=75 atr=10 sl=2.0 tp=5.0 f6s4=75.0 f6s1=25.0 cl=6
----------------------------------------------------------------------------------------------------
Trial  14 | PRUNED (year1 rs=  +196,091) |    26s
Trial  15 | score=      586130 | rs=    +737,429 | wr= 48.5% | pf= 1.64 | trades= 3,596 |    83s

----------------------------------------------------------------------------------------------------
LIVE LEADERBOARD (top 5 by composite score)
  # |        SCORE |           RS |    WR% |    PF |     TR | params
  1 |       787088 |      916,371 |   49.9 |  1.72 |  4,022 | s1=12 s4=50 atr=10 sl=3.0 tp=6.0 f6s4=79.5 f6s1=25.0 cl=8
  2 |       775619 |      905,470 |   50.2 |  1.71 |  4,035 | s1=12 s4=50 atr=20 sl=3.0 tp=6.0 f6s4=79.5 f6s1=25.0 cl=8
  3 |       701803 |      859,325 |   49.4 |  1.65 |  4,004 | s1=12 s4=60 atr=20 sl=3.0 tp=6.0 f6s4=79.5 f6s1=25.0 cl=8
  4 |       668982 |      809,014 |   48.9 |  1.69 |  3,747 | s1=12 s4=50 atr=10 sl=3.0 tp=6.0 f6s4=79.5 f6s1=15.0 cl=8
  5 |       586130 |      737,429 |   48.5 |  1.64 |  3,596 | s1=12 s4=50 atr=20 sl=3.0 tp=6.0 f6s4=85.0 f6s1=20.5 cl=8
----------------------------------------------------------------------------------------------------
Trial  16 | score=      543675 | rs=    +791,586 | wr= 45.0% | pf= 1.52 | trades= 5,104 |    82s

----------------------------------------------------------------------------------------------------
LIVE LEADERBOARD (top 5 by composite score)
  # |        SCORE |           RS |    WR% |    PF |     TR | params
  1 |       787088 |      916,371 |   49.9 |  1.72 |  4,022 | s1=12 s4=50 atr=10 sl=3.0 tp=6.0 f6s4=79.5 f6s1=25.0 cl=8
  2 |       775619 |      905,470 |   50.2 |  1.71 |  4,035 | s1=12 s4=50 atr=20 sl=3.0 tp=6.0 f6s4=79.5 f6s1=25.0 cl=8
  3 |       701803 |      859,325 |   49.4 |  1.65 |  4,004 | s1=12 s4=60 atr=20 sl=3.0 tp=6.0 f6s4=79.5 f6s1=25.0 cl=8
  4 |       668982 |      809,014 |   48.9 |  1.69 |  3,747 | s1=12 s4=50 atr=10 sl=3.0 tp=6.0 f6s4=79.5 f6s1=15.0 cl=8
  5 |       586130 |      737,429 |   48.5 |  1.64 |  3,596 | s1=12 s4=50 atr=20 sl=3.0 tp=6.0 f6s4=85.0 f6s1=20.5 cl=8
----------------------------------------------------------------------------------------------------
Trial  17 | PRUNED (year1 rs=  +206,167) |    28s
Trial  18 | score=      646943 | rs=    +824,713 | wr= 48.1% | pf= 1.63 | trades= 4,256 |    87s

----------------------------------------------------------------------------------------------------
LIVE LEADERBOARD (top 5 by composite score)
  # |        SCORE |           RS |    WR% |    PF |     TR | params
  1 |       787088 |      916,371 |   49.9 |  1.72 |  4,022 | s1=12 s4=50 atr=10 sl=3.0 tp=6.0 f6s4=79.5 f6s1=25.0 cl=8
  2 |       775619 |      905,470 |   50.2 |  1.71 |  4,035 | s1=12 s4=50 atr=20 sl=3.0 tp=6.0 f6s4=79.5 f6s1=25.0 cl=8
  3 |       701803 |      859,325 |   49.4 |  1.65 |  4,004 | s1=12 s4=60 atr=20 sl=3.0 tp=6.0 f6s4=79.5 f6s1=25.0 cl=8
  4 |       668982 |      809,014 |   48.9 |  1.69 |  3,747 | s1=12 s4=50 atr=10 sl=3.0 tp=6.0 f6s4=79.5 f6s1=15.0 cl=8
  5 |       646943 |      824,713 |   48.1 |  1.63 |  4,256 | s1=12 s4=75 atr=10 sl=2.5 tp=6.0 f6s4=79.5 f6s1=25.0 cl=6
----------------------------------------------------------------------------------------------------
Trial  19 | PRUNED (year1 rs=  +111,714) |    27s
Trial  20 | score=      745034 | rs=    +874,049 | wr= 50.1% | pf= 1.70 | trades= 3,752 |    82s

----------------------------------------------------------------------------------------------------
LIVE LEADERBOARD (top 5 by composite score)
  # |        SCORE |           RS |    WR% |    PF |     TR | params
  1 |       787088 |      916,371 |   49.9 |  1.72 |  4,022 | s1=12 s4=50 atr=10 sl=3.0 tp=6.0 f6s4=79.5 f6s1=25.0 cl=8
  2 |       775619 |      905,470 |   50.2 |  1.71 |  4,035 | s1=12 s4=50 atr=20 sl=3.0 tp=6.0 f6s4=79.5 f6s1=25.0 cl=8
  3 |       745034 |      874,049 |   50.1 |  1.70 |  3,752 | s1=9 s4=50 atr=20 sl=3.0 tp=6.0 f6s4=79.5 f6s1=20.5 cl=6
  4 |       701803 |      859,325 |   49.4 |  1.65 |  4,004 | s1=12 s4=60 atr=20 sl=3.0 tp=6.0 f6s4=79.5 f6s1=25.0 cl=8
  5 |       668982 |      809,014 |   48.9 |  1.69 |  3,747 | s1=12 s4=50 atr=10 sl=3.0 tp=6.0 f6s4=79.5 f6s1=15.0 cl=8
----------------------------------------------------------------------------------------------------
Trial  21 | score=      745034 | rs=    +874,049 | wr= 50.1% | pf= 1.70 | trades= 3,752 |    82s

----------------------------------------------------------------------------------------------------
LIVE LEADERBOARD (top 5 by composite score)
  # |        SCORE |           RS |    WR% |    PF |     TR | params
  1 |       787088 |      916,371 |   49.9 |  1.72 |  4,022 | s1=12 s4=50 atr=10 sl=3.0 tp=6.0 f6s4=79.5 f6s1=25.0 cl=8
  2 |       775619 |      905,470 |   50.2 |  1.71 |  4,035 | s1=12 s4=50 atr=20 sl=3.0 tp=6.0 f6s4=79.5 f6s1=25.0 cl=8
  3 |       745034 |      874,049 |   50.1 |  1.70 |  3,752 | s1=9 s4=50 atr=20 sl=3.0 tp=6.0 f6s4=79.5 f6s1=20.5 cl=6
  4 |       745034 |      874,049 |   50.1 |  1.70 |  3,752 | s1=9 s4=50 atr=20 sl=3.0 tp=6.0 f6s4=79.5 f6s1=20.5 cl=6
  5 |       701803 |      859,325 |   49.4 |  1.65 |  4,004 | s1=12 s4=60 atr=20 sl=3.0 tp=6.0 f6s4=79.5 f6s1=25.0 cl=8
----------------------------------------------------------------------------------------------------
Trial  22 | PRUNED (year1 rs=  +208,350) |    27s
Trial  23 | PRUNED (year1 rs=  +184,976) |    27s
Trial  24 | score=      733574 | rs=    +867,870 | wr= 50.0% | pf= 1.69 | trades= 3,866 |    82s

----------------------------------------------------------------------------------------------------
LIVE LEADERBOARD (top 5 by composite score)
  # |        SCORE |           RS |    WR% |    PF |     TR | params
  1 |       787088 |      916,371 |   49.9 |  1.72 |  4,022 | s1=12 s4=50 atr=10 sl=3.0 tp=6.0 f6s4=79.5 f6s1=25.0 cl=8
  2 |       775619 |      905,470 |   50.2 |  1.71 |  4,035 | s1=12 s4=50 atr=20 sl=3.0 tp=6.0 f6s4=79.5 f6s1=25.0 cl=8
  3 |       745034 |      874,049 |   50.1 |  1.70 |  3,752 | s1=9 s4=50 atr=20 sl=3.0 tp=6.0 f6s4=79.5 f6s1=20.5 cl=6
  4 |       745034 |      874,049 |   50.1 |  1.70 |  3,752 | s1=9 s4=50 atr=20 sl=3.0 tp=6.0 f6s4=79.5 f6s1=20.5 cl=6
  5 |       733574 |      867,870 |   50.0 |  1.69 |  3,866 | s1=12 s4=50 atr=20 sl=3.0 tp=6.0 f6s4=79.5 f6s1=25.0 cl=4
----------------------------------------------------------------------------------------------------
Trial  25 | score=      685185 | rs=    +817,882 | wr= 50.2% | pf= 1.67 | trades= 3,807 |    83s

----------------------------------------------------------------------------------------------------
LIVE LEADERBOARD (top 5 by composite score)
  # |        SCORE |           RS |    WR% |    PF |     TR | params
  1 |       787088 |      916,371 |   49.9 |  1.72 |  4,022 | s1=12 s4=50 atr=10 sl=3.0 tp=6.0 f6s4=79.5 f6s1=25.0 cl=8
  2 |       775619 |      905,470 |   50.2 |  1.71 |  4,035 | s1=12 s4=50 atr=20 sl=3.0 tp=6.0 f6s4=79.5 f6s1=25.0 cl=8
  3 |       745034 |      874,049 |   50.1 |  1.70 |  3,752 | s1=9 s4=50 atr=20 sl=3.0 tp=6.0 f6s4=79.5 f6s1=20.5 cl=6
  4 |       745034 |      874,049 |   50.1 |  1.70 |  3,752 | s1=9 s4=50 atr=20 sl=3.0 tp=6.0 f6s4=79.5 f6s1=20.5 cl=6
  5 |       733574 |      867,870 |   50.0 |  1.69 |  3,866 | s1=12 s4=50 atr=20 sl=3.0 tp=6.0 f6s4=79.5 f6s1=25.0 cl=4
----------------------------------------------------------------------------------------------------
Trial  26 | PRUNED (year1 rs=  +213,967) |    26s
Trial  27 | PRUNED (year1 rs=  +149,061) |    25s
Trial  28 | score=      749361 | rs=    +893,953 | wr= 49.9% | pf= 1.68 | trades= 4,153 |    78s

----------------------------------------------------------------------------------------------------
LIVE LEADERBOARD (top 5 by composite score)
  # |        SCORE |           RS |    WR% |    PF |     TR | params
  1 |       787088 |      916,371 |   49.9 |  1.72 |  4,022 | s1=12 s4=50 atr=10 sl=3.0 tp=6.0 f6s4=79.5 f6s1=25.0 cl=8
  2 |       775619 |      905,470 |   50.2 |  1.71 |  4,035 | s1=12 s4=50 atr=20 sl=3.0 tp=6.0 f6s4=79.5 f6s1=25.0 cl=8
  3 |       749361 |      893,953 |   49.9 |  1.68 |  4,153 | s1=12 s4=50 atr=10 sl=3.0 tp=6.0 f6s4=75.0 f6s1=20.5 cl=6
  4 |       745034 |      874,049 |   50.1 |  1.70 |  3,752 | s1=9 s4=50 atr=20 sl=3.0 tp=6.0 f6s4=79.5 f6s1=20.5 cl=6
  5 |       745034 |      874,049 |   50.1 |  1.70 |  3,752 | s1=9 s4=50 atr=20 sl=3.0 tp=6.0 f6s4=79.5 f6s1=20.5 cl=6
----------------------------------------------------------------------------------------------------
Trial  29 | PRUNED (year1 rs=  +253,174) |    25s
Trial  30 | PRUNED (year1 rs=  +183,983) |    26s
Trial  31 | PRUNED (year1 rs=  +235,077) |    25s
Trial  32 | PRUNED (year1 rs=  +259,471) |    26s
Trial  33 | PRUNED (year1 rs=  +259,039) |    25s
Trial  34 | score=      763700 | rs=    +911,649 | wr= 49.8% | pf= 1.68 | trades= 4,129 |    78s

----------------------------------------------------------------------------------------------------
LIVE LEADERBOARD (top 5 by composite score)
  # |        SCORE |           RS |    WR% |    PF |     TR | params
  1 |       787088 |      916,371 |   49.9 |  1.72 |  4,022 | s1=12 s4=50 atr=10 sl=3.0 tp=6.0 f6s4=79.5 f6s1=25.0 cl=8
  2 |       775619 |      905,470 |   50.2 |  1.71 |  4,035 | s1=12 s4=50 atr=20 sl=3.0 tp=6.0 f6s4=79.5 f6s1=25.0 cl=8
  3 |       763700 |      911,649 |   49.8 |  1.68 |  4,129 | s1=12 s4=60 atr=20 sl=3.0 tp=6.0 f6s4=75.0 f6s1=20.5 cl=6
  4 |       749361 |      893,953 |   49.9 |  1.68 |  4,153 | s1=12 s4=50 atr=10 sl=3.0 tp=6.0 f6s4=75.0 f6s1=20.5 cl=6
  5 |       745034 |      874,049 |   50.1 |  1.70 |  3,752 | s1=9 s4=50 atr=20 sl=3.0 tp=6.0 f6s4=79.5 f6s1=20.5 cl=6
----------------------------------------------------------------------------------------------------
Trial  35 | score=      805604 | rs=    +948,792 | wr= 50.3% | pf= 1.69 | trades= 4,286 |    74s

----------------------------------------------------------------------------------------------------
LIVE LEADERBOARD (top 5 by composite score)
  # |        SCORE |           RS |    WR% |    PF |     TR | params
  1 |       805604 |      948,792 |   50.3 |  1.69 |  4,286 | s1=7 s4=50 atr=14 sl=3.0 tp=6.0 f6s4=75.0 f6s1=20.5 cl=6
  2 |       787088 |      916,371 |   49.9 |  1.72 |  4,022 | s1=12 s4=50 atr=10 sl=3.0 tp=6.0 f6s4=79.5 f6s1=25.0 cl=8
  3 |       775619 |      905,470 |   50.2 |  1.71 |  4,035 | s1=12 s4=50 atr=20 sl=3.0 tp=6.0 f6s4=79.5 f6s1=25.0 cl=8
  4 |       763700 |      911,649 |   49.8 |  1.68 |  4,129 | s1=12 s4=60 atr=20 sl=3.0 tp=6.0 f6s4=75.0 f6s1=20.5 cl=6
  5 |       749361 |      893,953 |   49.9 |  1.68 |  4,153 | s1=12 s4=50 atr=10 sl=3.0 tp=6.0 f6s4=75.0 f6s1=20.5 cl=6
----------------------------------------------------------------------------------------------------
Trial  36 | score=      725882 | rs=    +879,365 | wr= 49.8% | pf= 1.66 | trades= 4,178 |    81s

----------------------------------------------------------------------------------------------------
LIVE LEADERBOARD (top 5 by composite score)
  # |        SCORE |           RS |    WR% |    PF |     TR | params
  1 |       805604 |      948,792 |   50.3 |  1.69 |  4,286 | s1=7 s4=50 atr=14 sl=3.0 tp=6.0 f6s4=75.0 f6s1=20.5 cl=6
  2 |       787088 |      916,371 |   49.9 |  1.72 |  4,022 | s1=12 s4=50 atr=10 sl=3.0 tp=6.0 f6s4=79.5 f6s1=25.0 cl=8
  3 |       775619 |      905,470 |   50.2 |  1.71 |  4,035 | s1=12 s4=50 atr=20 sl=3.0 tp=6.0 f6s4=79.5 f6s1=25.0 cl=8
  4 |       763700 |      911,649 |   49.8 |  1.68 |  4,129 | s1=12 s4=60 atr=20 sl=3.0 tp=6.0 f6s4=75.0 f6s1=20.5 cl=6
  5 |       749361 |      893,953 |   49.9 |  1.68 |  4,153 | s1=12 s4=50 atr=10 sl=3.0 tp=6.0 f6s4=75.0 f6s1=20.5 cl=6
----------------------------------------------------------------------------------------------------
Trial  37 | score=      805604 | rs=    +948,792 | wr= 50.3% | pf= 1.69 | trades= 4,286 |    77s

----------------------------------------------------------------------------------------------------
LIVE LEADERBOARD (top 5 by composite score)
  # |        SCORE |           RS |    WR% |    PF |     TR | params
  1 |       805604 |      948,792 |   50.3 |  1.69 |  4,286 | s1=7 s4=50 atr=14 sl=3.0 tp=6.0 f6s4=75.0 f6s1=20.5 cl=6
  2 |       805604 |      948,792 |   50.3 |  1.69 |  4,286 | s1=7 s4=50 atr=14 sl=3.0 tp=6.0 f6s4=75.0 f6s1=20.5 cl=6
  3 |       787088 |      916,371 |   49.9 |  1.72 |  4,022 | s1=12 s4=50 atr=10 sl=3.0 tp=6.0 f6s4=79.5 f6s1=25.0 cl=8
  4 |       775619 |      905,470 |   50.2 |  1.71 |  4,035 | s1=12 s4=50 atr=20 sl=3.0 tp=6.0 f6s4=79.5 f6s1=25.0 cl=8
  5 |       763700 |      911,649 |   49.8 |  1.68 |  4,129 | s1=12 s4=60 atr=20 sl=3.0 tp=6.0 f6s4=75.0 f6s1=20.5 cl=6
----------------------------------------------------------------------------------------------------
Trial  38 | PRUNED (year1 rs=  +198,281) |    25s
Trial  39 | PRUNED (year1 rs=  +238,647) |    25s
Trial  40 | PRUNED (year1 rs=  +194,589) |    25s
Trial  41 | PRUNED (year1 rs=  +225,496) |    25s
Trial  42 | PRUNED (year1 rs=  +177,520) |    26s
Trial  43 | PRUNED (year1 rs=  +193,270) |    25s
Trial  44 | score=      768718 | rs=    +902,731 | wr= 50.0% | pf= 1.70 | trades= 4,032 |    78s

----------------------------------------------------------------------------------------------------
LIVE LEADERBOARD (top 5 by composite score)
  # |        SCORE |           RS |    WR% |    PF |     TR | params
  1 |       805604 |      948,792 |   50.3 |  1.69 |  4,286 | s1=7 s4=50 atr=14 sl=3.0 tp=6.0 f6s4=75.0 f6s1=20.5 cl=6
  2 |       805604 |      948,792 |   50.3 |  1.69 |  4,286 | s1=7 s4=50 atr=14 sl=3.0 tp=6.0 f6s4=75.0 f6s1=20.5 cl=6
  3 |       787088 |      916,371 |   49.9 |  1.72 |  4,022 | s1=12 s4=50 atr=10 sl=3.0 tp=6.0 f6s4=79.5 f6s1=25.0 cl=8
  4 |       775619 |      905,470 |   50.2 |  1.71 |  4,035 | s1=12 s4=50 atr=20 sl=3.0 tp=6.0 f6s4=79.5 f6s1=25.0 cl=8
  5 |       768718 |      902,731 |   50.0 |  1.70 |  4,032 | s1=12 s4=50 atr=14 sl=3.0 tp=6.0 f6s4=79.5 f6s1=25.0 cl=8
----------------------------------------------------------------------------------------------------
Trial  45 | PRUNED (year1 rs=  +252,598) |    25s
Trial  46 | PRUNED (year1 rs=  +177,494) |    25s
Trial  47 | score=      794604 | rs=    +906,170 | wr= 50.4% | pf= 1.74 | trades= 3,652 |    76s

----------------------------------------------------------------------------------------------------
LIVE LEADERBOARD (top 5 by composite score)
  # |        SCORE |           RS |    WR% |    PF |     TR | params
  1 |       805604 |      948,792 |   50.3 |  1.69 |  4,286 | s1=7 s4=50 atr=14 sl=3.0 tp=6.0 f6s4=75.0 f6s1=20.5 cl=6
  2 |       805604 |      948,792 |   50.3 |  1.69 |  4,286 | s1=7 s4=50 atr=14 sl=3.0 tp=6.0 f6s4=75.0 f6s1=20.5 cl=6
  3 |       794604 |      906,170 |   50.4 |  1.74 |  3,652 | s1=7 s4=50 atr=14 sl=3.0 tp=6.0 f6s4=75.0 f6s1=15.0 cl=8
  4 |       787088 |      916,371 |   49.9 |  1.72 |  4,022 | s1=12 s4=50 atr=10 sl=3.0 tp=6.0 f6s4=79.5 f6s1=25.0 cl=8
  5 |       775619 |      905,470 |   50.2 |  1.71 |  4,035 | s1=12 s4=50 atr=20 sl=3.0 tp=6.0 f6s4=79.5 f6s1=25.0 cl=8
----------------------------------------------------------------------------------------------------
Trial  48 | score=      794604 | rs=    +906,170 | wr= 50.4% | pf= 1.74 | trades= 3,652 |    75s

----------------------------------------------------------------------------------------------------
LIVE LEADERBOARD (top 5 by composite score)
  # |        SCORE |           RS |    WR% |    PF |     TR | params
  1 |       805604 |      948,792 |   50.3 |  1.69 |  4,286 | s1=7 s4=50 atr=14 sl=3.0 tp=6.0 f6s4=75.0 f6s1=20.5 cl=6
  2 |       805604 |      948,792 |   50.3 |  1.69 |  4,286 | s1=7 s4=50 atr=14 sl=3.0 tp=6.0 f6s4=75.0 f6s1=20.5 cl=6
  3 |       794604 |      906,170 |   50.4 |  1.74 |  3,652 | s1=7 s4=50 atr=14 sl=3.0 tp=6.0 f6s4=75.0 f6s1=15.0 cl=8
  4 |       794604 |      906,170 |   50.4 |  1.74 |  3,652 | s1=7 s4=50 atr=14 sl=3.0 tp=6.0 f6s4=75.0 f6s1=15.0 cl=8
  5 |       787088 |      916,371 |   49.9 |  1.72 |  4,022 | s1=12 s4=50 atr=10 sl=3.0 tp=6.0 f6s4=79.5 f6s1=25.0 cl=8
----------------------------------------------------------------------------------------------------
Trial  49 | score=      727065 | rs=    +854,340 | wr= 50.7% | pf= 1.68 | trades= 3,661 |    79s

----------------------------------------------------------------------------------------------------
LIVE LEADERBOARD (top 5 by composite score)
  # |        SCORE |           RS |    WR% |    PF |     TR | params
  1 |       805604 |      948,792 |   50.3 |  1.69 |  4,286 | s1=7 s4=50 atr=14 sl=3.0 tp=6.0 f6s4=75.0 f6s1=20.5 cl=6
  2 |       805604 |      948,792 |   50.3 |  1.69 |  4,286 | s1=7 s4=50 atr=14 sl=3.0 tp=6.0 f6s4=75.0 f6s1=20.5 cl=6
  3 |       794604 |      906,170 |   50.4 |  1.74 |  3,652 | s1=7 s4=50 atr=14 sl=3.0 tp=6.0 f6s4=75.0 f6s1=15.0 cl=8
  4 |       794604 |      906,170 |   50.4 |  1.74 |  3,652 | s1=7 s4=50 atr=14 sl=3.0 tp=6.0 f6s4=75.0 f6s1=15.0 cl=8
  5 |       787088 |      916,371 |   49.9 |  1.72 |  4,022 | s1=12 s4=50 atr=10 sl=3.0 tp=6.0 f6s4=79.5 f6s1=25.0 cl=8
----------------------------------------------------------------------------------------------------
Trial  50 | PRUNED (year1 rs=  +218,549) |    25s
Trial  51 | PRUNED (year1 rs=  +246,526) |    26s
Trial  52 | score=      779304 | rs=    +898,921 | wr= 50.1% | pf= 1.73 | trades= 3,679 |    79s

----------------------------------------------------------------------------------------------------
LIVE LEADERBOARD (top 5 by composite score)
  # |        SCORE |           RS |    WR% |    PF |     TR | params
  1 |       805604 |      948,792 |   50.3 |  1.69 |  4,286 | s1=7 s4=50 atr=14 sl=3.0 tp=6.0 f6s4=75.0 f6s1=20.5 cl=6
  2 |       805604 |      948,792 |   50.3 |  1.69 |  4,286 | s1=7 s4=50 atr=14 sl=3.0 tp=6.0 f6s4=75.0 f6s1=20.5 cl=6
  3 |       794604 |      906,170 |   50.4 |  1.74 |  3,652 | s1=7 s4=50 atr=14 sl=3.0 tp=6.0 f6s4=75.0 f6s1=15.0 cl=8
  4 |       794604 |      906,170 |   50.4 |  1.74 |  3,652 | s1=7 s4=50 atr=14 sl=3.0 tp=6.0 f6s4=75.0 f6s1=15.0 cl=8
  5 |       787088 |      916,371 |   49.9 |  1.72 |  4,022 | s1=12 s4=50 atr=10 sl=3.0 tp=6.0 f6s4=79.5 f6s1=25.0 cl=8
----------------------------------------------------------------------------------------------------
Trial  53 | score=      779304 | rs=    +898,921 | wr= 50.1% | pf= 1.73 | trades= 3,679 |    75s

----------------------------------------------------------------------------------------------------
LIVE LEADERBOARD (top 5 by composite score)
  # |        SCORE |           RS |    WR% |    PF |     TR | params
  1 |       805604 |      948,792 |   50.3 |  1.69 |  4,286 | s1=7 s4=50 atr=14 sl=3.0 tp=6.0 f6s4=75.0 f6s1=20.5 cl=6
  2 |       805604 |      948,792 |   50.3 |  1.69 |  4,286 | s1=7 s4=50 atr=14 sl=3.0 tp=6.0 f6s4=75.0 f6s1=20.5 cl=6
  3 |       794604 |      906,170 |   50.4 |  1.74 |  3,652 | s1=7 s4=50 atr=14 sl=3.0 tp=6.0 f6s4=75.0 f6s1=15.0 cl=8
  4 |       794604 |      906,170 |   50.4 |  1.74 |  3,652 | s1=7 s4=50 atr=14 sl=3.0 tp=6.0 f6s4=75.0 f6s1=15.0 cl=8
  5 |       787088 |      916,371 |   49.9 |  1.72 |  4,022 | s1=12 s4=50 atr=10 sl=3.0 tp=6.0 f6s4=79.5 f6s1=25.0 cl=8
----------------------------------------------------------------------------------------------------
Trial  54 | PRUNED (year1 rs=  +239,649) |    26s
Trial  55 | score=      799220 | rs=    +945,515 | wr= 50.3% | pf= 1.68 | trades= 4,300 |    75s

----------------------------------------------------------------------------------------------------
LIVE LEADERBOARD (top 5 by composite score)
  # |        SCORE |           RS |    WR% |    PF |     TR | params
  1 |       805604 |      948,792 |   50.3 |  1.69 |  4,286 | s1=7 s4=50 atr=14 sl=3.0 tp=6.0 f6s4=75.0 f6s1=20.5 cl=6
  2 |       805604 |      948,792 |   50.3 |  1.69 |  4,286 | s1=7 s4=50 atr=14 sl=3.0 tp=6.0 f6s4=75.0 f6s1=20.5 cl=6
  3 |       799220 |      945,515 |   50.3 |  1.68 |  4,300 | s1=7 s4=50 atr=14 sl=3.0 tp=6.0 f6s4=75.0 f6s1=20.5 cl=8
  4 |       794604 |      906,170 |   50.4 |  1.74 |  3,652 | s1=7 s4=50 atr=14 sl=3.0 tp=6.0 f6s4=75.0 f6s1=15.0 cl=8
  5 |       794604 |      906,170 |   50.4 |  1.74 |  3,652 | s1=7 s4=50 atr=14 sl=3.0 tp=6.0 f6s4=75.0 f6s1=15.0 cl=8
----------------------------------------------------------------------------------------------------
Trial  56 | score=      799220 | rs=    +945,515 | wr= 50.3% | pf= 1.68 | trades= 4,300 |    76s

----------------------------------------------------------------------------------------------------
LIVE LEADERBOARD (top 5 by composite score)
  # |        SCORE |           RS |    WR% |    PF |     TR | params
  1 |       805604 |      948,792 |   50.3 |  1.69 |  4,286 | s1=7 s4=50 atr=14 sl=3.0 tp=6.0 f6s4=75.0 f6s1=20.5 cl=6
  2 |       805604 |      948,792 |   50.3 |  1.69 |  4,286 | s1=7 s4=50 atr=14 sl=3.0 tp=6.0 f6s4=75.0 f6s1=20.5 cl=6
  3 |       799220 |      945,515 |   50.3 |  1.68 |  4,300 | s1=7 s4=50 atr=14 sl=3.0 tp=6.0 f6s4=75.0 f6s1=20.5 cl=8
  4 |       799220 |      945,515 |   50.3 |  1.68 |  4,300 | s1=7 s4=50 atr=14 sl=3.0 tp=6.0 f6s4=75.0 f6s1=20.5 cl=8
  5 |       794604 |      906,170 |   50.4 |  1.74 |  3,652 | s1=7 s4=50 atr=14 sl=3.0 tp=6.0 f6s4=75.0 f6s1=15.0 cl=8
----------------------------------------------------------------------------------------------------
Trial  57 | PRUNED (year1 rs=  +236,672) |    26s
Trial  58 | PRUNED (year1 rs=  +220,071) |    26s
Trial  59 | score=      796968 | rs=    +907,313 | wr= 50.4% | pf= 1.74 | trades= 3,640 |    75s

----------------------------------------------------------------------------------------------------
LIVE LEADERBOARD (top 5 by composite score)
  # |        SCORE |           RS |    WR% |    PF |     TR | params
  1 |       805604 |      948,792 |   50.3 |  1.69 |  4,286 | s1=7 s4=50 atr=14 sl=3.0 tp=6.0 f6s4=75.0 f6s1=20.5 cl=6
  2 |       805604 |      948,792 |   50.3 |  1.69 |  4,286 | s1=7 s4=50 atr=14 sl=3.0 tp=6.0 f6s4=75.0 f6s1=20.5 cl=6
  3 |       799220 |      945,515 |   50.3 |  1.68 |  4,300 | s1=7 s4=50 atr=14 sl=3.0 tp=6.0 f6s4=75.0 f6s1=20.5 cl=8
  4 |       799220 |      945,515 |   50.3 |  1.68 |  4,300 | s1=7 s4=50 atr=14 sl=3.0 tp=6.0 f6s4=75.0 f6s1=20.5 cl=8
  5 |       796968 |      907,313 |   50.4 |  1.74 |  3,640 | s1=7 s4=50 atr=14 sl=3.0 tp=6.0 f6s4=75.0 f6s1=15.0 cl=6
----------------------------------------------------------------------------------------------------
Trial  60 | PRUNED (year1 rs=  +256,338) |    26s
Trial  61 | score=      805604 | rs=    +948,792 | wr= 50.3% | pf= 1.69 | trades= 4,286 |    78s

----------------------------------------------------------------------------------------------------
LIVE LEADERBOARD (top 5 by composite score)
  # |        SCORE |           RS |    WR% |    PF |     TR | params
  1 |       805604 |      948,792 |   50.3 |  1.69 |  4,286 | s1=7 s4=50 atr=14 sl=3.0 tp=6.0 f6s4=75.0 f6s1=20.5 cl=6
  2 |       805604 |      948,792 |   50.3 |  1.69 |  4,286 | s1=7 s4=50 atr=14 sl=3.0 tp=6.0 f6s4=75.0 f6s1=20.5 cl=6
  3 |       805604 |      948,792 |   50.3 |  1.69 |  4,286 | s1=7 s4=50 atr=14 sl=3.0 tp=6.0 f6s4=75.0 f6s1=20.5 cl=6
  4 |       799220 |      945,515 |   50.3 |  1.68 |  4,300 | s1=7 s4=50 atr=14 sl=3.0 tp=6.0 f6s4=75.0 f6s1=20.5 cl=8
  5 |       799220 |      945,515 |   50.3 |  1.68 |  4,300 | s1=7 s4=50 atr=14 sl=3.0 tp=6.0 f6s4=75.0 f6s1=20.5 cl=8
----------------------------------------------------------------------------------------------------
Trial  62 | score=      799220 | rs=    +945,515 | wr= 50.3% | pf= 1.68 | trades= 4,300 |    78s

----------------------------------------------------------------------------------------------------
LIVE LEADERBOARD (top 5 by composite score)
  # |        SCORE |           RS |    WR% |    PF |     TR | params
  1 |       805604 |      948,792 |   50.3 |  1.69 |  4,286 | s1=7 s4=50 atr=14 sl=3.0 tp=6.0 f6s4=75.0 f6s1=20.5 cl=6
  2 |       805604 |      948,792 |   50.3 |  1.69 |  4,286 | s1=7 s4=50 atr=14 sl=3.0 tp=6.0 f6s4=75.0 f6s1=20.5 cl=6
  3 |       805604 |      948,792 |   50.3 |  1.69 |  4,286 | s1=7 s4=50 atr=14 sl=3.0 tp=6.0 f6s4=75.0 f6s1=20.5 cl=6
  4 |       799220 |      945,515 |   50.3 |  1.68 |  4,300 | s1=7 s4=50 atr=14 sl=3.0 tp=6.0 f6s4=75.0 f6s1=20.5 cl=8
  5 |       799220 |      945,515 |   50.3 |  1.68 |  4,300 | s1=7 s4=50 atr=14 sl=3.0 tp=6.0 f6s4=75.0 f6s1=20.5 cl=8
----------------------------------------------------------------------------------------------------
Trial  63 | PRUNED (year1 rs=  +156,212) |    25s
Trial  64 | PRUNED (year1 rs=  +269,077) |    25s
Trial  65 | PRUNED (year1 rs=  +284,060) |    25s
Trial  66 | PRUNED (year1 rs=  +201,185) |    26s
Trial  67 | score=      824244 | rs=    +960,952 | wr= 50.4% | pf= 1.70 | trades= 4,262 |    75s

----------------------------------------------------------------------------------------------------
LIVE LEADERBOARD (top 5 by composite score)
  # |        SCORE |           RS |    WR% |    PF |     TR | params
  1 |       824244 |      960,952 |   50.4 |  1.70 |  4,262 | s1=7 s4=50 atr=10 sl=3.0 tp=6.0 f6s4=75.0 f6s1=20.5 cl=8
  2 |       805604 |      948,792 |   50.3 |  1.69 |  4,286 | s1=7 s4=50 atr=14 sl=3.0 tp=6.0 f6s4=75.0 f6s1=20.5 cl=6
  3 |       805604 |      948,792 |   50.3 |  1.69 |  4,286 | s1=7 s4=50 atr=14 sl=3.0 tp=6.0 f6s4=75.0 f6s1=20.5 cl=6
  4 |       805604 |      948,792 |   50.3 |  1.69 |  4,286 | s1=7 s4=50 atr=14 sl=3.0 tp=6.0 f6s4=75.0 f6s1=20.5 cl=6
  5 |       799220 |      945,515 |   50.3 |  1.68 |  4,300 | s1=7 s4=50 atr=14 sl=3.0 tp=6.0 f6s4=75.0 f6s1=20.5 cl=8
----------------------------------------------------------------------------------------------------
Trial  68 | score=      824244 | rs=    +960,952 | wr= 50.4% | pf= 1.70 | trades= 4,262 |    75s

----------------------------------------------------------------------------------------------------
LIVE LEADERBOARD (top 5 by composite score)
  # |        SCORE |           RS |    WR% |    PF |     TR | params
  1 |       824244 |      960,952 |   50.4 |  1.70 |  4,262 | s1=7 s4=50 atr=10 sl=3.0 tp=6.0 f6s4=75.0 f6s1=20.5 cl=8
  2 |       824244 |      960,952 |   50.4 |  1.70 |  4,262 | s1=7 s4=50 atr=10 sl=3.0 tp=6.0 f6s4=75.0 f6s1=20.5 cl=8
  3 |       805604 |      948,792 |   50.3 |  1.69 |  4,286 | s1=7 s4=50 atr=14 sl=3.0 tp=6.0 f6s4=75.0 f6s1=20.5 cl=6
  4 |       805604 |      948,792 |   50.3 |  1.69 |  4,286 | s1=7 s4=50 atr=14 sl=3.0 tp=6.0 f6s4=75.0 f6s1=20.5 cl=6
  5 |       805604 |      948,792 |   50.3 |  1.69 |  4,286 | s1=7 s4=50 atr=14 sl=3.0 tp=6.0 f6s4=75.0 f6s1=20.5 cl=6
----------------------------------------------------------------------------------------------------
Trial  69 | PRUNED (year1 rs=  +217,467) |    27s
Trial  70 | PRUNED (year1 rs=  +236,248) |    25s
Trial  71 | PRUNED (year1 rs=  +249,081) |    26s
Trial  72 | score=      799220 | rs=    +945,515 | wr= 50.3% | pf= 1.68 | trades= 4,300 |    77s

----------------------------------------------------------------------------------------------------
LIVE LEADERBOARD (top 5 by composite score)
  # |        SCORE |           RS |    WR% |    PF |     TR | params
  1 |       824244 |      960,952 |   50.4 |  1.70 |  4,262 | s1=7 s4=50 atr=10 sl=3.0 tp=6.0 f6s4=75.0 f6s1=20.5 cl=8
  2 |       824244 |      960,952 |   50.4 |  1.70 |  4,262 | s1=7 s4=50 atr=10 sl=3.0 tp=6.0 f6s4=75.0 f6s1=20.5 cl=8
  3 |       805604 |      948,792 |   50.3 |  1.69 |  4,286 | s1=7 s4=50 atr=14 sl=3.0 tp=6.0 f6s4=75.0 f6s1=20.5 cl=6
  4 |       805604 |      948,792 |   50.3 |  1.69 |  4,286 | s1=7 s4=50 atr=14 sl=3.0 tp=6.0 f6s4=75.0 f6s1=20.5 cl=6
  5 |       805604 |      948,792 |   50.3 |  1.69 |  4,286 | s1=7 s4=50 atr=14 sl=3.0 tp=6.0 f6s4=75.0 f6s1=20.5 cl=6
----------------------------------------------------------------------------------------------------
Trial  73 | score=      805604 | rs=    +948,792 | wr= 50.3% | pf= 1.69 | trades= 4,286 |    75s

----------------------------------------------------------------------------------------------------
LIVE LEADERBOARD (top 5 by composite score)
  # |        SCORE |           RS |    WR% |    PF |     TR | params
  1 |       824244 |      960,952 |   50.4 |  1.70 |  4,262 | s1=7 s4=50 atr=10 sl=3.0 tp=6.0 f6s4=75.0 f6s1=20.5 cl=8
  2 |       824244 |      960,952 |   50.4 |  1.70 |  4,262 | s1=7 s4=50 atr=10 sl=3.0 tp=6.0 f6s4=75.0 f6s1=20.5 cl=8
  3 |       805604 |      948,792 |   50.3 |  1.69 |  4,286 | s1=7 s4=50 atr=14 sl=3.0 tp=6.0 f6s4=75.0 f6s1=20.5 cl=6
  4 |       805604 |      948,792 |   50.3 |  1.69 |  4,286 | s1=7 s4=50 atr=14 sl=3.0 tp=6.0 f6s4=75.0 f6s1=20.5 cl=6
  5 |       805604 |      948,792 |   50.3 |  1.69 |  4,286 | s1=7 s4=50 atr=14 sl=3.0 tp=6.0 f6s4=75.0 f6s1=20.5 cl=6
----------------------------------------------------------------------------------------------------
Trial  74 | PRUNED (year1 rs=  +118,869) |    25s
Trial  75 | PRUNED (year1 rs=  +263,935) |    25s
Trial  76 | PRUNED (year1 rs=  +194,489) |    25s
Trial  77 | PRUNED (year1 rs=  +253,669) |    26s
Trial  78 | PRUNED (year1 rs=  +162,666) |    25s
Trial  79 | PRUNED (year1 rs=  +210,124) |    26s
Trial  80 | score=      824244 | rs=    +960,952 | wr= 50.4% | pf= 1.70 | trades= 4,262 |    78s

----------------------------------------------------------------------------------------------------
LIVE LEADERBOARD (top 5 by composite score)
  # |        SCORE |           RS |    WR% |    PF |     TR | params
  1 |       824244 |      960,952 |   50.4 |  1.70 |  4,262 | s1=7 s4=50 atr=10 sl=3.0 tp=6.0 f6s4=75.0 f6s1=20.5 cl=8
  2 |       824244 |      960,952 |   50.4 |  1.70 |  4,262 | s1=7 s4=50 atr=10 sl=3.0 tp=6.0 f6s4=75.0 f6s1=20.5 cl=8
  3 |       824244 |      960,952 |   50.4 |  1.70 |  4,262 | s1=7 s4=50 atr=10 sl=3.0 tp=6.0 f6s4=75.0 f6s1=20.5 cl=8
  4 |       805604 |      948,792 |   50.3 |  1.69 |  4,286 | s1=7 s4=50 atr=14 sl=3.0 tp=6.0 f6s4=75.0 f6s1=20.5 cl=6
  5 |       805604 |      948,792 |   50.3 |  1.69 |  4,286 | s1=7 s4=50 atr=14 sl=3.0 tp=6.0 f6s4=75.0 f6s1=20.5 cl=6
----------------------------------------------------------------------------------------------------
Trial  81 | score=      803452 | rs=    +934,239 | wr= 50.5% | pf= 1.70 | trades= 4,069 |    75s

----------------------------------------------------------------------------------------------------
LIVE LEADERBOARD (top 5 by composite score)
  # |        SCORE |           RS |    WR% |    PF |     TR | params
  1 |       824244 |      960,952 |   50.4 |  1.70 |  4,262 | s1=7 s4=50 atr=10 sl=3.0 tp=6.0 f6s4=75.0 f6s1=20.5 cl=8
  2 |       824244 |      960,952 |   50.4 |  1.70 |  4,262 | s1=7 s4=50 atr=10 sl=3.0 tp=6.0 f6s4=75.0 f6s1=20.5 cl=8
  3 |       824244 |      960,952 |   50.4 |  1.70 |  4,262 | s1=7 s4=50 atr=10 sl=3.0 tp=6.0 f6s4=75.0 f6s1=20.5 cl=8
  4 |       805604 |      948,792 |   50.3 |  1.69 |  4,286 | s1=7 s4=50 atr=14 sl=3.0 tp=6.0 f6s4=75.0 f6s1=20.5 cl=6
  5 |       805604 |      948,792 |   50.3 |  1.69 |  4,286 | s1=7 s4=50 atr=14 sl=3.0 tp=6.0 f6s4=75.0 f6s1=20.5 cl=6
----------------------------------------------------------------------------------------------------
Trial  82 | score=      803452 | rs=    +934,239 | wr= 50.5% | pf= 1.70 | trades= 4,069 |    76s

----------------------------------------------------------------------------------------------------
LIVE LEADERBOARD (top 5 by composite score)
  # |        SCORE |           RS |    WR% |    PF |     TR | params
  1 |       824244 |      960,952 |   50.4 |  1.70 |  4,262 | s1=7 s4=50 atr=10 sl=3.0 tp=6.0 f6s4=75.0 f6s1=20.5 cl=8
  2 |       824244 |      960,952 |   50.4 |  1.70 |  4,262 | s1=7 s4=50 atr=10 sl=3.0 tp=6.0 f6s4=75.0 f6s1=20.5 cl=8
  3 |       824244 |      960,952 |   50.4 |  1.70 |  4,262 | s1=7 s4=50 atr=10 sl=3.0 tp=6.0 f6s4=75.0 f6s1=20.5 cl=8
  4 |       805604 |      948,792 |   50.3 |  1.69 |  4,286 | s1=7 s4=50 atr=14 sl=3.0 tp=6.0 f6s4=75.0 f6s1=20.5 cl=6
  5 |       805604 |      948,792 |   50.3 |  1.69 |  4,286 | s1=7 s4=50 atr=14 sl=3.0 tp=6.0 f6s4=75.0 f6s1=20.5 cl=6
----------------------------------------------------------------------------------------------------
Trial  83 | score=      803452 | rs=    +934,239 | wr= 50.5% | pf= 1.70 | trades= 4,069 |    75s

----------------------------------------------------------------------------------------------------
LIVE LEADERBOARD (top 5 by composite score)
  # |        SCORE |           RS |    WR% |    PF |     TR | params
  1 |       824244 |      960,952 |   50.4 |  1.70 |  4,262 | s1=7 s4=50 atr=10 sl=3.0 tp=6.0 f6s4=75.0 f6s1=20.5 cl=8
  2 |       824244 |      960,952 |   50.4 |  1.70 |  4,262 | s1=7 s4=50 atr=10 sl=3.0 tp=6.0 f6s4=75.0 f6s1=20.5 cl=8
  3 |       824244 |      960,952 |   50.4 |  1.70 |  4,262 | s1=7 s4=50 atr=10 sl=3.0 tp=6.0 f6s4=75.0 f6s1=20.5 cl=8
  4 |       805604 |      948,792 |   50.3 |  1.69 |  4,286 | s1=7 s4=50 atr=14 sl=3.0 tp=6.0 f6s4=75.0 f6s1=20.5 cl=6
  5 |       805604 |      948,792 |   50.3 |  1.69 |  4,286 | s1=7 s4=50 atr=14 sl=3.0 tp=6.0 f6s4=75.0 f6s1=20.5 cl=6
----------------------------------------------------------------------------------------------------
Trial  84 | PRUNED (year1 rs=  +229,427) |    25s
Trial  85 | PRUNED (year1 rs=  +163,143) |    25s
Trial  86 | PRUNED (year1 rs=  +231,311) |    25s
Trial  87 | score=      805604 | rs=    +948,792 | wr= 50.3% | pf= 1.69 | trades= 4,286 |    76s

----------------------------------------------------------------------------------------------------
LIVE LEADERBOARD (top 5 by composite score)
  # |        SCORE |           RS |    WR% |    PF |     TR | params
  1 |       824244 |      960,952 |   50.4 |  1.70 |  4,262 | s1=7 s4=50 atr=10 sl=3.0 tp=6.0 f6s4=75.0 f6s1=20.5 cl=8
  2 |       824244 |      960,952 |   50.4 |  1.70 |  4,262 | s1=7 s4=50 atr=10 sl=3.0 tp=6.0 f6s4=75.0 f6s1=20.5 cl=8
  3 |       824244 |      960,952 |   50.4 |  1.70 |  4,262 | s1=7 s4=50 atr=10 sl=3.0 tp=6.0 f6s4=75.0 f6s1=20.5 cl=8
  4 |       805604 |      948,792 |   50.3 |  1.69 |  4,286 | s1=7 s4=50 atr=14 sl=3.0 tp=6.0 f6s4=75.0 f6s1=20.5 cl=6
  5 |       805604 |      948,792 |   50.3 |  1.69 |  4,286 | s1=7 s4=50 atr=14 sl=3.0 tp=6.0 f6s4=75.0 f6s1=20.5 cl=6
----------------------------------------------------------------------------------------------------
Trial  88 | PRUNED (year1 rs=  +231,535) |    25s
Trial  89 | score=      805604 | rs=    +948,792 | wr= 50.3% | pf= 1.69 | trades= 4,286 |    75s

----------------------------------------------------------------------------------------------------
LIVE LEADERBOARD (top 5 by composite score)
  # |        SCORE |           RS |    WR% |    PF |     TR | params
  1 |       824244 |      960,952 |   50.4 |  1.70 |  4,262 | s1=7 s4=50 atr=10 sl=3.0 tp=6.0 f6s4=75.0 f6s1=20.5 cl=8
  2 |       824244 |      960,952 |   50.4 |  1.70 |  4,262 | s1=7 s4=50 atr=10 sl=3.0 tp=6.0 f6s4=75.0 f6s1=20.5 cl=8
  3 |       824244 |      960,952 |   50.4 |  1.70 |  4,262 | s1=7 s4=50 atr=10 sl=3.0 tp=6.0 f6s4=75.0 f6s1=20.5 cl=8
  4 |       805604 |      948,792 |   50.3 |  1.69 |  4,286 | s1=7 s4=50 atr=14 sl=3.0 tp=6.0 f6s4=75.0 f6s1=20.5 cl=6
  5 |       805604 |      948,792 |   50.3 |  1.69 |  4,286 | s1=7 s4=50 atr=14 sl=3.0 tp=6.0 f6s4=75.0 f6s1=20.5 cl=6
----------------------------------------------------------------------------------------------------
Trial  90 | score=      805604 | rs=    +948,792 | wr= 50.3% | pf= 1.69 | trades= 4,286 |    77s

----------------------------------------------------------------------------------------------------
LIVE LEADERBOARD (top 5 by composite score)
  # |        SCORE |           RS |    WR% |    PF |     TR | params
  1 |       824244 |      960,952 |   50.4 |  1.70 |  4,262 | s1=7 s4=50 atr=10 sl=3.0 tp=6.0 f6s4=75.0 f6s1=20.5 cl=8
  2 |       824244 |      960,952 |   50.4 |  1.70 |  4,262 | s1=7 s4=50 atr=10 sl=3.0 tp=6.0 f6s4=75.0 f6s1=20.5 cl=8
  3 |       824244 |      960,952 |   50.4 |  1.70 |  4,262 | s1=7 s4=50 atr=10 sl=3.0 tp=6.0 f6s4=75.0 f6s1=20.5 cl=8
  4 |       805604 |      948,792 |   50.3 |  1.69 |  4,286 | s1=7 s4=50 atr=14 sl=3.0 tp=6.0 f6s4=75.0 f6s1=20.5 cl=6
  5 |       805604 |      948,792 |   50.3 |  1.69 |  4,286 | s1=7 s4=50 atr=14 sl=3.0 tp=6.0 f6s4=75.0 f6s1=20.5 cl=6
----------------------------------------------------------------------------------------------------
Trial  91 | score=      805604 | rs=    +948,792 | wr= 50.3% | pf= 1.69 | trades= 4,286 |    76s

----------------------------------------------------------------------------------------------------
LIVE LEADERBOARD (top 5 by composite score)
  # |        SCORE |           RS |    WR% |    PF |     TR | params
  1 |       824244 |      960,952 |   50.4 |  1.70 |  4,262 | s1=7 s4=50 atr=10 sl=3.0 tp=6.0 f6s4=75.0 f6s1=20.5 cl=8
  2 |       824244 |      960,952 |   50.4 |  1.70 |  4,262 | s1=7 s4=50 atr=10 sl=3.0 tp=6.0 f6s4=75.0 f6s1=20.5 cl=8
  3 |       824244 |      960,952 |   50.4 |  1.70 |  4,262 | s1=7 s4=50 atr=10 sl=3.0 tp=6.0 f6s4=75.0 f6s1=20.5 cl=8
  4 |       805604 |      948,792 |   50.3 |  1.69 |  4,286 | s1=7 s4=50 atr=14 sl=3.0 tp=6.0 f6s4=75.0 f6s1=20.5 cl=6
  5 |       805604 |      948,792 |   50.3 |  1.69 |  4,286 | s1=7 s4=50 atr=14 sl=3.0 tp=6.0 f6s4=75.0 f6s1=20.5 cl=6
----------------------------------------------------------------------------------------------------
Trial  92 | PRUNED (year1 rs=  +248,496) |    25s
Trial  93 | PRUNED (year1 rs=  +171,953) |    26s
Trial  94 | PRUNED (year1 rs=  +238,634) |    26s
Trial  95 | PRUNED (year1 rs=  +250,764) |    25s
Trial  96 | PRUNED (year1 rs=  +230,591) |    25s
Trial  97 | score=      824244 | rs=    +960,952 | wr= 50.4% | pf= 1.70 | trades= 4,262 |    77s

----------------------------------------------------------------------------------------------------
LIVE LEADERBOARD (top 5 by composite score)
  # |        SCORE |           RS |    WR% |    PF |     TR | params
  1 |       824244 |      960,952 |   50.4 |  1.70 |  4,262 | s1=7 s4=50 atr=10 sl=3.0 tp=6.0 f6s4=75.0 f6s1=20.5 cl=8
  2 |       824244 |      960,952 |   50.4 |  1.70 |  4,262 | s1=7 s4=50 atr=10 sl=3.0 tp=6.0 f6s4=75.0 f6s1=20.5 cl=8
  3 |       824244 |      960,952 |   50.4 |  1.70 |  4,262 | s1=7 s4=50 atr=10 sl=3.0 tp=6.0 f6s4=75.0 f6s1=20.5 cl=8
  4 |       824244 |      960,952 |   50.4 |  1.70 |  4,262 | s1=7 s4=50 atr=10 sl=3.0 tp=6.0 f6s4=75.0 f6s1=20.5 cl=8
  5 |       805604 |      948,792 |   50.3 |  1.69 |  4,286 | s1=7 s4=50 atr=14 sl=3.0 tp=6.0 f6s4=75.0 f6s1=20.5 cl=6
----------------------------------------------------------------------------------------------------
Trial  98 | PRUNED (year1 rs=  +215,054) |    25s
Trial  99 | score=      824244 | rs=    +960,952 | wr= 50.4% | pf= 1.70 | trades= 4,262 |    75s

----------------------------------------------------------------------------------------------------
LIVE LEADERBOARD (top 5 by composite score)
  # |        SCORE |           RS |    WR% |    PF |     TR | params
  1 |       824244 |      960,952 |   50.4 |  1.70 |  4,262 | s1=7 s4=50 atr=10 sl=3.0 tp=6.0 f6s4=75.0 f6s1=20.5 cl=8
  2 |       824244 |      960,952 |   50.4 |  1.70 |  4,262 | s1=7 s4=50 atr=10 sl=3.0 tp=6.0 f6s4=75.0 f6s1=20.5 cl=8
  3 |       824244 |      960,952 |   50.4 |  1.70 |  4,262 | s1=7 s4=50 atr=10 sl=3.0 tp=6.0 f6s4=75.0 f6s1=20.5 cl=8
  4 |       824244 |      960,952 |   50.4 |  1.70 |  4,262 | s1=7 s4=50 atr=10 sl=3.0 tp=6.0 f6s4=75.0 f6s1=20.5 cl=8
  5 |       824244 |      960,952 |   50.4 |  1.70 |  4,262 | s1=7 s4=50 atr=10 sl=3.0 tp=6.0 f6s4=75.0 f6s1=20.5 cl=8
----------------------------------------------------------------------------------------------------
Trial 100 | score=      824244 | rs=    +960,952 | wr= 50.4% | pf= 1.70 | trades= 4,262 |    75s

----------------------------------------------------------------------------------------------------
LIVE LEADERBOARD (top 5 by composite score)
  # |        SCORE |           RS |    WR% |    PF |     TR | params
  1 |       824244 |      960,952 |   50.4 |  1.70 |  4,262 | s1=7 s4=50 atr=10 sl=3.0 tp=6.0 f6s4=75.0 f6s1=20.5 cl=8
  2 |       824244 |      960,952 |   50.4 |  1.70 |  4,262 | s1=7 s4=50 atr=10 sl=3.0 tp=6.0 f6s4=75.0 f6s1=20.5 cl=8
  3 |       824244 |      960,952 |   50.4 |  1.70 |  4,262 | s1=7 s4=50 atr=10 sl=3.0 tp=6.0 f6s4=75.0 f6s1=20.5 cl=8
  4 |       824244 |      960,952 |   50.4 |  1.70 |  4,262 | s1=7 s4=50 atr=10 sl=3.0 tp=6.0 f6s4=75.0 f6s1=20.5 cl=8
  5 |       824244 |      960,952 |   50.4 |  1.70 |  4,262 | s1=7 s4=50 atr=10 sl=3.0 tp=6.0 f6s4=75.0 f6s1=20.5 cl=8
----------------------------------------------------------------------------------------------------
Trial 101 | score=      824244 | rs=    +960,952 | wr= 50.4% | pf= 1.70 | trades= 4,262 |    80s

----------------------------------------------------------------------------------------------------
LIVE LEADERBOARD (top 5 by composite score)
  # |        SCORE |           RS |    WR% |    PF |     TR | params
  1 |       824244 |      960,952 |   50.4 |  1.70 |  4,262 | s1=7 s4=50 atr=10 sl=3.0 tp=6.0 f6s4=75.0 f6s1=20.5 cl=8
  2 |       824244 |      960,952 |   50.4 |  1.70 |  4,262 | s1=7 s4=50 atr=10 sl=3.0 tp=6.0 f6s4=75.0 f6s1=20.5 cl=8
  3 |       824244 |      960,952 |   50.4 |  1.70 |  4,262 | s1=7 s4=50 atr=10 sl=3.0 tp=6.0 f6s4=75.0 f6s1=20.5 cl=8
  4 |       824244 |      960,952 |   50.4 |  1.70 |  4,262 | s1=7 s4=50 atr=10 sl=3.0 tp=6.0 f6s4=75.0 f6s1=20.5 cl=8
  5 |       824244 |      960,952 |   50.4 |  1.70 |  4,262 | s1=7 s4=50 atr=10 sl=3.0 tp=6.0 f6s4=75.0 f6s1=20.5 cl=8
----------------------------------------------------------------------------------------------------
Trial 102 | score=      824244 | rs=    +960,952 | wr= 50.4% | pf= 1.70 | trades= 4,262 |    76s

----------------------------------------------------------------------------------------------------
LIVE LEADERBOARD (top 5 by composite score)
  # |        SCORE |           RS |    WR% |    PF |     TR | params
  1 |       824244 |      960,952 |   50.4 |  1.70 |  4,262 | s1=7 s4=50 atr=10 sl=3.0 tp=6.0 f6s4=75.0 f6s1=20.5 cl=8
  2 |       824244 |      960,952 |   50.4 |  1.70 |  4,262 | s1=7 s4=50 atr=10 sl=3.0 tp=6.0 f6s4=75.0 f6s1=20.5 cl=8
  3 |       824244 |      960,952 |   50.4 |  1.70 |  4,262 | s1=7 s4=50 atr=10 sl=3.0 tp=6.0 f6s4=75.0 f6s1=20.5 cl=8
  4 |       824244 |      960,952 |   50.4 |  1.70 |  4,262 | s1=7 s4=50 atr=10 sl=3.0 tp=6.0 f6s4=75.0 f6s1=20.5 cl=8
  5 |       824244 |      960,952 |   50.4 |  1.70 |  4,262 | s1=7 s4=50 atr=10 sl=3.0 tp=6.0 f6s4=75.0 f6s1=20.5 cl=8
----------------------------------------------------------------------------------------------------
Trial 103 | score=      824244 | rs=    +960,952 | wr= 50.4% | pf= 1.70 | trades= 4,262 |    76s

----------------------------------------------------------------------------------------------------
LIVE LEADERBOARD (top 5 by composite score)
  # |        SCORE |           RS |    WR% |    PF |     TR | params
  1 |       824244 |      960,952 |   50.4 |  1.70 |  4,262 | s1=7 s4=50 atr=10 sl=3.0 tp=6.0 f6s4=75.0 f6s1=20.5 cl=8
  2 |       824244 |      960,952 |   50.4 |  1.70 |  4,262 | s1=7 s4=50 atr=10 sl=3.0 tp=6.0 f6s4=75.0 f6s1=20.5 cl=8
  3 |       824244 |      960,952 |   50.4 |  1.70 |  4,262 | s1=7 s4=50 atr=10 sl=3.0 tp=6.0 f6s4=75.0 f6s1=20.5 cl=8
  4 |       824244 |      960,952 |   50.4 |  1.70 |  4,262 | s1=7 s4=50 atr=10 sl=3.0 tp=6.0 f6s4=75.0 f6s1=20.5 cl=8
  5 |       824244 |      960,952 |   50.4 |  1.70 |  4,262 | s1=7 s4=50 atr=10 sl=3.0 tp=6.0 f6s4=75.0 f6s1=20.5 cl=8
----------------------------------------------------------------------------------------------------
Trial 104 | score=      824244 | rs=    +960,952 | wr= 50.4% | pf= 1.70 | trades= 4,262 |    76s

----------------------------------------------------------------------------------------------------
LIVE LEADERBOARD (top 5 by composite score)
  # |        SCORE |           RS |    WR% |    PF |     TR | params
  1 |       824244 |      960,952 |   50.4 |  1.70 |  4,262 | s1=7 s4=50 atr=10 sl=3.0 tp=6.0 f6s4=75.0 f6s1=20.5 cl=8
  2 |       824244 |      960,952 |   50.4 |  1.70 |  4,262 | s1=7 s4=50 atr=10 sl=3.0 tp=6.0 f6s4=75.0 f6s1=20.5 cl=8
  3 |       824244 |      960,952 |   50.4 |  1.70 |  4,262 | s1=7 s4=50 atr=10 sl=3.0 tp=6.0 f6s4=75.0 f6s1=20.5 cl=8
  4 |       824244 |      960,952 |   50.4 |  1.70 |  4,262 | s1=7 s4=50 atr=10 sl=3.0 tp=6.0 f6s4=75.0 f6s1=20.5 cl=8
  5 |       824244 |      960,952 |   50.4 |  1.70 |  4,262 | s1=7 s4=50 atr=10 sl=3.0 tp=6.0 f6s4=75.0 f6s1=20.5 cl=8
----------------------------------------------------------------------------------------------------
Trial 105 | score=      824244 | rs=    +960,952 | wr= 50.4% | pf= 1.70 | trades= 4,262 |    75s

----------------------------------------------------------------------------------------------------
LIVE LEADERBOARD (top 5 by composite score)
  # |        SCORE |           RS |    WR% |    PF |     TR | params
  1 |       824244 |      960,952 |   50.4 |  1.70 |  4,262 | s1=7 s4=50 atr=10 sl=3.0 tp=6.0 f6s4=75.0 f6s1=20.5 cl=8
  2 |       824244 |      960,952 |   50.4 |  1.70 |  4,262 | s1=7 s4=50 atr=10 sl=3.0 tp=6.0 f6s4=75.0 f6s1=20.5 cl=8
  3 |       824244 |      960,952 |   50.4 |  1.70 |  4,262 | s1=7 s4=50 atr=10 sl=3.0 tp=6.0 f6s4=75.0 f6s1=20.5 cl=8
  4 |       824244 |      960,952 |   50.4 |  1.70 |  4,262 | s1=7 s4=50 atr=10 sl=3.0 tp=6.0 f6s4=75.0 f6s1=20.5 cl=8
  5 |       824244 |      960,952 |   50.4 |  1.70 |  4,262 | s1=7 s4=50 atr=10 sl=3.0 tp=6.0 f6s4=75.0 f6s1=20.5 cl=8
----------------------------------------------------------------------------------------------------
Trial 106 | PRUNED (year1 rs=  +163,564) |    25s
Trial 107 | score=      824244 | rs=    +960,952 | wr= 50.4% | pf= 1.70 | trades= 4,262 |    75s

----------------------------------------------------------------------------------------------------
LIVE LEADERBOARD (top 5 by composite score)
  # |        SCORE |           RS |    WR% |    PF |     TR | params
  1 |       824244 |      960,952 |   50.4 |  1.70 |  4,262 | s1=7 s4=50 atr=10 sl=3.0 tp=6.0 f6s4=75.0 f6s1=20.5 cl=8
  2 |       824244 |      960,952 |   50.4 |  1.70 |  4,262 | s1=7 s4=50 atr=10 sl=3.0 tp=6.0 f6s4=75.0 f6s1=20.5 cl=8
  3 |       824244 |      960,952 |   50.4 |  1.70 |  4,262 | s1=7 s4=50 atr=10 sl=3.0 tp=6.0 f6s4=75.0 f6s1=20.5 cl=8
  4 |       824244 |      960,952 |   50.4 |  1.70 |  4,262 | s1=7 s4=50 atr=10 sl=3.0 tp=6.0 f6s4=75.0 f6s1=20.5 cl=8
  5 |       824244 |      960,952 |   50.4 |  1.70 |  4,262 | s1=7 s4=50 atr=10 sl=3.0 tp=6.0 f6s4=75.0 f6s1=20.5 cl=8
----------------------------------------------------------------------------------------------------
Trial 108 | PRUNED (year1 rs=  +269,147) |    25s
Trial 109 | PRUNED (year1 rs=  +283,208) |    25s
Trial 110 | PRUNED (year1 rs=  +191,735) |    24s
Trial 111 | score=      824244 | rs=    +960,952 | wr= 50.4% | pf= 1.70 | trades= 4,262 |    79s

----------------------------------------------------------------------------------------------------
LIVE LEADERBOARD (top 5 by composite score)
  # |        SCORE |           RS |    WR% |    PF |     TR | params
  1 |       824244 |      960,952 |   50.4 |  1.70 |  4,262 | s1=7 s4=50 atr=10 sl=3.0 tp=6.0 f6s4=75.0 f6s1=20.5 cl=8
  2 |       824244 |      960,952 |   50.4 |  1.70 |  4,262 | s1=7 s4=50 atr=10 sl=3.0 tp=6.0 f6s4=75.0 f6s1=20.5 cl=8
  3 |       824244 |      960,952 |   50.4 |  1.70 |  4,262 | s1=7 s4=50 atr=10 sl=3.0 tp=6.0 f6s4=75.0 f6s1=20.5 cl=8
  4 |       824244 |      960,952 |   50.4 |  1.70 |  4,262 | s1=7 s4=50 atr=10 sl=3.0 tp=6.0 f6s4=75.0 f6s1=20.5 cl=8
  5 |       824244 |      960,952 |   50.4 |  1.70 |  4,262 | s1=7 s4=50 atr=10 sl=3.0 tp=6.0 f6s4=75.0 f6s1=20.5 cl=8
----------------------------------------------------------------------------------------------------
Trial 112 | PRUNED (year1 rs=  +281,680) |    26s
Trial 113 | PRUNED (year1 rs=  +157,149) |    27s
Trial 114 | PRUNED (year1 rs=  +218,814) |    26s
Trial 115 | PRUNED (year1 rs=  +212,435) |    25s
Trial 116 | PRUNED (year1 rs=  +258,882) |    25s
Trial 117 | PRUNED (year1 rs=  +163,181) |    26s
Trial 118 | PRUNED (year1 rs=  +283,139) |    27s
Trial 119 | PRUNED (year1 rs=  +246,313) |    27s
Trial 120 | PRUNED (year1 rs=  +271,038) |    25s
Trial 121 | score=      824244 | rs=    +960,952 | wr= 50.4% | pf= 1.70 | trades= 4,262 |    76s

----------------------------------------------------------------------------------------------------
LIVE LEADERBOARD (top 5 by composite score)
  # |        SCORE |           RS |    WR% |    PF |     TR | params
  1 |       824244 |      960,952 |   50.4 |  1.70 |  4,262 | s1=7 s4=50 atr=10 sl=3.0 tp=6.0 f6s4=75.0 f6s1=20.5 cl=8
  2 |       824244 |      960,952 |   50.4 |  1.70 |  4,262 | s1=7 s4=50 atr=10 sl=3.0 tp=6.0 f6s4=75.0 f6s1=20.5 cl=8
  3 |       824244 |      960,952 |   50.4 |  1.70 |  4,262 | s1=7 s4=50 atr=10 sl=3.0 tp=6.0 f6s4=75.0 f6s1=20.5 cl=8
  4 |       824244 |      960,952 |   50.4 |  1.70 |  4,262 | s1=7 s4=50 atr=10 sl=3.0 tp=6.0 f6s4=75.0 f6s1=20.5 cl=8
  5 |       824244 |      960,952 |   50.4 |  1.70 |  4,262 | s1=7 s4=50 atr=10 sl=3.0 tp=6.0 f6s4=75.0 f6s1=20.5 cl=8
----------------------------------------------------------------------------------------------------
Trial 122 | PRUNED (year1 rs=  +256,931) |    25s
Trial 123 | PRUNED (year1 rs=  +273,694) |    25s
Trial 124 | PRUNED (year1 rs=  +183,054) |    25s
Trial 125 | score=      824244 | rs=    +960,952 | wr= 50.4% | pf= 1.70 | trades= 4,262 |    74s

----------------------------------------------------------------------------------------------------
LIVE LEADERBOARD (top 5 by composite score)
  # |        SCORE |           RS |    WR% |    PF |     TR | params
  1 |       824244 |      960,952 |   50.4 |  1.70 |  4,262 | s1=7 s4=50 atr=10 sl=3.0 tp=6.0 f6s4=75.0 f6s1=20.5 cl=8
  2 |       824244 |      960,952 |   50.4 |  1.70 |  4,262 | s1=7 s4=50 atr=10 sl=3.0 tp=6.0 f6s4=75.0 f6s1=20.5 cl=8
  3 |       824244 |      960,952 |   50.4 |  1.70 |  4,262 | s1=7 s4=50 atr=10 sl=3.0 tp=6.0 f6s4=75.0 f6s1=20.5 cl=8
  4 |       824244 |      960,952 |   50.4 |  1.70 |  4,262 | s1=7 s4=50 atr=10 sl=3.0 tp=6.0 f6s4=75.0 f6s1=20.5 cl=8
  5 |       824244 |      960,952 |   50.4 |  1.70 |  4,262 | s1=7 s4=50 atr=10 sl=3.0 tp=6.0 f6s4=75.0 f6s1=20.5 cl=8
----------------------------------------------------------------------------------------------------
Trial 126 | PRUNED (year1 rs=  +214,187) |    24s
Trial 127 | score=      824244 | rs=    +960,952 | wr= 50.4% | pf= 1.70 | trades= 4,262 |    72s

----------------------------------------------------------------------------------------------------
LIVE LEADERBOARD (top 5 by composite score)
  # |        SCORE |           RS |    WR% |    PF |     TR | params
  1 |       824244 |      960,952 |   50.4 |  1.70 |  4,262 | s1=7 s4=50 atr=10 sl=3.0 tp=6.0 f6s4=75.0 f6s1=20.5 cl=8
  2 |       824244 |      960,952 |   50.4 |  1.70 |  4,262 | s1=7 s4=50 atr=10 sl=3.0 tp=6.0 f6s4=75.0 f6s1=20.5 cl=8
  3 |       824244 |      960,952 |   50.4 |  1.70 |  4,262 | s1=7 s4=50 atr=10 sl=3.0 tp=6.0 f6s4=75.0 f6s1=20.5 cl=8
  4 |       824244 |      960,952 |   50.4 |  1.70 |  4,262 | s1=7 s4=50 atr=10 sl=3.0 tp=6.0 f6s4=75.0 f6s1=20.5 cl=8
  5 |       824244 |      960,952 |   50.4 |  1.70 |  4,262 | s1=7 s4=50 atr=10 sl=3.0 tp=6.0 f6s4=75.0 f6s1=20.5 cl=8
----------------------------------------------------------------------------------------------------
Trial 128 | score=      829794 | rs=    +963,878 | wr= 50.5% | pf= 1.71 | trades= 4,250 |    72s

----------------------------------------------------------------------------------------------------
LIVE LEADERBOARD (top 5 by composite score)
  # |        SCORE |           RS |    WR% |    PF |     TR | params
  1 |       829794 |      963,878 |   50.5 |  1.71 |  4,250 | s1=7 s4=50 atr=10 sl=3.0 tp=6.0 f6s4=75.0 f6s1=20.5 cl=6
  2 |       824244 |      960,952 |   50.4 |  1.70 |  4,262 | s1=7 s4=50 atr=10 sl=3.0 tp=6.0 f6s4=75.0 f6s1=20.5 cl=8
  3 |       824244 |      960,952 |   50.4 |  1.70 |  4,262 | s1=7 s4=50 atr=10 sl=3.0 tp=6.0 f6s4=75.0 f6s1=20.5 cl=8
  4 |       824244 |      960,952 |   50.4 |  1.70 |  4,262 | s1=7 s4=50 atr=10 sl=3.0 tp=6.0 f6s4=75.0 f6s1=20.5 cl=8
  5 |       824244 |      960,952 |   50.4 |  1.70 |  4,262 | s1=7 s4=50 atr=10 sl=3.0 tp=6.0 f6s4=75.0 f6s1=20.5 cl=8
----------------------------------------------------------------------------------------------------
Trial 129 | score=      829794 | rs=    +963,878 | wr= 50.5% | pf= 1.71 | trades= 4,250 |    75s

----------------------------------------------------------------------------------------------------
LIVE LEADERBOARD (top 5 by composite score)
  # |        SCORE |           RS |    WR% |    PF |     TR | params
  1 |       829794 |      963,878 |   50.5 |  1.71 |  4,250 | s1=7 s4=50 atr=10 sl=3.0 tp=6.0 f6s4=75.0 f6s1=20.5 cl=6
  2 |       829794 |      963,878 |   50.5 |  1.71 |  4,250 | s1=7 s4=50 atr=10 sl=3.0 tp=6.0 f6s4=75.0 f6s1=20.5 cl=6
  3 |       824244 |      960,952 |   50.4 |  1.70 |  4,262 | s1=7 s4=50 atr=10 sl=3.0 tp=6.0 f6s4=75.0 f6s1=20.5 cl=8
  4 |       824244 |      960,952 |   50.4 |  1.70 |  4,262 | s1=7 s4=50 atr=10 sl=3.0 tp=6.0 f6s4=75.0 f6s1=20.5 cl=8
  5 |       824244 |      960,952 |   50.4 |  1.70 |  4,262 | s1=7 s4=50 atr=10 sl=3.0 tp=6.0 f6s4=75.0 f6s1=20.5 cl=8
----------------------------------------------------------------------------------------------------
Trial 130 | PRUNED (year1 rs=  +232,266) |    25s
Trial 131 | score=      829794 | rs=    +963,878 | wr= 50.5% | pf= 1.71 | trades= 4,250 |    76s

----------------------------------------------------------------------------------------------------
LIVE LEADERBOARD (top 5 by composite score)
  # |        SCORE |           RS |    WR% |    PF |     TR | params
  1 |       829794 |      963,878 |   50.5 |  1.71 |  4,250 | s1=7 s4=50 atr=10 sl=3.0 tp=6.0 f6s4=75.0 f6s1=20.5 cl=6
  2 |       829794 |      963,878 |   50.5 |  1.71 |  4,250 | s1=7 s4=50 atr=10 sl=3.0 tp=6.0 f6s4=75.0 f6s1=20.5 cl=6
  3 |       829794 |      963,878 |   50.5 |  1.71 |  4,250 | s1=7 s4=50 atr=10 sl=3.0 tp=6.0 f6s4=75.0 f6s1=20.5 cl=6
  4 |       824244 |      960,952 |   50.4 |  1.70 |  4,262 | s1=7 s4=50 atr=10 sl=3.0 tp=6.0 f6s4=75.0 f6s1=20.5 cl=8
  5 |       824244 |      960,952 |   50.4 |  1.70 |  4,262 | s1=7 s4=50 atr=10 sl=3.0 tp=6.0 f6s4=75.0 f6s1=20.5 cl=8
----------------------------------------------------------------------------------------------------
Trial 132 | score=      829794 | rs=    +963,878 | wr= 50.5% | pf= 1.71 | trades= 4,250 |    72s

----------------------------------------------------------------------------------------------------
LIVE LEADERBOARD (top 5 by composite score)
  # |        SCORE |           RS |    WR% |    PF |     TR | params
  1 |       829794 |      963,878 |   50.5 |  1.71 |  4,250 | s1=7 s4=50 atr=10 sl=3.0 tp=6.0 f6s4=75.0 f6s1=20.5 cl=6
  2 |       829794 |      963,878 |   50.5 |  1.71 |  4,250 | s1=7 s4=50 atr=10 sl=3.0 tp=6.0 f6s4=75.0 f6s1=20.5 cl=6
  3 |       829794 |      963,878 |   50.5 |  1.71 |  4,250 | s1=7 s4=50 atr=10 sl=3.0 tp=6.0 f6s4=75.0 f6s1=20.5 cl=6
  4 |       829794 |      963,878 |   50.5 |  1.71 |  4,250 | s1=7 s4=50 atr=10 sl=3.0 tp=6.0 f6s4=75.0 f6s1=20.5 cl=6
  5 |       824244 |      960,952 |   50.4 |  1.70 |  4,262 | s1=7 s4=50 atr=10 sl=3.0 tp=6.0 f6s4=75.0 f6s1=20.5 cl=8
----------------------------------------------------------------------------------------------------
Trial 133 | score=      829794 | rs=    +963,878 | wr= 50.5% | pf= 1.71 | trades= 4,250 |    72s

----------------------------------------------------------------------------------------------------
LIVE LEADERBOARD (top 5 by composite score)
  # |        SCORE |           RS |    WR% |    PF |     TR | params
  1 |       829794 |      963,878 |   50.5 |  1.71 |  4,250 | s1=7 s4=50 atr=10 sl=3.0 tp=6.0 f6s4=75.0 f6s1=20.5 cl=6
  2 |       829794 |      963,878 |   50.5 |  1.71 |  4,250 | s1=7 s4=50 atr=10 sl=3.0 tp=6.0 f6s4=75.0 f6s1=20.5 cl=6
  3 |       829794 |      963,878 |   50.5 |  1.71 |  4,250 | s1=7 s4=50 atr=10 sl=3.0 tp=6.0 f6s4=75.0 f6s1=20.5 cl=6
  4 |       829794 |      963,878 |   50.5 |  1.71 |  4,250 | s1=7 s4=50 atr=10 sl=3.0 tp=6.0 f6s4=75.0 f6s1=20.5 cl=6
  5 |       829794 |      963,878 |   50.5 |  1.71 |  4,250 | s1=7 s4=50 atr=10 sl=3.0 tp=6.0 f6s4=75.0 f6s1=20.5 cl=6
----------------------------------------------------------------------------------------------------
Trial 134 | score=      829794 | rs=    +963,878 | wr= 50.5% | pf= 1.71 | trades= 4,250 |    72s

----------------------------------------------------------------------------------------------------
LIVE LEADERBOARD (top 5 by composite score)
  # |        SCORE |           RS |    WR% |    PF |     TR | params
  1 |       829794 |      963,878 |   50.5 |  1.71 |  4,250 | s1=7 s4=50 atr=10 sl=3.0 tp=6.0 f6s4=75.0 f6s1=20.5 cl=6
  2 |       829794 |      963,878 |   50.5 |  1.71 |  4,250 | s1=7 s4=50 atr=10 sl=3.0 tp=6.0 f6s4=75.0 f6s1=20.5 cl=6
  3 |       829794 |      963,878 |   50.5 |  1.71 |  4,250 | s1=7 s4=50 atr=10 sl=3.0 tp=6.0 f6s4=75.0 f6s1=20.5 cl=6
  4 |       829794 |      963,878 |   50.5 |  1.71 |  4,250 | s1=7 s4=50 atr=10 sl=3.0 tp=6.0 f6s4=75.0 f6s1=20.5 cl=6
  5 |       829794 |      963,878 |   50.5 |  1.71 |  4,250 | s1=7 s4=50 atr=10 sl=3.0 tp=6.0 f6s4=75.0 f6s1=20.5 cl=6
----------------------------------------------------------------------------------------------------
Trial 135 | score=      829794 | rs=    +963,878 | wr= 50.5% | pf= 1.71 | trades= 4,250 |    72s

----------------------------------------------------------------------------------------------------
LIVE LEADERBOARD (top 5 by composite score)
  # |        SCORE |           RS |    WR% |    PF |     TR | params
  1 |       829794 |      963,878 |   50.5 |  1.71 |  4,250 | s1=7 s4=50 atr=10 sl=3.0 tp=6.0 f6s4=75.0 f6s1=20.5 cl=6
  2 |       829794 |      963,878 |   50.5 |  1.71 |  4,250 | s1=7 s4=50 atr=10 sl=3.0 tp=6.0 f6s4=75.0 f6s1=20.5 cl=6
  3 |       829794 |      963,878 |   50.5 |  1.71 |  4,250 | s1=7 s4=50 atr=10 sl=3.0 tp=6.0 f6s4=75.0 f6s1=20.5 cl=6
  4 |       829794 |      963,878 |   50.5 |  1.71 |  4,250 | s1=7 s4=50 atr=10 sl=3.0 tp=6.0 f6s4=75.0 f6s1=20.5 cl=6
  5 |       829794 |      963,878 |   50.5 |  1.71 |  4,250 | s1=7 s4=50 atr=10 sl=3.0 tp=6.0 f6s4=75.0 f6s1=20.5 cl=6
----------------------------------------------------------------------------------------------------
Trial 136 | score=      829794 | rs=    +963,878 | wr= 50.5% | pf= 1.71 | trades= 4,250 |    72s

----------------------------------------------------------------------------------------------------
LIVE LEADERBOARD (top 5 by composite score)
  # |        SCORE |           RS |    WR% |    PF |     TR | params
  1 |       829794 |      963,878 |   50.5 |  1.71 |  4,250 | s1=7 s4=50 atr=10 sl=3.0 tp=6.0 f6s4=75.0 f6s1=20.5 cl=6
  2 |       829794 |      963,878 |   50.5 |  1.71 |  4,250 | s1=7 s4=50 atr=10 sl=3.0 tp=6.0 f6s4=75.0 f6s1=20.5 cl=6
  3 |       829794 |      963,878 |   50.5 |  1.71 |  4,250 | s1=7 s4=50 atr=10 sl=3.0 tp=6.0 f6s4=75.0 f6s1=20.5 cl=6
  4 |       829794 |      963,878 |   50.5 |  1.71 |  4,250 | s1=7 s4=50 atr=10 sl=3.0 tp=6.0 f6s4=75.0 f6s1=20.5 cl=6
  5 |       829794 |      963,878 |   50.5 |  1.71 |  4,250 | s1=7 s4=50 atr=10 sl=3.0 tp=6.0 f6s4=75.0 f6s1=20.5 cl=6
----------------------------------------------------------------------------------------------------
Trial 137 | PRUNED (year1 rs=  +247,917) |    25s
Trial 138 | PRUNED (year1 rs=  +237,197) |    24s
Trial 139 | score=      829794 | rs=    +963,878 | wr= 50.5% | pf= 1.71 | trades= 4,250 |    73s

----------------------------------------------------------------------------------------------------
LIVE LEADERBOARD (top 5 by composite score)
  # |        SCORE |           RS |    WR% |    PF |     TR | params
  1 |       829794 |      963,878 |   50.5 |  1.71 |  4,250 | s1=7 s4=50 atr=10 sl=3.0 tp=6.0 f6s4=75.0 f6s1=20.5 cl=6
  2 |       829794 |      963,878 |   50.5 |  1.71 |  4,250 | s1=7 s4=50 atr=10 sl=3.0 tp=6.0 f6s4=75.0 f6s1=20.5 cl=6
  3 |       829794 |      963,878 |   50.5 |  1.71 |  4,250 | s1=7 s4=50 atr=10 sl=3.0 tp=6.0 f6s4=75.0 f6s1=20.5 cl=6
  4 |       829794 |      963,878 |   50.5 |  1.71 |  4,250 | s1=7 s4=50 atr=10 sl=3.0 tp=6.0 f6s4=75.0 f6s1=20.5 cl=6
  5 |       829794 |      963,878 |   50.5 |  1.71 |  4,250 | s1=7 s4=50 atr=10 sl=3.0 tp=6.0 f6s4=75.0 f6s1=20.5 cl=6
----------------------------------------------------------------------------------------------------
Trial 140 | PRUNED (year1 rs=  +235,666) |    24s
Trial 141 | PRUNED (year1 rs=  +252,923) |    24s
Trial 142 | score=      829794 | rs=    +963,878 | wr= 50.5% | pf= 1.71 | trades= 4,250 |    72s

----------------------------------------------------------------------------------------------------
LIVE LEADERBOARD (top 5 by composite score)
  # |        SCORE |           RS |    WR% |    PF |     TR | params
  1 |       829794 |      963,878 |   50.5 |  1.71 |  4,250 | s1=7 s4=50 atr=10 sl=3.0 tp=6.0 f6s4=75.0 f6s1=20.5 cl=6
  2 |       829794 |      963,878 |   50.5 |  1.71 |  4,250 | s1=7 s4=50 atr=10 sl=3.0 tp=6.0 f6s4=75.0 f6s1=20.5 cl=6
  3 |       829794 |      963,878 |   50.5 |  1.71 |  4,250 | s1=7 s4=50 atr=10 sl=3.0 tp=6.0 f6s4=75.0 f6s1=20.5 cl=6
  4 |       829794 |      963,878 |   50.5 |  1.71 |  4,250 | s1=7 s4=50 atr=10 sl=3.0 tp=6.0 f6s4=75.0 f6s1=20.5 cl=6
  5 |       829794 |      963,878 |   50.5 |  1.71 |  4,250 | s1=7 s4=50 atr=10 sl=3.0 tp=6.0 f6s4=75.0 f6s1=20.5 cl=6
----------------------------------------------------------------------------------------------------
Trial 143 | score=      829794 | rs=    +963,878 | wr= 50.5% | pf= 1.71 | trades= 4,250 |    72s

----------------------------------------------------------------------------------------------------
LIVE LEADERBOARD (top 5 by composite score)
  # |        SCORE |           RS |    WR% |    PF |     TR | params
  1 |       829794 |      963,878 |   50.5 |  1.71 |  4,250 | s1=7 s4=50 atr=10 sl=3.0 tp=6.0 f6s4=75.0 f6s1=20.5 cl=6
  2 |       829794 |      963,878 |   50.5 |  1.71 |  4,250 | s1=7 s4=50 atr=10 sl=3.0 tp=6.0 f6s4=75.0 f6s1=20.5 cl=6
  3 |       829794 |      963,878 |   50.5 |  1.71 |  4,250 | s1=7 s4=50 atr=10 sl=3.0 tp=6.0 f6s4=75.0 f6s1=20.5 cl=6
  4 |       829794 |      963,878 |   50.5 |  1.71 |  4,250 | s1=7 s4=50 atr=10 sl=3.0 tp=6.0 f6s4=75.0 f6s1=20.5 cl=6
  5 |       829794 |      963,878 |   50.5 |  1.71 |  4,250 | s1=7 s4=50 atr=10 sl=3.0 tp=6.0 f6s4=75.0 f6s1=20.5 cl=6
----------------------------------------------------------------------------------------------------
Trial 144 | PRUNED (year1 rs=  +247,127) |    24s
Trial 145 | PRUNED (year1 rs=  +172,277) |    24s
Trial 146 | PRUNED (year1 rs=  +189,294) |    25s
Trial 147 | PRUNED (year1 rs=  +187,654) |    24s
Trial 148 | score=      829794 | rs=    +963,878 | wr= 50.5% | pf= 1.71 | trades= 4,250 |    72s

----------------------------------------------------------------------------------------------------
LIVE LEADERBOARD (top 5 by composite score)
  # |        SCORE |           RS |    WR% |    PF |     TR | params
  1 |       829794 |      963,878 |   50.5 |  1.71 |  4,250 | s1=7 s4=50 atr=10 sl=3.0 tp=6.0 f6s4=75.0 f6s1=20.5 cl=6
  2 |       829794 |      963,878 |   50.5 |  1.71 |  4,250 | s1=7 s4=50 atr=10 sl=3.0 tp=6.0 f6s4=75.0 f6s1=20.5 cl=6
  3 |       829794 |      963,878 |   50.5 |  1.71 |  4,250 | s1=7 s4=50 atr=10 sl=3.0 tp=6.0 f6s4=75.0 f6s1=20.5 cl=6
  4 |       829794 |      963,878 |   50.5 |  1.71 |  4,250 | s1=7 s4=50 atr=10 sl=3.0 tp=6.0 f6s4=75.0 f6s1=20.5 cl=6
  5 |       829794 |      963,878 |   50.5 |  1.71 |  4,250 | s1=7 s4=50 atr=10 sl=3.0 tp=6.0 f6s4=75.0 f6s1=20.5 cl=6
----------------------------------------------------------------------------------------------------
Trial 149 | score=      829794 | rs=    +963,878 | wr= 50.5% | pf= 1.71 | trades= 4,250 |    72s

----------------------------------------------------------------------------------------------------
LIVE LEADERBOARD (top 5 by composite score)
  # |        SCORE |           RS |    WR% |    PF |     TR | params
  1 |       829794 |      963,878 |   50.5 |  1.71 |  4,250 | s1=7 s4=50 atr=10 sl=3.0 tp=6.0 f6s4=75.0 f6s1=20.5 cl=6
  2 |       829794 |      963,878 |   50.5 |  1.71 |  4,250 | s1=7 s4=50 atr=10 sl=3.0 tp=6.0 f6s4=75.0 f6s1=20.5 cl=6
  3 |       829794 |      963,878 |   50.5 |  1.71 |  4,250 | s1=7 s4=50 atr=10 sl=3.0 tp=6.0 f6s4=75.0 f6s1=20.5 cl=6
  4 |       829794 |      963,878 |   50.5 |  1.71 |  4,250 | s1=7 s4=50 atr=10 sl=3.0 tp=6.0 f6s4=75.0 f6s1=20.5 cl=6
  5 |       829794 |      963,878 |   50.5 |  1.71 |  4,250 | s1=7 s4=50 atr=10 sl=3.0 tp=6.0 f6s4=75.0 f6s1=20.5 cl=6
----------------------------------------------------------------------------------------------------
Trial 150 | score=      829794 | rs=    +963,878 | wr= 50.5% | pf= 1.71 | trades= 4,250 |    71s

----------------------------------------------------------------------------------------------------
LIVE LEADERBOARD (top 5 by composite score)
  # |        SCORE |           RS |    WR% |    PF |     TR | params
  1 |       829794 |      963,878 |   50.5 |  1.71 |  4,250 | s1=7 s4=50 atr=10 sl=3.0 tp=6.0 f6s4=75.0 f6s1=20.5 cl=6
  2 |       829794 |      963,878 |   50.5 |  1.71 |  4,250 | s1=7 s4=50 atr=10 sl=3.0 tp=6.0 f6s4=75.0 f6s1=20.5 cl=6
  3 |       829794 |      963,878 |   50.5 |  1.71 |  4,250 | s1=7 s4=50 atr=10 sl=3.0 tp=6.0 f6s4=75.0 f6s1=20.5 cl=6
  4 |       829794 |      963,878 |   50.5 |  1.71 |  4,250 | s1=7 s4=50 atr=10 sl=3.0 tp=6.0 f6s4=75.0 f6s1=20.5 cl=6
  5 |       829794 |      963,878 |   50.5 |  1.71 |  4,250 | s1=7 s4=50 atr=10 sl=3.0 tp=6.0 f6s4=75.0 f6s1=20.5 cl=6
----------------------------------------------------------------------------------------------------
Trial 151 | PRUNED (year1 rs=  +251,082) |    24s
Trial 152 | PRUNED (year1 rs=  +138,084) |    25s
Trial 153 | score=      829794 | rs=    +963,878 | wr= 50.5% | pf= 1.71 | trades= 4,250 |    72s

----------------------------------------------------------------------------------------------------
LIVE LEADERBOARD (top 5 by composite score)
  # |        SCORE |           RS |    WR% |    PF |     TR | params
  1 |       829794 |      963,878 |   50.5 |  1.71 |  4,250 | s1=7 s4=50 atr=10 sl=3.0 tp=6.0 f6s4=75.0 f6s1=20.5 cl=6
  2 |       829794 |      963,878 |   50.5 |  1.71 |  4,250 | s1=7 s4=50 atr=10 sl=3.0 tp=6.0 f6s4=75.0 f6s1=20.5 cl=6
  3 |       829794 |      963,878 |   50.5 |  1.71 |  4,250 | s1=7 s4=50 atr=10 sl=3.0 tp=6.0 f6s4=75.0 f6s1=20.5 cl=6
  4 |       829794 |      963,878 |   50.5 |  1.71 |  4,250 | s1=7 s4=50 atr=10 sl=3.0 tp=6.0 f6s4=75.0 f6s1=20.5 cl=6
  5 |       829794 |      963,878 |   50.5 |  1.71 |  4,250 | s1=7 s4=50 atr=10 sl=3.0 tp=6.0 f6s4=75.0 f6s1=20.5 cl=6
----------------------------------------------------------------------------------------------------
Trial 154 | PRUNED (year1 rs=  +195,594) |    24s
Trial 155 | PRUNED (year1 rs=  +106,123) |    24s
Trial 156 | PRUNED (year1 rs=  +209,147) |    24s
Trial 157 | score=      829794 | rs=    +963,878 | wr= 50.5% | pf= 1.71 | trades= 4,250 |    71s

----------------------------------------------------------------------------------------------------
LIVE LEADERBOARD (top 5 by composite score)
  # |        SCORE |           RS |    WR% |    PF |     TR | params
  1 |       829794 |      963,878 |   50.5 |  1.71 |  4,250 | s1=7 s4=50 atr=10 sl=3.0 tp=6.0 f6s4=75.0 f6s1=20.5 cl=6
  2 |       829794 |      963,878 |   50.5 |  1.71 |  4,250 | s1=7 s4=50 atr=10 sl=3.0 tp=6.0 f6s4=75.0 f6s1=20.5 cl=6
  3 |       829794 |      963,878 |   50.5 |  1.71 |  4,250 | s1=7 s4=50 atr=10 sl=3.0 tp=6.0 f6s4=75.0 f6s1=20.5 cl=6
  4 |       829794 |      963,878 |   50.5 |  1.71 |  4,250 | s1=7 s4=50 atr=10 sl=3.0 tp=6.0 f6s4=75.0 f6s1=20.5 cl=6
  5 |       829794 |      963,878 |   50.5 |  1.71 |  4,250 | s1=7 s4=50 atr=10 sl=3.0 tp=6.0 f6s4=75.0 f6s1=20.5 cl=6
----------------------------------------------------------------------------------------------------
Trial 158 | PRUNED (year1 rs=  +273,561) |    25s
Trial 159 | score=      829794 | rs=    +963,878 | wr= 50.5% | pf= 1.71 | trades= 4,250 |    72s

----------------------------------------------------------------------------------------------------
LIVE LEADERBOARD (top 5 by composite score)
  # |        SCORE |           RS |    WR% |    PF |     TR | params
  1 |       829794 |      963,878 |   50.5 |  1.71 |  4,250 | s1=7 s4=50 atr=10 sl=3.0 tp=6.0 f6s4=75.0 f6s1=20.5 cl=6
  2 |       829794 |      963,878 |   50.5 |  1.71 |  4,250 | s1=7 s4=50 atr=10 sl=3.0 tp=6.0 f6s4=75.0 f6s1=20.5 cl=6
  3 |       829794 |      963,878 |   50.5 |  1.71 |  4,250 | s1=7 s4=50 atr=10 sl=3.0 tp=6.0 f6s4=75.0 f6s1=20.5 cl=6
  4 |       829794 |      963,878 |   50.5 |  1.71 |  4,250 | s1=7 s4=50 atr=10 sl=3.0 tp=6.0 f6s4=75.0 f6s1=20.5 cl=6
  5 |       829794 |      963,878 |   50.5 |  1.71 |  4,250 | s1=7 s4=50 atr=10 sl=3.0 tp=6.0 f6s4=75.0 f6s1=20.5 cl=6
----------------------------------------------------------------------------------------------------
Trial 160 | PRUNED (year1 rs=  +229,433) |    24s
Trial 161 | score=      829794 | rs=    +963,878 | wr= 50.5% | pf= 1.71 | trades= 4,250 |    72s

----------------------------------------------------------------------------------------------------
LIVE LEADERBOARD (top 5 by composite score)
  # |        SCORE |           RS |    WR% |    PF |     TR | params
  1 |       829794 |      963,878 |   50.5 |  1.71 |  4,250 | s1=7 s4=50 atr=10 sl=3.0 tp=6.0 f6s4=75.0 f6s1=20.5 cl=6
  2 |       829794 |      963,878 |   50.5 |  1.71 |  4,250 | s1=7 s4=50 atr=10 sl=3.0 tp=6.0 f6s4=75.0 f6s1=20.5 cl=6
  3 |       829794 |      963,878 |   50.5 |  1.71 |  4,250 | s1=7 s4=50 atr=10 sl=3.0 tp=6.0 f6s4=75.0 f6s1=20.5 cl=6
  4 |       829794 |      963,878 |   50.5 |  1.71 |  4,250 | s1=7 s4=50 atr=10 sl=3.0 tp=6.0 f6s4=75.0 f6s1=20.5 cl=6
  5 |       829794 |      963,878 |   50.5 |  1.71 |  4,250 | s1=7 s4=50 atr=10 sl=3.0 tp=6.0 f6s4=75.0 f6s1=20.5 cl=6
----------------------------------------------------------------------------------------------------
Trial 162 | PRUNED (year1 rs=  +266,549) |    24s
Trial 163 | PRUNED (year1 rs=  +282,790) |    24s
Trial 164 | PRUNED (year1 rs=  +215,421) |    24s
Trial 165 | PRUNED (year1 rs=  +234,227) |    24s
Trial 166 | score=      829794 | rs=    +963,878 | wr= 50.5% | pf= 1.71 | trades= 4,250 |    72s

----------------------------------------------------------------------------------------------------
LIVE LEADERBOARD (top 5 by composite score)
  # |        SCORE |           RS |    WR% |    PF |     TR | params
  1 |       829794 |      963,878 |   50.5 |  1.71 |  4,250 | s1=7 s4=50 atr=10 sl=3.0 tp=6.0 f6s4=75.0 f6s1=20.5 cl=6
  2 |       829794 |      963,878 |   50.5 |  1.71 |  4,250 | s1=7 s4=50 atr=10 sl=3.0 tp=6.0 f6s4=75.0 f6s1=20.5 cl=6
  3 |       829794 |      963,878 |   50.5 |  1.71 |  4,250 | s1=7 s4=50 atr=10 sl=3.0 tp=6.0 f6s4=75.0 f6s1=20.5 cl=6
  4 |       829794 |      963,878 |   50.5 |  1.71 |  4,250 | s1=7 s4=50 atr=10 sl=3.0 tp=6.0 f6s4=75.0 f6s1=20.5 cl=6
  5 |       829794 |      963,878 |   50.5 |  1.71 |  4,250 | s1=7 s4=50 atr=10 sl=3.0 tp=6.0 f6s4=75.0 f6s1=20.5 cl=6
----------------------------------------------------------------------------------------------------
Trial 167 | PRUNED (year1 rs=  +256,938) |    24s
Trial 168 | PRUNED (year1 rs=  +182,383) |    24s
Trial 169 | PRUNED (year1 rs=  +253,669) |    25s
Trial 170 | PRUNED (year1 rs=  +216,912) |    25s
Trial 171 | score=      829794 | rs=    +963,878 | wr= 50.5% | pf= 1.71 | trades= 4,250 |    72s

----------------------------------------------------------------------------------------------------
LIVE LEADERBOARD (top 5 by composite score)
  # |        SCORE |           RS |    WR% |    PF |     TR | params
  1 |       829794 |      963,878 |   50.5 |  1.71 |  4,250 | s1=7 s4=50 atr=10 sl=3.0 tp=6.0 f6s4=75.0 f6s1=20.5 cl=6
  2 |       829794 |      963,878 |   50.5 |  1.71 |  4,250 | s1=7 s4=50 atr=10 sl=3.0 tp=6.0 f6s4=75.0 f6s1=20.5 cl=6
  3 |       829794 |      963,878 |   50.5 |  1.71 |  4,250 | s1=7 s4=50 atr=10 sl=3.0 tp=6.0 f6s4=75.0 f6s1=20.5 cl=6
  4 |       829794 |      963,878 |   50.5 |  1.71 |  4,250 | s1=7 s4=50 atr=10 sl=3.0 tp=6.0 f6s4=75.0 f6s1=20.5 cl=6
  5 |       829794 |      963,878 |   50.5 |  1.71 |  4,250 | s1=7 s4=50 atr=10 sl=3.0 tp=6.0 f6s4=75.0 f6s1=20.5 cl=6
----------------------------------------------------------------------------------------------------
Trial 172 | PRUNED (year1 rs=  +213,379) |    25s
Trial 173 | PRUNED (year1 rs=  +258,882) |    24s
Trial 174 | PRUNED (year1 rs=  +273,694) |    24s
Trial 175 | score=      829794 | rs=    +963,878 | wr= 50.5% | pf= 1.71 | trades= 4,250 |    72s

----------------------------------------------------------------------------------------------------
LIVE LEADERBOARD (top 5 by composite score)
  # |        SCORE |           RS |    WR% |    PF |     TR | params
  1 |       829794 |      963,878 |   50.5 |  1.71 |  4,250 | s1=7 s4=50 atr=10 sl=3.0 tp=6.0 f6s4=75.0 f6s1=20.5 cl=6
  2 |       829794 |      963,878 |   50.5 |  1.71 |  4,250 | s1=7 s4=50 atr=10 sl=3.0 tp=6.0 f6s4=75.0 f6s1=20.5 cl=6
  3 |       829794 |      963,878 |   50.5 |  1.71 |  4,250 | s1=7 s4=50 atr=10 sl=3.0 tp=6.0 f6s4=75.0 f6s1=20.5 cl=6
  4 |       829794 |      963,878 |   50.5 |  1.71 |  4,250 | s1=7 s4=50 atr=10 sl=3.0 tp=6.0 f6s4=75.0 f6s1=20.5 cl=6
  5 |       829794 |      963,878 |   50.5 |  1.71 |  4,250 | s1=7 s4=50 atr=10 sl=3.0 tp=6.0 f6s4=75.0 f6s1=20.5 cl=6
----------------------------------------------------------------------------------------------------
Trial 176 | PRUNED (year1 rs=  +267,963) |    24s
Trial 177 | PRUNED (year1 rs=  +177,119) |    24s
Trial 178 | score=      829794 | rs=    +963,878 | wr= 50.5% | pf= 1.71 | trades= 4,250 |    71s

----------------------------------------------------------------------------------------------------
LIVE LEADERBOARD (top 5 by composite score)
  # |        SCORE |           RS |    WR% |    PF |     TR | params
  1 |       829794 |      963,878 |   50.5 |  1.71 |  4,250 | s1=7 s4=50 atr=10 sl=3.0 tp=6.0 f6s4=75.0 f6s1=20.5 cl=6
  2 |       829794 |      963,878 |   50.5 |  1.71 |  4,250 | s1=7 s4=50 atr=10 sl=3.0 tp=6.0 f6s4=75.0 f6s1=20.5 cl=6
  3 |       829794 |      963,878 |   50.5 |  1.71 |  4,250 | s1=7 s4=50 atr=10 sl=3.0 tp=6.0 f6s4=75.0 f6s1=20.5 cl=6
  4 |       829794 |      963,878 |   50.5 |  1.71 |  4,250 | s1=7 s4=50 atr=10 sl=3.0 tp=6.0 f6s4=75.0 f6s1=20.5 cl=6
  5 |       829794 |      963,878 |   50.5 |  1.71 |  4,250 | s1=7 s4=50 atr=10 sl=3.0 tp=6.0 f6s4=75.0 f6s1=20.5 cl=6
----------------------------------------------------------------------------------------------------
Trial 179 | score=      829794 | rs=    +963,878 | wr= 50.5% | pf= 1.71 | trades= 4,250 |    71s

----------------------------------------------------------------------------------------------------
LIVE LEADERBOARD (top 5 by composite score)
  # |        SCORE |           RS |    WR% |    PF |     TR | params
  1 |       829794 |      963,878 |   50.5 |  1.71 |  4,250 | s1=7 s4=50 atr=10 sl=3.0 tp=6.0 f6s4=75.0 f6s1=20.5 cl=6
  2 |       829794 |      963,878 |   50.5 |  1.71 |  4,250 | s1=7 s4=50 atr=10 sl=3.0 tp=6.0 f6s4=75.0 f6s1=20.5 cl=6
  3 |       829794 |      963,878 |   50.5 |  1.71 |  4,250 | s1=7 s4=50 atr=10 sl=3.0 tp=6.0 f6s4=75.0 f6s1=20.5 cl=6
  4 |       829794 |      963,878 |   50.5 |  1.71 |  4,250 | s1=7 s4=50 atr=10 sl=3.0 tp=6.0 f6s4=75.0 f6s1=20.5 cl=6
  5 |       829794 |      963,878 |   50.5 |  1.71 |  4,250 | s1=7 s4=50 atr=10 sl=3.0 tp=6.0 f6s4=75.0 f6s1=20.5 cl=6
----------------------------------------------------------------------------------------------------
Trial 180 | PRUNED (year1 rs=  +266,475) |    24s
Trial 181 | PRUNED (year1 rs=  +209,364) |    24s
Trial 182 | score=      829794 | rs=    +963,878 | wr= 50.5% | pf= 1.71 | trades= 4,250 |    72s

----------------------------------------------------------------------------------------------------
LIVE LEADERBOARD (top 5 by composite score)
  # |        SCORE |           RS |    WR% |    PF |     TR | params
  1 |       829794 |      963,878 |   50.5 |  1.71 |  4,250 | s1=7 s4=50 atr=10 sl=3.0 tp=6.0 f6s4=75.0 f6s1=20.5 cl=6
  2 |       829794 |      963,878 |   50.5 |  1.71 |  4,250 | s1=7 s4=50 atr=10 sl=3.0 tp=6.0 f6s4=75.0 f6s1=20.5 cl=6
  3 |       829794 |      963,878 |   50.5 |  1.71 |  4,250 | s1=7 s4=50 atr=10 sl=3.0 tp=6.0 f6s4=75.0 f6s1=20.5 cl=6
  4 |       829794 |      963,878 |   50.5 |  1.71 |  4,250 | s1=7 s4=50 atr=10 sl=3.0 tp=6.0 f6s4=75.0 f6s1=20.5 cl=6
  5 |       829794 |      963,878 |   50.5 |  1.71 |  4,250 | s1=7 s4=50 atr=10 sl=3.0 tp=6.0 f6s4=75.0 f6s1=20.5 cl=6
----------------------------------------------------------------------------------------------------
Trial 183 | score=      829794 | rs=    +963,878 | wr= 50.5% | pf= 1.71 | trades= 4,250 |    72s

----------------------------------------------------------------------------------------------------
LIVE LEADERBOARD (top 5 by composite score)
  # |        SCORE |           RS |    WR% |    PF |     TR | params
  1 |       829794 |      963,878 |   50.5 |  1.71 |  4,250 | s1=7 s4=50 atr=10 sl=3.0 tp=6.0 f6s4=75.0 f6s1=20.5 cl=6
  2 |       829794 |      963,878 |   50.5 |  1.71 |  4,250 | s1=7 s4=50 atr=10 sl=3.0 tp=6.0 f6s4=75.0 f6s1=20.5 cl=6
  3 |       829794 |      963,878 |   50.5 |  1.71 |  4,250 | s1=7 s4=50 atr=10 sl=3.0 tp=6.0 f6s4=75.0 f6s1=20.5 cl=6
  4 |       829794 |      963,878 |   50.5 |  1.71 |  4,250 | s1=7 s4=50 atr=10 sl=3.0 tp=6.0 f6s4=75.0 f6s1=20.5 cl=6
  5 |       829794 |      963,878 |   50.5 |  1.71 |  4,250 | s1=7 s4=50 atr=10 sl=3.0 tp=6.0 f6s4=75.0 f6s1=20.5 cl=6
----------------------------------------------------------------------------------------------------
Trial 184 | PRUNED (year1 rs=  +271,038) |    25s
Trial 185 | PRUNED (year1 rs=  +190,204) |    24s
Trial 186 | PRUNED (year1 rs=  +264,556) |    25s
Trial 187 | PRUNED (year1 rs=  +151,006) |    25s
Trial 188 | PRUNED (year1 rs=  +202,763) |    24s
Trial 189 | PRUNED (year1 rs=  +179,733) |    25s
Trial 190 | PRUNED (year1 rs=  +191,075) |    24s
Trial 191 | score=      829794 | rs=    +963,878 | wr= 50.5% | pf= 1.71 | trades= 4,250 |    72s

----------------------------------------------------------------------------------------------------
LIVE LEADERBOARD (top 5 by composite score)
  # |        SCORE |           RS |    WR% |    PF |     TR | params
  1 |       829794 |      963,878 |   50.5 |  1.71 |  4,250 | s1=7 s4=50 atr=10 sl=3.0 tp=6.0 f6s4=75.0 f6s1=20.5 cl=6
  2 |       829794 |      963,878 |   50.5 |  1.71 |  4,250 | s1=7 s4=50 atr=10 sl=3.0 tp=6.0 f6s4=75.0 f6s1=20.5 cl=6
  3 |       829794 |      963,878 |   50.5 |  1.71 |  4,250 | s1=7 s4=50 atr=10 sl=3.0 tp=6.0 f6s4=75.0 f6s1=20.5 cl=6
  4 |       829794 |      963,878 |   50.5 |  1.71 |  4,250 | s1=7 s4=50 atr=10 sl=3.0 tp=6.0 f6s4=75.0 f6s1=20.5 cl=6
  5 |       829794 |      963,878 |   50.5 |  1.71 |  4,250 | s1=7 s4=50 atr=10 sl=3.0 tp=6.0 f6s4=75.0 f6s1=20.5 cl=6
----------------------------------------------------------------------------------------------------
Trial 192 | score=      829794 | rs=    +963,878 | wr= 50.5% | pf= 1.71 | trades= 4,250 |    72s

----------------------------------------------------------------------------------------------------
LIVE LEADERBOARD (top 5 by composite score)
  # |        SCORE |           RS |    WR% |    PF |     TR | params
  1 |       829794 |      963,878 |   50.5 |  1.71 |  4,250 | s1=7 s4=50 atr=10 sl=3.0 tp=6.0 f6s4=75.0 f6s1=20.5 cl=6
  2 |       829794 |      963,878 |   50.5 |  1.71 |  4,250 | s1=7 s4=50 atr=10 sl=3.0 tp=6.0 f6s4=75.0 f6s1=20.5 cl=6
  3 |       829794 |      963,878 |   50.5 |  1.71 |  4,250 | s1=7 s4=50 atr=10 sl=3.0 tp=6.0 f6s4=75.0 f6s1=20.5 cl=6
  4 |       829794 |      963,878 |   50.5 |  1.71 |  4,250 | s1=7 s4=50 atr=10 sl=3.0 tp=6.0 f6s4=75.0 f6s1=20.5 cl=6
  5 |       829794 |      963,878 |   50.5 |  1.71 |  4,250 | s1=7 s4=50 atr=10 sl=3.0 tp=6.0 f6s4=75.0 f6s1=20.5 cl=6
----------------------------------------------------------------------------------------------------
Trial 193 | PRUNED (year1 rs=  +259,115) |    24s
Trial 194 | PRUNED (year1 rs=  +152,531) |    24s
Trial 195 | PRUNED (year1 rs=  +254,574) |    24s
Trial 196 | PRUNED (year1 rs=  +193,036) |    24s
Trial 197 | PRUNED (year1 rs=  +174,161) |    24s
Trial 198 | score=      829794 | rs=    +963,878 | wr= 50.5% | pf= 1.71 | trades= 4,250 |    72s

----------------------------------------------------------------------------------------------------
LIVE LEADERBOARD (top 5 by composite score)
  # |        SCORE |           RS |    WR% |    PF |     TR | params
  1 |       829794 |      963,878 |   50.5 |  1.71 |  4,250 | s1=7 s4=50 atr=10 sl=3.0 tp=6.0 f6s4=75.0 f6s1=20.5 cl=6
  2 |       829794 |      963,878 |   50.5 |  1.71 |  4,250 | s1=7 s4=50 atr=10 sl=3.0 tp=6.0 f6s4=75.0 f6s1=20.5 cl=6
  3 |       829794 |      963,878 |   50.5 |  1.71 |  4,250 | s1=7 s4=50 atr=10 sl=3.0 tp=6.0 f6s4=75.0 f6s1=20.5 cl=6
  4 |       829794 |      963,878 |   50.5 |  1.71 |  4,250 | s1=7 s4=50 atr=10 sl=3.0 tp=6.0 f6s4=75.0 f6s1=20.5 cl=6
  5 |       829794 |      963,878 |   50.5 |  1.71 |  4,250 | s1=7 s4=50 atr=10 sl=3.0 tp=6.0 f6s4=75.0 f6s1=20.5 cl=6
----------------------------------------------------------------------------------------------------
Trial 199 | score=      829794 | rs=    +963,878 | wr= 50.5% | pf= 1.71 | trades= 4,250 |    72s

----------------------------------------------------------------------------------------------------
LIVE LEADERBOARD (top 5 by composite score)
  # |        SCORE |           RS |    WR% |    PF |     TR | params
  1 |       829794 |      963,878 |   50.5 |  1.71 |  4,250 | s1=7 s4=50 atr=10 sl=3.0 tp=6.0 f6s4=75.0 f6s1=20.5 cl=6
  2 |       829794 |      963,878 |   50.5 |  1.71 |  4,250 | s1=7 s4=50 atr=10 sl=3.0 tp=6.0 f6s4=75.0 f6s1=20.5 cl=6
  3 |       829794 |      963,878 |   50.5 |  1.71 |  4,250 | s1=7 s4=50 atr=10 sl=3.0 tp=6.0 f6s4=75.0 f6s1=20.5 cl=6
  4 |       829794 |      963,878 |   50.5 |  1.71 |  4,250 | s1=7 s4=50 atr=10 sl=3.0 tp=6.0 f6s4=75.0 f6s1=20.5 cl=6
  5 |       829794 |      963,878 |   50.5 |  1.71 |  4,250 | s1=7 s4=50 atr=10 sl=3.0 tp=6.0 f6s4=75.0 f6s1=20.5 cl=6
----------------------------------------------------------------------------------------------------

=== PHASE 1 COMPLETE: 200 trials in 161.7 min ===
Results: optuna_results.csv
