{
  "days": [
    "2020-01-01",
    "2020-01-02",
    "2020-01-03",
    "2020-01-06",
    "2020-01-07"
  ],
  "workers": 8,
  "candidates": 48,
  "expected_signal_builds": 5,
  "csv": {
    "reference_seconds": 37.604,
    "incremental_seconds": 12.295,
    "speedup": 3.059,
    "signal_builds": 5,
    "factorized": {
      "seconds": 8.29,
      "speedup": 4.536,
      "base_builds": 5,
      "signal_builds": 5,
      "summaries_match": [
        true,
        true,
        true,
        true,
        true,
        true,
        true,
        true,
        true,
        true,
        true,
        true,
        true,
        true,
        true,
        true,
        true,
        true,
        true,
        true,
        true,
        true,
        true,
        true,
        true,
        true,
        true,
        true,
        true,
        true,
        true,
        true,
        true,
        true,
        true,
        true,
        true,
        true,
        true,
        true,
        true,
        true,
        true,
        true,
        true,
        true,
        true,
        true
      ]
    },
    "summaries_match": [
      true,
      true,
      true,
      true,
      true,
      true,
      true,
      true,
      true,
      true,
      true,
      true,
      true,
      true,
      true,
      true,
      true,
      true,
      true,
      true,
      true,
      true,
      true,
      true,
      true,
      true,
      true,
      true,
      true,
      true,
      true,
      true,
      true,
      true,
      true,
      true,
      true,
      true,
      true,
      true,
      true,
      true,
      true,
      true,
      true,
      true,
      true,
      true
    ]
  },
  "parquet": {
    "reference_seconds": 45.831,
    "incremental_seconds": 12.992,
    "speedup": 3.528,
    "signal_builds": 5,
    "factorized": {
      "seconds": 7.839,
      "speedup": 5.846,
      "base_builds": 5,
      "signal_builds": 5,
      "summaries_match": [
        true,
        true,
        true,
        true,
        true,
        true,
        true,
        true,
        true,
        true,
        true,
        true,
        true,
        true,
        true,
        true,
        true,
        true,
        true,
        true,
        true,
        true,
        true,
        true,
        true,
        true,
        true,
        true,
        true,
        true,
        true,
        true,
        true,
        true,
        true,
        true,
        true,
        true,
        true,
        true,
        true,
        true,
        true,
        true,
        true,
        true,
        true,
        true
      ]
    },
    "summaries_match": [
      true,
      true,
      true,
      true,
      true,
      true,
      true,
      true,
      true,
      true,
      true,
      true,
      true,
      true,
      true,
      true,
      true,
      true,
      true,
      true,
      true,
      true,
      true,
      true,
      true,
      true,
      true,
      true,
      true,
      true,
      true,
      true,
      true,
      true,
      true,
      true,
      true,
      true,
      true,
      true,
      true,
      true,
      true,
      true,
      true,
      true,
      true,
      true
    ]
  }
}
