{
  "days": [
    "2020-01-01",
    "2020-01-02",
    "2020-01-03",
    "2020-01-06",
    "2020-01-07"
  ],
  "workers": 8,
  "candidates": 48,
  "expected_signal_builds": 5,
  "csv": {
    "reference_seconds": 39.716,
    "incremental_seconds": 12.188,
    "speedup": 3.258,
    "signal_builds": 5,
    "summaries_match": [
      true,
      true,
      true,
      true,
      true,
      true,
      true,
      true,
      true,
      true,
      true,
      true,
      true,
      true,
      true,
      true,
      true,
      true,
      true,
      true,
      true,
      true,
      true,
      true,
      true,
      true,
      true,
      true,
      true,
      true,
      true,
      true,
      true,
      true,
      true,
      true,
      true,
      true,
      true,
      true,
      true,
      true,
      true,
      true,
      true,
      true,
      true,
      true
    ]
  },
  "parquet": {
    "reference_seconds": 40.473,
    "incremental_seconds": 11.888,
    "speedup": 3.405,
    "signal_builds": 5,
    "summaries_match": [
      true,
      true,
      true,
      true,
      true,
      true,
      true,
      true,
      true,
      true,
      true,
      true,
      true,
      true,
      true,
      true,
      true,
      true,
      true,
      true,
      true,
      true,
      true,
      true,
      true,
      true,
      true,
      true,
      true,
      true,
      true,
      true,
      true,
      true,
      true,
      true,
      true,
      true,
      true,
      true,
      true,
      true,
      true,
      true,
      true,
      true,
      true,
      true
    ]
  }
}
