{
  "start": "2020-01-01",
  "end": "2024-12-31",
  "days": 5,
  "smoke": true,
  "mode": "previous_divergence",
  "params": {
    "s1_k": 12,
    "s1_d": 3,
    "s4_k": 50,
    "atr_period": 10,
    "atr_sl_mult": 3.0,
    "atr_tp_mult": 6.0,
    "f6_s4_thresh": 79.5,
    "f6_s1_thresh": 25.0,
    "consec_loss": 8
  },
  "engine": "causal clock-aligned live parity",
  "costs": {
    "slippage_points_per_side": 1.0,
    "brokerage_per_order": 0.0
  },
  "stats": {
    "trades": 13,
    "win_rate": 69.23076923076923,
    "net_rs": 9959,
    "net_points": 153.22,
    "fees": 161.69,
    "pf": 5.0649
  },
  "yearly": {
    "2020": {
      "trades": 13,
      "win_rate": 69.23076923076923,
      "net_rs": 9959,
      "net_points": 153.22,
      "fees": 161.69,
      "pf": 5.0649
    }
  }
}
JSON: artifacts\f6_hybrid\causal_f6_16l_previous_divergence_2020_2024_smoke.json
