GPU: NVIDIA GeForce RTX 3060 | VRAM: 12.0GB
Loading data into VRAM...
  1574 days ╫ 375 bars in 2.4s
  TF=1m: 375 bars
  TF=2m: 188 bars
  TF=3m: 125 bars
  TF=5m: 75 bars
Pre-computing indicator cache...
  288 tensors cached in 0.1s
  [HALF] STOCH_CACHE recast to float16 (prices/ATR/exits stay fp32)
Components loaded: 15 (proven+HFT-fast)  (days=1574, min_trades=1574)
Consistency: 7 yrs, 77 months

=== HFT STUDY [5m HA UT Bot]: 2500 trials (NW) ===
C:\Users\user\AppData\Local\hermes\hermes-agent\venv\Lib\site-packages\optuna\_experimental.py:33: ExperimentalWarning: Argument ``multivariate`` is an experimental feature. The interface can change in the future.
  optuna_warn(
C:\Users\user\AppData\Local\hermes\hermes-agent\venv\Lib\site-packages\optuna\_experimental.py:33: ExperimentalWarning: Argument ``constant_liar`` is an experimental feature. The interface can change in the future.
  optuna_warn(
NW study done in 78s; HFT-passing candidates: 944
Consistency pool: 499; checking EVERY MONTH...
  candidates positive EVERY month: 499/499

======  TOP 5  [5m HA UT Bot]  (max net / least DD / all months +)  ======

#1  [ALL-MONTHS +]
   NW net=Rs+1,918,711  DD=Rs3,443  PF=3.35  T=2985 (1.90/day)  WR=71.3%
   params: ck=1 sl=4.0 tp=6.0 atr=29 dl=5 mn=0.6 relax=9 sess=[+30,-30]
   per-year net: 2020:Rs261,598  2021:Rs292,940  2022:Rs331,311  2023:Rs268,760  2024:Rs329,718  2025:Rs311,198  2026:Rs123,187
   OOS(2024-26): net=Rs+764,103  WR=72.3%  PF=3.57  DD=Rs3,443  T=932 (1.5/day)

#2  [ALL-MONTHS +]
   NW net=Rs+1,918,711  DD=Rs3,443  PF=3.35  T=2985 (1.90/day)  WR=71.3%
   params: ck=1 sl=4.0 tp=6.0 atr=29 dl=5 mn=0.6 relax=1 sess=[+20,-30]
   per-year net: 2020:Rs261,598  2021:Rs292,940  2022:Rs331,311  2023:Rs268,760  2024:Rs329,718  2025:Rs311,198  2026:Rs123,187
   OOS(2024-26): net=Rs+764,103  WR=72.3%  PF=3.57  DD=Rs3,443  T=932 (1.5/day)

#3  [ALL-MONTHS +]
   NW net=Rs+1,909,071  DD=Rs3,872  PF=3.27  T=2993 (1.90/day)  WR=71.4%
   params: ck=1 sl=4.0 tp=6.0 atr=12 dl=5 mn=0.6 relax=15 sess=[+30,-30]
   per-year net: 2020:Rs274,446  2021:Rs294,924  2022:Rs315,024  2023:Rs263,946  2024:Rs321,524  2025:Rs322,889  2026:Rs116,318
   OOS(2024-26): net=Rs+760,731  WR=71.4%  PF=3.36  DD=Rs3,206  T=961 (1.6/day)

#4  [ALL-MONTHS +]
   NW net=Rs+1,905,841  DD=Rs3,282  PF=3.33  T=2902 (1.84/day)  WR=70.7%
   params: ck=1 sl=4.0 tp=6.2 atr=25 dl=5 mn=0.6 relax=6 sess=[+25,-30]
   per-year net: 2020:Rs269,894  2021:Rs276,948  2022:Rs324,060  2023:Rs269,834  2024:Rs318,234  2025:Rs322,017  2026:Rs124,855
   OOS(2024-26): net=Rs+765,106  WR=72.0%  PF=3.61  DD=Rs3,122  T=903 (1.5/day)

#5  [ALL-MONTHS +]
   NW net=Rs+1,905,841  DD=Rs3,282  PF=3.33  T=2902 (1.84/day)  WR=70.7%
   params: ck=1 sl=4.0 tp=6.2 atr=25 dl=5 mn=0.6 relax=7 sess=[+30,-30]
   per-year net: 2020:Rs269,894  2021:Rs276,948  2022:Rs324,060  2023:Rs269,834  2024:Rs318,234  2025:Rs322,017  2026:Rs124,855
   OOS(2024-26): net=Rs+765,106  WR=72.0%  PF=3.61  DD=Rs3,122  T=903 (1.5/day)

Saved: C:\Websites\FLATTRADE BOT\artifacts\f6_hybrid\optimus_hft_trend5.json
