GPU: NVIDIA GeForce RTX 3060 | VRAM: 12.0GB
Loading data into VRAM...
  1574 days ╫ 375 bars in 2.3s
  TF=1m: 375 bars
  TF=2m: 188 bars
  TF=3m: 125 bars
  TF=5m: 75 bars
Pre-computing indicator cache...
  288 tensors cached in 0.1s
  [HALF] STOCH_CACHE recast to float16 (prices/ATR/exits stay fp32)
Components loaded: 15 (proven+HFT-fast)  (days=1574, min_trades=6296)
Consistency: 7 yrs, 77 months

=== HFT STUDY [5m HA UT Bot]: 2500 trials (NW) ===
C:\Users\user\AppData\Local\hermes\hermes-agent\venv\Lib\site-packages\optuna\_experimental.py:33: ExperimentalWarning: Argument ``multivariate`` is an experimental feature. The interface can change in the future.
  optuna_warn(
C:\Users\user\AppData\Local\hermes\hermes-agent\venv\Lib\site-packages\optuna\_experimental.py:33: ExperimentalWarning: Argument ``constant_liar`` is an experimental feature. The interface can change in the future.
  optuna_warn(
NW study done in 78s; HFT-passing candidates: 44
Consistency pool: 44; checking EVERY MONTH...
  candidates positive EVERY month: 16/44

======  TOP 5  [5m HA UT Bot]  (max net / least DD / all months +)  ======

#1  [ALL-MONTHS +]
   NW net=Rs+1,061,342  DD=Rs3,009  PF=1.86  T=6404 (4.07/day)  WR=63.1%
   params: ck=1 sl=1.8 tp=2.8 atr=19 dl=5 mn=0.6 relax=6 sess=[+25,-60]
   per-year net: 2020:Rs138,797  2021:Rs134,690  2022:Rs176,212  2023:Rs122,557  2024:Rs214,483  2025:Rs203,523  2026:Rs71,082
   OOS(2024-26): net=Rs+489,087  WR=63.5%  PF=2.03  DD=Rs3,009  T=2065 (3.4/day)

#2  [ALL-MONTHS +]
   NW net=Rs+1,061,342  DD=Rs3,009  PF=1.86  T=6404 (4.07/day)  WR=63.1%
   params: ck=1 sl=1.8 tp=2.8 atr=19 dl=5 mn=0.6 relax=13 sess=[+40,-60]
   per-year net: 2020:Rs138,797  2021:Rs134,690  2022:Rs176,212  2023:Rs122,557  2024:Rs214,483  2025:Rs203,523  2026:Rs71,082
   OOS(2024-26): net=Rs+489,087  WR=63.5%  PF=2.03  DD=Rs3,009  T=2065 (3.4/day)

#3  [ALL-MONTHS +]
   NW net=Rs+1,053,863  DD=Rs2,946  PF=1.85  T=6377 (4.05/day)  WR=62.9%
   params: ck=1 sl=1.8 tp=2.8 atr=17 dl=5 mn=0.6 relax=3 sess=[+30,-45]
   per-year net: 2020:Rs139,357  2021:Rs140,296  2022:Rs171,856  2023:Rs124,783  2024:Rs214,032  2025:Rs194,653  2026:Rs68,885
   OOS(2024-26): net=Rs+477,571  WR=63.5%  PF=1.99  DD=Rs2,946  T=2055 (3.4/day)

#4  [ALL-MONTHS +]
   NW net=Rs+1,000,200  DD=Rs3,186  PF=1.82  T=6414 (4.07/day)  WR=61.3%
   params: ck=1 sl=1.7 tp=2.8 atr=10 dl=5 mn=0.6 relax=4 sess=[+20,-60]
   per-year net: 2020:Rs130,099  2021:Rs137,656  2022:Rs164,391  2023:Rs111,827  2024:Rs202,838  2025:Rs187,641  2026:Rs65,748
   OOS(2024-26): net=Rs+456,228  WR=62.4%  PF=1.98  DD=Rs3,066  T=2038 (3.3/day)

#5  [ALL-MONTHS +]
   NW net=Rs+991,060  DD=Rs3,437  PF=1.80  T=6460 (4.10/day)  WR=61.3%
   params: ck=1 sl=1.7 tp=2.8 atr=8 dl=5 mn=0.6 relax=9 sess=[+40,-60]
   per-year net: 2020:Rs128,566  2021:Rs138,366  2022:Rs155,940  2023:Rs112,213  2024:Rs204,489  2025:Rs184,907  2026:Rs66,580
   OOS(2024-26): net=Rs+455,976  WR=62.4%  PF=1.96  DD=Rs3,437  T=2067 (3.4/day)

Saved: C:\Websites\FLATTRADE BOT\artifacts\f6_hybrid\optimus_hft_trend5_f4_wr55.0.json
