GPU: NVIDIA GeForce RTX 3060 | VRAM: 12.0GB
Loading data into VRAM...
  1574 days × 375 bars in 2.2s
  TF=1m: 375 bars
  TF=2m: 188 bars
  TF=3m: 125 bars
  TF=5m: 75 bars
Pre-computing indicator cache...
  288 tensors cached in 0.1s

============================================================================================================================================
PHASE 5d: FUSED 3D-BATCH GPU | 1×200×2 = 400 trials | FILTER=B07
Position Lock [Y] | Slippage 1pt [Y] | Daily Cap [Y] | Cached Indicators [Y] | Batch=100
============================================================================================================================================

[01/1] B07: Best-TF CE+PE DD Target
  NW 2s: Rs +412,938 WR=96.1% PF=0.00 DD=Rs 865 T=879 CE=483 PE=396
  WF 2s: IS=Rs +9,165 -> OOS=Rs +0 PF=0.00 WR=0.0% DD=Rs 0 WFE=0.0
  Params NW: {'daily_loss_pts': 3, 'max_trade_loss_rs': 500, 'sess_start_off': 30, 'sess_end_off': 60, 'timeframe': 1, 's1_k': 13, 's4_k': 95, 'atr_p': 18, 's1_os': 28.0, 's4_ob': 72.0, 'sl_m': 1.2000000000000002, 'tp_m': 2.25}
  Params WF: {'daily_loss_pts': 20, 'max_trade_loss_rs': 9999, 'sess_start_off': 5, 'sess_end_off': 75, 'timeframe': 1, 's1_k': 15, 's4_k': 20, 'atr_p': 31, 's1_os': 38.0, 's4_ob': 74.5, 'sl_m': 1.3, 'tp_m': 3.25}

================================================================================================================================================================
PHASE 5d LEADERBOARD (400 TRIALS IN 4.9s = 82 t/s) — FUSED 3D-BATCH CAUSAL
================================================================================================================================================================

NW#  OOS#  Strategy                                           NW PnL     PF     WR         DD        OOS PnL     PF     WR         DD   WFE      CE/PE
-----------------------------------------------------------------------------------------------------------------------------------------------------------
[ 1] [ 1]  B07: Best-TF CE+PE DD Target               Rs    +412,938  0.00 96.1% Rs     865 Rs          +0  0.00  0.0% Rs       0 0.00        0/0 ***

DD COMPARISON:
  B07: Best-TF CE+PE DD Target              : DD=Rs       0 (999%) CE=Rs         +0 PE=Rs         +0 Max Trade SL=Rs9999

Saved: C:\Websites\FLATTRADE BOT\artifacts\f6_hybrid\master_phase5d_causal_fused.json
