GPU: NVIDIA GeForce RTX 3060 | VRAM: 12.0GB
Loading data into VRAM...
  1574 days × 375 bars in 2.0s
  TF=1m: 375 bars
  TF=2m: 188 bars
  TF=3m: 125 bars
  TF=5m: 75 bars
Pre-computing indicator cache...
  288 tensors cached in 0.1s

============================================================================================================================================
PHASE 5d: FUSED 3D-BATCH GPU | 1×600×2 = 1,200 trials | FILTER=B07
Position Lock [Y] | Slippage 1pt [Y] | Daily Cap [Y] | Cached Indicators [Y] | Batch=256
============================================================================================================================================

[01/1] B07: Best-TF CE+PE DD Target
GPU: NVIDIA GeForce RTX 3060 | VRAM: 12.0GB
Loading data into VRAM...
GPU: NVIDIA GeForce RTX 3060 | VRAM: 12.0GB
Loading data into VRAM...
GPU: NVIDIA GeForce RTX 3060 | VRAM: 12.0GB
Loading data into VRAM...
GPU: NVIDIA GeForce RTX 3060 | VRAM: 12.0GB
Loading data into VRAM...
GPU: NVIDIA GeForce RTX 3060 | VRAM: 12.0GB
Loading data into VRAM...
GPU: NVIDIA GeForce RTX 3060 | VRAM: 12.0GB
Loading data into VRAM...
GPU: NVIDIA GeForce RTX 3060 | VRAM: 12.0GB
Loading data into VRAM...
GPU: NVIDIA GeForce RTX 3060 | VRAM: 12.0GB
Loading data into VRAM...
  1574 days × 375 bars in 3.6s
  TF=1m: 375 bars
  TF=2m: 188 bars
  TF=3m: 125 bars
  TF=5m: 75 bars
Pre-computing indicator cache...
  1574 days × 375 bars in 3.7s
  TF=1m: 375 bars
  1574 days × 375 bars in 3.7s
  TF=1m: 375 bars
  TF=2m: 188 bars
  TF=3m: 125 bars
  TF=5m: 75 bars
Pre-computing indicator cache...
  TF=2m: 188 bars
  TF=3m: 125 bars
  TF=5m: 75 bars
Pre-computing indicator cache...
  1574 days × 375 bars in 3.7s
  TF=1m: 375 bars
  TF=2m: 188 bars
  TF=3m: 125 bars
  TF=5m: 75 bars
Pre-computing indicator cache...
  288 tensors cached in 0.2s
  1574 days × 375 bars in 3.9s
  TF=1m: 375 bars
  TF=2m: 188 bars
  TF=3m: 125 bars
  TF=5m: 75 bars
Pre-computing indicator cache...
  288 tensors cached in 0.3s
  288 tensors cached in 0.3s
  1574 days × 375 bars in 3.9s
  TF=1m: 375 bars
  1574 days × 375 bars in 3.9s
  TF=1m: 375 bars
  1574 days × 375 bars in 4.0s
  TF=1m: 375 bars
  TF=2m: 188 bars
  TF=3m: 125 bars
  TF=5m: 75 bars
Pre-computing indicator cache...
  TF=2m: 188 bars
  TF=3m: 125 bars
  TF=5m: 75 bars
Pre-computing indicator cache...
  TF=2m: 188 bars
  TF=3m: 125 bars
  TF=5m: 75 bars
Pre-computing indicator cache...
  288 tensors cached in 0.3s
  288 tensors cached in 0.2s
  288 tensors cached in 0.2s
  288 tensors cached in 0.2s
  288 tensors cached in 0.2s
GPU: NVIDIA GeForce RTX 3060 | VRAM: 12.0GB
GPU: NVIDIA GeForce RTX 3060 | VRAM: 12.0GB
Loading data into VRAM...
Loading data into VRAM...
GPU: NVIDIA GeForce RTX 3060 | VRAM: 12.0GB
Loading data into VRAM...
GPU: NVIDIA GeForce RTX 3060 | VRAM: 12.0GB
Loading data into VRAM...
GPU: NVIDIA GeForce RTX 3060 | VRAM: 12.0GB
Loading data into VRAM...
GPU: NVIDIA GeForce RTX 3060 | VRAM: 12.0GB
Loading data into VRAM...
GPU: NVIDIA GeForce RTX 3060 | VRAM: 12.0GB
Loading data into VRAM...
GPU: NVIDIA GeForce RTX 3060 | VRAM: 12.0GB
Loading data into VRAM...
  1574 days × 375 bars in 3.8s
  TF=1m: 375 bars
  1574 days × 375 bars in 3.8s
  TF=1m: 375 bars
  TF=2m: 188 bars
  TF=2m: 188 bars
  TF=3m: 125 bars
  TF=5m: 75 bars
Pre-computing indicator cache...
  TF=3m: 125 bars
  TF=5m: 75 bars
Pre-computing indicator cache...
  1574 days × 375 bars in 4.0s
  TF=1m: 375 bars
  TF=2m: 188 bars
  TF=3m: 125 bars
  TF=5m: 75 bars
Pre-computing indicator cache...
  288 tensors cached in 0.2s
  288 tensors cached in 0.2s
  1574 days × 375 bars in 4.1s
  TF=1m: 375 bars
  TF=2m: 188 bars
  TF=3m: 125 bars
  TF=5m: 75 bars
Pre-computing indicator cache...
  1574 days × 375 bars in 4.1s
  TF=1m: 375 bars
  1574 days × 375 bars in 4.2s
  TF=1m: 375 bars
  TF=2m: 188 bars
  TF=3m: 125 bars
  TF=5m: 75 bars
Pre-computing indicator cache...
  1574 days × 375 bars in 4.2s
  TF=1m: 375 bars
  288 tensors cached in 0.2s
  1574 days × 375 bars in 4.2s
  TF=1m: 375 bars
  TF=2m: 188 bars
  TF=3m: 125 bars
  TF=5m: 75 bars
Pre-computing indicator cache...
  TF=2m: 188 bars
  TF=3m: 125 bars
  TF=5m: 75 bars
Pre-computing indicator cache...
  TF=2m: 188 bars
  TF=3m: 125 bars
  TF=5m: 75 bars
Pre-computing indicator cache...
  288 tensors cached in 0.2s
  288 tensors cached in 0.3s
  288 tensors cached in 0.3s
  288 tensors cached in 0.3s
  288 tensors cached in 0.3s
