C:\Users\user\AppData\Local\hermes\hermes-agent\venv\Lib\site-packages\optuna\_experimental.py:33: ExperimentalWarning: Argument ``constant_liar`` is an experimental feature. The interface can change in the future.
  optuna_warn(
[W 2026-08-15 20:11:56,612] Trial 0 failed with parameters: {} because of the following error: KeyError(<optuna.trial._trial.Trial object at 0x0000028FCDB8C610>).
Traceback (most recent call last):
  File "C:\Users\user\AppData\Local\hermes\hermes-agent\venv\Lib\site-packages\optuna\study\_optimize.py", line 206, in _run_trial
    value_or_values = func(trial)
                      ^^^^^^^^^^^
  File "C:\Websites\FLATTRADE BOT\artifacts\f6_hybrid\master_phase5d_causal_gpu.py", line 490, in _objective
    day_mask = {"full": None, "is": d_is_mask, "oos": d_oos_mask}[mask_name]
               ~~~~~~~~~~~~~~~~~~~~~~~~~~~~~~~~~~~~~~~~~~~~~~~~~~^^^^^^^^^^^
KeyError: <optuna.trial._trial.Trial object at 0x0000028FCDB8C610>
[W 2026-08-15 20:11:56,613] Trial 1 failed with parameters: {} because of the following error: KeyError(<optuna.trial._trial.Trial object at 0x0000028FD6A1C450>).
Traceback (most recent call last):
  File "C:\Users\user\AppData\Local\hermes\hermes-agent\venv\Lib\site-packages\optuna\study\_optimize.py", line 206, in _run_trial
    value_or_values = func(trial)
                      ^^^^^^^^^^^
  File "C:\Websites\FLATTRADE BOT\artifacts\f6_hybrid\master_phase5d_causal_gpu.py", line 490, in _objective
    day_mask = {"full": None, "is": d_is_mask, "oos": d_oos_mask}[mask_name]
               ~~~~~~~~~~~~~~~~~~~~~~~~~~~~~~~~~~~~~~~~~~~~~~~~~~^^^^^^^^^^^
KeyError: <optuna.trial._trial.Trial object at 0x0000028FD6A1C450>
[W 2026-08-15 20:11:56,613] Trial 2 failed with parameters: {} because of the following error: KeyError(<optuna.trial._trial.Trial object at 0x0000028FD6A1BFD0>).
Traceback (most recent call last):
  File "C:\Users\user\AppData\Local\hermes\hermes-agent\venv\Lib\site-packages\optuna\study\_optimize.py", line 206, in _run_trial
    value_or_values = func(trial)
                      ^^^^^^^^^^^
  File "C:\Websites\FLATTRADE BOT\artifacts\f6_hybrid\master_phase5d_causal_gpu.py", line 490, in _objective
    day_mask = {"full": None, "is": d_is_mask, "oos": d_oos_mask}[mask_name]
               ~~~~~~~~~~~~~~~~~~~~~~~~~~~~~~~~~~~~~~~~~~~~~~~~~~^^^^^^^^^^^
KeyError: <optuna.trial._trial.Trial object at 0x0000028FD6A1BFD0>
[W 2026-08-15 20:11:56,614] Trial 3 failed with parameters: {} because of the following error: KeyError(<optuna.trial._trial.Trial object at 0x0000028FD6A1A810>).
Traceback (most recent call last):
  File "C:\Users\user\AppData\Local\hermes\hermes-agent\venv\Lib\site-packages\optuna\study\_optimize.py", line 206, in _run_trial
    value_or_values = func(trial)
                      ^^^^^^^^^^^
  File "C:\Websites\FLATTRADE BOT\artifacts\f6_hybrid\master_phase5d_causal_gpu.py", line 490, in _objective
    day_mask = {"full": None, "is": d_is_mask, "oos": d_oos_mask}[mask_name]
               ~~~~~~~~~~~~~~~~~~~~~~~~~~~~~~~~~~~~~~~~~~~~~~~~~~^^^^^^^^^^^
KeyError: <optuna.trial._trial.Trial object at 0x0000028FD6A1A810>
[W 2026-08-15 20:11:56,615] Trial 4 failed with parameters: {} because of the following error: KeyError(<optuna.trial._trial.Trial object at 0x0000028FD6A1A050>).
Traceback (most recent call last):
  File "C:\Users\user\AppData\Local\hermes\hermes-agent\venv\Lib\site-packages\optuna\study\_optimize.py", line 206, in _run_trial
    value_or_values = func(trial)
                      ^^^^^^^^^^^
  File "C:\Websites\FLATTRADE BOT\artifacts\f6_hybrid\master_phase5d_causal_gpu.py", line 490, in _objective
    day_mask = {"full": None, "is": d_is_mask, "oos": d_oos_mask}[mask_name]
               ~~~~~~~~~~~~~~~~~~~~~~~~~~~~~~~~~~~~~~~~~~~~~~~~~~^^^^^^^^^^^
KeyError: <optuna.trial._trial.Trial object at 0x0000028FD6A1A050>
[W 2026-08-15 20:11:56,615] Trial 0 failed with value None.
[W 2026-08-15 20:11:56,616] Trial 5 failed with parameters: {} because of the following error: KeyError(<optuna.trial._trial.Trial object at 0x0000028FD6A198D0>).
Traceback (most recent call last):
  File "C:\Users\user\AppData\Local\hermes\hermes-agent\venv\Lib\site-packages\optuna\study\_optimize.py", line 206, in _run_trial
    value_or_values = func(trial)
                      ^^^^^^^^^^^
  File "C:\Websites\FLATTRADE BOT\artifacts\f6_hybrid\master_phase5d_causal_gpu.py", line 490, in _objective
    day_mask = {"full": None, "is": d_is_mask, "oos": d_oos_mask}[mask_name]
               ~~~~~~~~~~~~~~~~~~~~~~~~~~~~~~~~~~~~~~~~~~~~~~~~~~^^^^^^^^^^^
KeyError: <optuna.trial._trial.Trial object at 0x0000028FD6A198D0>
[W 2026-08-15 20:11:56,616] Trial 1 failed with value None.
[W 2026-08-15 20:11:56,617] Trial 6 failed with parameters: {} because of the following error: KeyError(<optuna.trial._trial.Trial object at 0x0000028FD6A18ED0>).
Traceback (most recent call last):
  File "C:\Users\user\AppData\Local\hermes\hermes-agent\venv\Lib\site-packages\optuna\study\_optimize.py", line 206, in _run_trial
    value_or_values = func(trial)
                      ^^^^^^^^^^^
  File "C:\Websites\FLATTRADE BOT\artifacts\f6_hybrid\master_phase5d_causal_gpu.py", line 490, in _objective
    day_mask = {"full": None, "is": d_is_mask, "oos": d_oos_mask}[mask_name]
               ~~~~~~~~~~~~~~~~~~~~~~~~~~~~~~~~~~~~~~~~~~~~~~~~~~^^^^^^^^^^^
KeyError: <optuna.trial._trial.Trial object at 0x0000028FD6A18ED0>
[W 2026-08-15 20:11:56,617] Trial 2 failed with value None.
[W 2026-08-15 20:11:56,618] Trial 7 failed with parameters: {} because of the following error: KeyError(<optuna.trial._trial.Trial object at 0x0000028FD6A18710>).
Traceback (most recent call last):
  File "C:\Users\user\AppData\Local\hermes\hermes-agent\venv\Lib\site-packages\optuna\study\_optimize.py", line 206, in _run_trial
    value_or_values = func(trial)
                      ^^^^^^^^^^^
  File "C:\Websites\FLATTRADE BOT\artifacts\f6_hybrid\master_phase5d_causal_gpu.py", line 490, in _objective
    day_mask = {"full": None, "is": d_is_mask, "oos": d_oos_mask}[mask_name]
               ~~~~~~~~~~~~~~~~~~~~~~~~~~~~~~~~~~~~~~~~~~~~~~~~~~^^^^^^^^^^^
KeyError: <optuna.trial._trial.Trial object at 0x0000028FD6A18710>
[W 2026-08-15 20:11:56,618] Trial 3 failed with value None.
[W 2026-08-15 20:11:56,618] Trial 4 failed with value None.
[W 2026-08-15 20:11:56,619] Trial 5 failed with value None.
[W 2026-08-15 20:11:56,620] Trial 6 failed with value None.
[W 2026-08-15 20:11:56,621] Trial 7 failed with value None.
Traceback (most recent call last):
  File "C:\Websites\FLATTRADE BOT\artifacts\f6_hybrid\master_phase5d_causal_gpu.py", line 638, in <module>
    main()
  File "C:\Websites\FLATTRADE BOT\artifacts\f6_hybrid\master_phase5d_causal_gpu.py", line 562, in main
    results = [run_strategy(s, n, i+1, total) for i, (s, n) in enumerate(run_strats)]
              ^^^^^^^^^^^^^^^^^^^^^^^^^^^^^^^^^^^^^^^^^^^^^^^^^^^^^^^^^^^^^^^^^^^^^^^
  File "C:\Websites\FLATTRADE BOT\artifacts\f6_hybrid\master_phase5d_causal_gpu.py", line 562, in <listcomp>
    results = [run_strategy(s, n, i+1, total) for i, (s, n) in enumerate(run_strats)]
               ^^^^^^^^^^^^^^^^^^^^^^^^^^^^^^
  File "C:\Websites\FLATTRADE BOT\artifacts\f6_hybrid\master_phase5d_causal_gpu.py", line 508, in run_strategy
    study_nw.optimize(functools.partial(_objective, sid, "full"),
  File "C:\Users\user\AppData\Local\hermes\hermes-agent\venv\Lib\site-packages\optuna\study\study.py", line 516, in optimize
    _optimize(
  File "C:\Users\user\AppData\Local\hermes\hermes-agent\venv\Lib\site-packages\optuna\study\_optimize.py", line 105, in _optimize
    f.result()
  File "C:\Users\user\AppData\Roaming\uv\python\cpython-3.11-windows-x86_64-none\Lib\concurrent\futures\_base.py", line 449, in result
    return self.__get_result()
           ^^^^^^^^^^^^^^^^^^^
  File "C:\Users\user\AppData\Roaming\uv\python\cpython-3.11-windows-x86_64-none\Lib\concurrent\futures\_base.py", line 401, in __get_result
    raise self._exception
  File "C:\Users\user\AppData\Roaming\uv\python\cpython-3.11-windows-x86_64-none\Lib\concurrent\futures\thread.py", line 58, in run
    result = self.fn(*self.args, **self.kwargs)
             ^^^^^^^^^^^^^^^^^^^^^^^^^^^^^^^^^^
  File "C:\Users\user\AppData\Local\hermes\hermes-agent\venv\Lib\site-packages\optuna\study\_optimize.py", line 165, in _optimize_sequential
    frozen_trial_id = _run_trial(study, func, catch)
                      ^^^^^^^^^^^^^^^^^^^^^^^^^^^^^^
  File "C:\Users\user\AppData\Local\hermes\hermes-agent\venv\Lib\site-packages\optuna\study\_optimize.py", line 263, in _run_trial
    raise func_err
  File "C:\Users\user\AppData\Local\hermes\hermes-agent\venv\Lib\site-packages\optuna\study\_optimize.py", line 206, in _run_trial
    value_or_values = func(trial)
                      ^^^^^^^^^^^
  File "C:\Websites\FLATTRADE BOT\artifacts\f6_hybrid\master_phase5d_causal_gpu.py", line 490, in _objective
    day_mask = {"full": None, "is": d_is_mask, "oos": d_oos_mask}[mask_name]
               ~~~~~~~~~~~~~~~~~~~~~~~~~~~~~~~~~~~~~~~~~~~~~~~~~~^^^^^^^^^^^
KeyError: <optuna.trial._trial.Trial object at 0x0000028FCDB8C610>
