{
  "start": "2020-01-01",
  "end": "2026-05-05",
  "days": 5,
  "workers": 8,
  "timeframes": [
    "1m",
    "2m"
  ],
  "filter": "price_volume_oi",
  "strict": true,
  "use_divergence": false,
  "params": {
    "s1_k": 9,
    "s1_d": 3,
    "s4_k": 60,
    "atr_period": 14,
    "atr_sl_mult": 2.0,
    "atr_tp_mult": 6.0,
    "fixed_sl_points": 10.0,
    "fixed_tp_points": 15.0,
    "timeframes": [
      "1m",
      "2m"
    ],
    "f6_s4_thresh": 79.5,
    "f6_s1_thresh": 20.5,
    "consec_loss": 4,
    "use_divergence": false
  },
  "results": {
    "0": {
      "trades": 19,
      "wr": 47.368421052631575,
      "pts": -19.8,
      "rs": -1287,
      "pf": 0.767606
    },
    "1": {
      "trades": 9,
      "wr": 33.33333333333333,
      "pts": -17.95,
      "rs": -1167,
      "pf": 0.651794
    },
    "2": {
      "trades": 5,
      "wr": 80.0,
      "pts": 23.7,
      "rs": 1540,
      "pf": 3.37
    },
    "3": {
      "trades": 7,
      "wr": 57.14285714285714,
      "pts": 15.3,
      "rs": 995,
      "pf": 1.51
    },
    "5": {
      "trades": 6,
      "wr": 33.33333333333333,
      "pts": -28.8,
      "rs": -1872,
      "pf": 0.119266
    },
    "15": {
      "trades": 5,
      "wr": 80.0,
      "pts": 50.0,
      "rs": 3250,
      "pf": 6.0
    }
  }
}
JSON: artifacts\f6_hybrid\price_volume_oi_strict_1m_2m_no_divergence_2020_2026_smoke.json
