{
  "runner": "grid_optimize_f6_atr.run_days",
  "start": "2020-01-01",
  "end": "2024-12-31",
  "days": 5,
  "smoke": true,
  "params": {
    "s1_k": 12,
    "s1_d": 3,
    "s4_k": 50,
    "atr_period": 10,
    "atr_sl_mult": 3.0,
    "atr_tp_mult": 6.0,
    "f6_s4_thresh": 79.5,
    "f6_s1_thresh": 25.0,
    "consec_loss": 8,
    "use_divergence": true
  },
  "stats": {
    "trades": 15,
    "wr": 33.33333333333333,
    "pts": -51.78,
    "rs": -3366,
    "pf": 0.48636048011110017
  },
  "yearly": {
    "2020": {
      "trades": 15,
      "wr": 33.33333333333333,
      "pts": -51.78,
      "rs": -3366,
      "pf": 0.48636048011110017
    }
  }
}
JSON: artifacts\f6_hybrid\research_grid_runner_16l_2020_2024_smoke.json
