{
  "start": "2020-01-01",
  "end": "2026-05-05",
  "days": 1574,
  "workers": 8,
  "timeframes": [
    "1m",
    "2m"
  ],
  "oi_threshold": 3000000.0,
  "use_divergence": false,
  "params": {
    "s1_k": 12,
    "s1_d": 3,
    "s4_k": 50,
    "atr_period": 10,
    "atr_sl_mult": 3.0,
    "atr_tp_mult": 6.0,
    "fixed_sl_points": 10.0,
    "fixed_tp_points": 15.0,
    "timeframes": [
      "1m",
      "2m"
    ],
    "f6_s4_thresh": 79.5,
    "f6_s1_thresh": 25.0,
    "consec_loss": 8,
    "use_divergence": false
  },
  "results": {
    "0": {
      "trades": 13577,
      "wr": 40.03830006628857,
      "pts": -5296.1,
      "rs": -344247,
      "pf": 0.928298
    },
    "1": {
      "trades": 1754,
      "wr": 42.18928164196123,
      "pts": 179.85,
      "rs": 11694,
      "pf": 1.019609
    }
  }
}
JSON: artifacts\f6_hybrid\research_champion_12_50_oi_1m_no_divergence_2020_2026.json
