=== ROLLING WALK-FORWARD REFIT | Optuna per IS window | 40 trials/window | fees+slippage on every OOS trade ===
Capital 20,000 | ramp 40,000/lot | workers 8 | windows: ['2023', '2024']

========================================================================================================
WINDOW 2020-2022 -> OOS 2023 [TRUE OOS]
========================================================================================================
  Batch 1-8: 5984 signal builds
Trial   0 | score=      437644 | rs=    +652,144 | wr= 43.8% | pf= 1.53 | trades= 4,014
Trial   1 | score=      538555 | rs=    +782,851 | wr= 45.7% | pf= 1.51 | trades= 5,319
Trial   2 | score=      492560 | rs=    +643,787 | wr= 52.5% | pf= 1.46 | trades= 4,429
Trial   3 | score=      516718 | rs=    +658,130 | wr= 51.5% | pf= 1.52 | trades= 3,956
Trial   4 | score=      668982 | rs=    +809,014 | wr= 48.9% | pf= 1.69 | trades= 3,747
Trial   5 | score=      387221 | rs=    +583,870 | wr= 46.4% | pf= 1.43 | trades= 4,801
Trial   6 | score=      388425 | rs=    +568,472 | wr= 46.7% | pf= 1.46 | trades= 3,967
Trial   7 | score=      222469 | rs=    +397,905 | wr= 44.9% | pf= 1.25 | trades= 6,434
  Batch 9-16: 5239 signal builds
Trial   8 | score=      179417 | rs=    +333,910 | wr= 43.9% | pf= 1.22 | trades= 5,934
Trial   9 | score=      400988 | rs=    +538,755 | wr= 53.2% | pf= 1.40 | trades= 4,612
Trial  10 | score=      202795 | rs=    +362,413 | wr= 45.0% | pf= 1.24 | trades= 5,818
Trial  11 | score=      354891 | rs=    +575,752 | wr= 45.0% | pf= 1.37 | trades= 5,153
Trial  12 | score=      697652 | rs=    +859,362 | wr= 49.7% | pf= 1.63 | trades= 4,372
Trial  13 | score=      703567 | rs=    +826,999 | wr= 52.9% | pf= 1.61 | trades= 4,436
Trial  14 | score=      593384 | rs=    +821,556 | wr= 47.2% | pf= 1.53 | trades= 4,788
Trial  15 | score=      521561 | rs=    +658,795 | wr= 51.2% | pf= 1.55 | trades= 4,088
  Batch 17-24: 2259 signal builds
Trial  16 | score=      584772 | rs=    +711,681 | wr= 50.3% | pf= 1.63 | trades= 3,441
Trial  17 | score=      596050 | rs=    +757,757 | wr= 48.8% | pf= 1.61 | trades= 3,842
Trial  18 | score=      795042 | rs=    +911,281 | wr= 51.4% | pf= 1.70 | trades= 4,132
Trial  19 | score=      508443 | rs=    +664,159 | wr= 48.6% | pf= 1.58 | trades= 3,632
Trial  20 | score=      703567 | rs=    +826,999 | wr= 52.9% | pf= 1.61 | trades= 4,436
Trial  21 | score=      697652 | rs=    +859,362 | wr= 49.7% | pf= 1.63 | trades= 4,372
Trial  22 | score=      615568 | rs=    +736,530 | wr= 52.4% | pf= 1.60 | trades= 3,880
Trial  23 | score=      697652 | rs=    +859,362 | wr= 49.7% | pf= 1.63 | trades= 4,372
  Batch 25-32: 5239 signal builds
Trial  24 | score=      648081 | rs=    +781,411 | wr= 52.6% | pf= 1.58 | trades= 4,342
Trial  25 | score=      629666 | rs=    +729,971 | wr= 55.7% | pf= 1.55 | trades= 4,663
Trial  26 | score=      679611 | rs=    +825,222 | wr= 50.4% | pf= 1.64 | trades= 3,785
Trial  27 | score=      668069 | rs=    +823,377 | wr= 52.8% | pf= 1.54 | trades= 4,889
Trial  28 | score=      605186 | rs=    +745,521 | wr= 52.4% | pf= 1.55 | trades= 4,310
Trial  29 | score=      661381 | rs=    +792,026 | wr= 52.7% | pf= 1.58 | trades= 4,404
Trial  30 | score=      587327 | rs=    +736,401 | wr= 52.6% | pf= 1.52 | trades= 4,446
Trial  31 | score=      667837 | rs=    +819,969 | wr= 50.2% | pf= 1.62 | trades= 4,085
  Batch 33-40: 2259 signal builds
Trial  32 | score=      783210 | rs=    +901,085 | wr= 51.2% | pf= 1.70 | trades= 4,090
Trial  33 | score=      429514 | rs=    +629,541 | wr= 47.7% | pf= 1.43 | trades= 4,982
Trial  34 | score=      455504 | rs=    +631,676 | wr= 49.7% | pf= 1.45 | trades= 4,617
Trial  35 | score=      701133 | rs=    +825,796 | wr= 52.9% | pf= 1.61 | trades= 4,441
Trial  36 | score=      295485 | rs=    +506,345 | wr= 43.4% | pf= 1.34 | trades= 5,426
Trial  37 | score=      792648 | rs=    +910,182 | wr= 51.3% | pf= 1.70 | trades= 4,136
Trial  38 | score=      787294 | rs=    +903,198 | wr= 51.3% | pf= 1.70 | trades= 4,085
Trial  39 | score=      792648 | rs=    +910,182 | wr= 51.3% | pf= 1.70 | trades= 4,136

  Incremental window 2020-2022->2023 | 40 trials | 3339s | best IS: trades 4,132 | WR  51.4% | Rs     +911,281 | PF  1.70

  REFIT best (s1=7 s4=50 atr=10 sl=3.0 tp=5.0 f6s4=79.5 f6s1=20.5 cl=6)
    OOS 2023 (raw, 246d, 48.7s): trades 1,444 | WR  29.3% | pts_net   -1709.92 | Rs_net      -130,123 | PF  0.80 | fees +18,978.36
  CHAMPION fix  (s1=12 s4=50 atr=10 sl=3.0 tp=6.0 f6s4=79.5 f6s1=25.0 cl=8)
    OOS 2023 (raw, 48.7s): trades 1,343 | WR  28.3% | pts_net    -547.88 | Rs_net       -53,299 | PF  0.92 | fees +17,687.01

========================================================================================================
WINDOW 2021-2023 -> OOS 2024 [TRUE OOS]
========================================================================================================
  Batch 1-8: 5936 signal builds
Trial   0 | score=      539359 | rs=    +747,395 | wr= 44.8% | pf= 1.61 | trades= 4,216
Trial   1 | score=      529869 | rs=    +767,922 | wr= 45.9% | pf= 1.50 | trades= 5,330
Trial   2 | score=      614377 | rs=    +749,949 | wr= 53.1% | pf= 1.54 | trades= 4,577
Trial   3 | score=      595039 | rs=    +722,377 | wr= 52.3% | pf= 1.58 | trades= 4,184
Trial   4 | score=      711430 | rs=    +829,631 | wr= 50.5% | pf= 1.70 | trades= 3,808
Trial   5 | score=      464207 | rs=    +661,172 | wr= 47.5% | pf= 1.48 | trades= 4,977
Trial   6 | score=      460475 | rs=    +632,093 | wr= 47.9% | pf= 1.52 | trades= 4,029
Trial   7 | score=      269850 | rs=    +464,677 | wr= 45.2% | pf= 1.28 | trades= 6,614
  Batch 9-16: 5197 signal builds
Trial   8 | score=      209496 | rs=    +376,791 | wr= 44.5% | pf= 1.25 | trades= 6,110
Trial   9 | score=      530400 | rs=    +652,098 | wr= 54.7% | pf= 1.49 | trades= 4,772
Trial  10 | score=      198633 | rs=    +360,863 | wr= 44.5% | pf= 1.24 | trades= 5,960
Trial  11 | score=      382857 | rs=    +613,474 | wr= 44.6% | pf= 1.40 | trades= 5,183
Trial  12 | score=      774230 | rs=    +923,779 | wr= 49.9% | pf= 1.68 | trades= 4,513
Trial  13 | score=      812004 | rs=    +910,363 | wr= 53.5% | pf= 1.67 | trades= 4,614
Trial  14 | score=      722118 | rs=    +928,401 | wr= 47.9% | pf= 1.62 | trades= 4,806
Trial  15 | score=      526418 | rs=    +663,074 | wr= 51.5% | pf= 1.54 | trades= 4,162
  Batch 17-24: 2241 signal builds
Trial  16 | score=      653117 | rs=    +763,385 | wr= 51.0% | pf= 1.68 | trades= 3,675
Trial  17 | score=      698830 | rs=    +838,757 | wr= 49.7% | pf= 1.68 | trades= 4,057
Trial  18 | score=      845089 | rs=    +950,713 | wr= 51.6% | pf= 1.72 | trades= 4,261
Trial  19 | score=      599335 | rs=    +741,506 | wr= 49.4% | pf= 1.63 | trades= 3,897
Trial  20 | score=      812004 | rs=    +910,363 | wr= 53.5% | pf= 1.67 | trades= 4,614
Trial  21 | score=      774230 | rs=    +923,779 | wr= 49.9% | pf= 1.68 | trades= 4,513
Trial  22 | score=      683975 | rs=    +789,281 | wr= 53.0% | pf= 1.63 | trades= 4,111
Trial  23 | score=      774230 | rs=    +923,779 | wr= 49.9% | pf= 1.68 | trades= 4,513
  Batch 25-32: 5197 signal builds
Trial  24 | score=      751958 | rs=    +857,524 | wr= 53.6% | pf= 1.64 | trades= 4,548
Trial  25 | score=      685418 | rs=    +777,971 | wr= 56.0% | pf= 1.57 | trades= 4,895
Trial  26 | score=      688496 | rs=    +837,065 | wr= 50.2% | pf= 1.64 | trades= 3,906
Trial  27 | score=      802518 | rs=    +922,096 | wr= 53.8% | pf= 1.62 | trades= 5,033
Trial  28 | score=      672146 | rs=    +794,419 | wr= 53.3% | pf= 1.59 | trades= 4,460
Trial  29 | score=      753471 | rs=    +867,873 | wr= 53.1% | pf= 1.64 | trades= 4,570
Trial  30 | score=      661818 | rs=    +802,474 | wr= 52.7% | pf= 1.57 | trades= 4,579
Trial  31 | score=      751265 | rs=    +883,598 | wr= 51.2% | pf= 1.66 | trades= 4,194
  Batch 33-40: 2980 signal builds
Trial  32 | score=      574378 | rs=    +711,458 | wr= 55.5% | pf= 1.45 | trades= 5,568
Trial  33 | score=      495482 | rs=    +719,662 | wr= 47.8% | pf= 1.44 | trades= 5,728
Trial  34 | score=      371012 | rs=    +603,786 | wr= 44.0% | pf= 1.40 | trades= 5,714
Trial  35 | score=      474051 | rs=    +689,261 | wr= 48.2% | pf= 1.43 | trades= 5,748
Trial  36 | score=      399219 | rs=    +652,687 | wr= 43.8% | pf= 1.39 | trades= 6,242
Trial  37 | score=      782381 | rs=    +921,266 | wr= 51.6% | pf= 1.64 | trades= 4,587
Trial  38 | score=      739391 | rs=    +875,987 | wr= 53.4% | pf= 1.58 | trades= 5,044
Trial  39 | score=      533126 | rs=    +687,528 | wr= 51.8% | pf= 1.50 | trades= 4,473

  Incremental window 2021-2023->2024 | 40 trials | 3684s | best IS: trades 4,261 | WR  51.6% | Rs     +950,713 | PF  1.72

  REFIT best (s1=7 s4=50 atr=10 sl=3.0 tp=5.0 f6s4=79.5 f6s1=20.5 cl=6)
    OOS 2024 (raw, 249d, 52.1s): trades 1,198 | WR  33.6% | pts_net    +239.36 | Rs_net        -4,362 | PF  0.99 | fees +19,920.57
  CHAMPION fix  (s1=12 s4=50 atr=10 sl=3.0 tp=6.0 f6s4=79.5 f6s1=25.0 cl=8)
    OOS 2024 (raw, 52.1s): trades 1,223 | WR  32.8% | pts_net   +2673.69 | Rs_net      +153,149 | PF  1.26 | fees +20,641.11

========================================================================================================
STITCHED TRUE-OOS REFIT STREAM (2023 + 2024) — 2642 trades
========================================================================================================
trades 2,642 | WR  31.2% | pts_net   -1470.56 | Rs_net      -134,485 | PF  0.90 | fees +38,898.93

Monthly lot ramp (capital refreshes at stitch start):

========================================================================================================
MONTH    | LOTS | TRADES |    WR |    NET PTS |   PROFIT (Rs) |    EQUITY (Rs)
========================================================================================================
2023-01  |    1 |    113 | 36.3% |    +112.89 |        +5,692 |      25,692.00
2023-02  |    1 |    145 | 27.6% |    -195.66 |       -14,694 |      10,998.00
2023-03  |    1 |    136 | 33.1% |     -79.46 |        -7,007 |       3,991.00
2023-04  |    1 |    119 | 24.4% |    -338.36 |       -23,430 |     -19,439.00
2023-05  |    1 |    130 | 28.5% |    -236.71 |       -16,994 |     -36,433.00
2023-06  |    1 |    129 | 31.0% |    -270.13 |       -19,126 |     -55,559.00
2023-07  |    1 |     97 | 29.9% |    -207.52 |       -14,755 |     -70,314.00
2023-08  |    1 |    142 | 18.3% |    -513.96 |       -35,196 |    -105,510.00
2023-09  |    1 |    111 | 37.8% |    +101.00 |        +5,100 |    -100,410.00
2023-10  |    1 |    109 | 29.4% |    -169.97 |       -12,471 |    -112,881.00
2023-11  |    1 |    106 | 31.1% |    -110.58 |        -8,507 |    -121,388.00
2023-12  |    1 |    107 | 34.6% |    +198.54 |       +11,264 |    -110,124.00
2024-01  |    1 |     81 | 30.9% |     +52.54 |        +2,122 |    -108,002.00
2024-02  |    1 |    121 | 37.2% |     -31.86 |        -4,114 |    -112,116.00
2024-03  |    1 |     89 | 31.5% |    +138.26 |        +7,626 |    -104,490.00
2024-04  |    1 |     81 | 30.9% |    -222.91 |       -15,720 |    -120,210.00
2024-05  |    1 |    115 | 24.3% |    -399.81 |       -28,018 |    -148,228.00
2024-06  |    1 |     88 | 42.0% |    +148.69 |        +8,157 |    -140,071.00
2024-07  |    1 |    105 | 54.3% |    +741.03 |       +46,397 |     -93,674.00
2024-08  |    1 |    120 | 35.8% |    +400.28 |       +24,097 |     -69,577.00
2024-09  |    1 |    109 | 30.3% |    -268.88 |       -19,199 |     -88,776.00
2024-10  |    1 |     84 | 27.4% |    -153.77 |       -11,364 |    -100,140.00
2024-11  |    1 |    102 | 32.4% |    +151.83 |        +8,048 |     -92,092.00
2024-12  |    1 |    103 | 34.0% |    -316.04 |       -22,395 |    -114,487.00
========================================================================================================

YEAR   |  TRADES |    NET PTS |   PROFIT (Rs) |  END EQUITY (Rs)
------------------------------------------------------------------
2023   |    1444 |   -1709.92 |      -130,124 |      -110,124.00
2024   |    1198 |    +239.36 |        -4,363 |      -114,487.00
------------------------------------------------------------------
TOTAL  |    2642 |   -1470.56 |      -134,487 |      -114,487.00

Starting capital: Rs 20,000.00
Total profit:     Rs -134,487.00
Final equity:     Rs -114,487.00
ROI on start:     -672.4%  (5-year cumulative)

JSON summary: refit_results\summary.json | studies: refit_results/study_*.csv
