{
  "target": "2026-08-11 14:38:00",
  "tokens": {
    "spot": "26000",
    "ce": "41005",
    "pe": "41014"
  },
  "spot_at_target": {
    "time": "11-08-2026 14:38:00",
    "close": 24450.4
  },
  "ce": {
    "side": "CE",
    "processed_rows": 699,
    "api_first": "10-08-2026 09:15:00",
    "api_last": "11-08-2026 15:29:00",
    "triggers_to_target": [
      {
        "time": "2026-08-11 10:28:00",
        "timeframe": "1m",
        "signal": "super",
        "reverse": false,
        "entry": 154.5,
        "sl_points": 14.91,
        "tp_points": 29.82
      },
      {
        "time": "2026-08-11 11:33:00",
        "timeframe": "1m",
        "signal": "super",
        "reverse": true,
        "entry": 118.8,
        "sl_points": 10.32,
        "tp_points": 20.64
      },
      {
        "time": "2026-08-11 11:40:00",
        "timeframe": "2m",
        "signal": "super",
        "reverse": true,
        "entry": 123.85,
        "sl_points": 16.09,
        "tp_points": 32.17
      },
      {
        "time": "2026-08-11 11:40:00",
        "timeframe": "5m",
        "signal": "super",
        "reverse": true,
        "entry": 123.85,
        "sl_points": 29.18,
        "tp_points": 58.35
      },
      {
        "time": "2026-08-11 13:05:00",
        "timeframe": "5m",
        "signal": "super",
        "reverse": true,
        "entry": 132.8,
        "sl_points": 27.81,
        "tp_points": 55.63
      },
      {
        "time": "2026-08-11 14:12:00",
        "timeframe": "3m",
        "signal": "super",
        "reverse": false,
        "entry": 124.5,
        "sl_points": 23.32,
        "tp_points": 46.64
      }
    ],
    "summary": {
      "1m": {
        "s1": 19.59197039656813,
        "s2": 19.59197039656813,
        "s3": 13.870274817636968,
        "s4": 17.518553276808472,
        "atr": 4.169529406756448,
        "f6_ready": false,
        "super_ready": true,
        "super_setup_active": false,
        "setup_type": "super",
        "s4_embedded": false
      },
      "2m": {
        "s1": 13.431703492168106,
        "s2": 13.860274920739533,
        "s3": 9.759220945994151,
        "s4": 23.655596775344215,
        "atr": 5.821634020942989,
        "f6_ready": false,
        "super_ready": false,
        "super_setup_active": false,
        "setup_type": "super",
        "s4_embedded": false
      },
      "3m": {
        "s1": 16.904309065063227,
        "s2": 16.904309065063227,
        "s3": 14.690732681743595,
        "s4": 39.98547598754588,
        "atr": 7.271899186091337,
        "f6_ready": false,
        "super_ready": false,
        "super_setup_active": false,
        "setup_type": "super",
        "s4_embedded": false
      },
      "5m": {
        "s1": 23.491182042829468,
        "s2": 22.32824427480915,
        "s3": 35.14373903467842,
        "s4": 24.98658536585366,
        "atr": 9.123998313754281,
        "f6_ready": false,
        "super_ready": false,
        "super_setup_active": false,
        "setup_type": "super",
        "s4_embedded": false
      }
    }
  },
  "pe": {
    "side": "PE",
    "processed_rows": 699,
    "api_first": "10-08-2026 09:15:00",
    "api_last": "11-08-2026 15:29:00",
    "triggers_to_target": [
      {
        "time": "2026-08-11 09:58:00",
        "timeframe": "1m",
        "signal": "flag_nodiv",
        "reverse": false,
        "entry": 94.25,
        "sl_points": 14.73,
        "tp_points": 29.45
      },
      {
        "time": "2026-08-11 10:00:00",
        "timeframe": "2m",
        "signal": "flag_nodiv",
        "reverse": false,
        "entry": 94.55,
        "sl_points": 21.1,
        "tp_points": 42.2
      },
      {
        "time": "2026-08-11 10:03:00",
        "timeframe": "3m",
        "signal": "flag_nodiv",
        "reverse": false,
        "entry": 88.2,
        "sl_points": 26.54,
        "tp_points": 53.08
      },
      {
        "time": "2026-08-11 11:45:00",
        "timeframe": "3m",
        "signal": "flag_nodiv",
        "reverse": false,
        "entry": 104.95,
        "sl_points": 17.58,
        "tp_points": 35.15
      },
      {
        "time": "2026-08-11 12:50:00",
        "timeframe": "5m",
        "signal": "flag_nodiv",
        "reverse": false,
        "entry": 98.15,
        "sl_points": 22.04,
        "tp_points": 44.07
      },
      {
        "time": "2026-08-11 13:05:00",
        "timeframe": "5m",
        "signal": "flag_nodiv",
        "reverse": false,
        "entry": 87.9,
        "sl_points": 25.72,
        "tp_points": 51.44
      },
      {
        "time": "2026-08-11 13:56:00",
        "timeframe": "1m",
        "signal": "super",
        "reverse": false,
        "entry": 93.6,
        "sl_points": 9.17,
        "tp_points": 18.35
      },
      {
        "time": "2026-08-11 14:33:00",
        "timeframe": "3m",
        "signal": "super",
        "reverse": false,
        "entry": 96.55,
        "sl_points": 20.01,
        "tp_points": 40.01
      }
    ],
    "summary": {
      "1m": {
        "s1": 78.30687830687829,
        "s2": 78.30687830687829,
        "s3": 76.34081125460438,
        "s4": 67.4328762259797,
        "atr": 3.9750138627050133,
        "f6_ready": false,
        "super_ready": false,
        "super_setup_active": false,
        "setup_type": "super",
        "s4_embedded": false
      },
      "2m": {
        "s1": 83.55965012295162,
        "s2": 78.4845451066884,
        "s3": 73.14993564993566,
        "s4": 44.656798279222265,
        "atr": 5.305168543013192,
        "f6_ready": false,
        "super_ready": false,
        "super_setup_active": false,
        "setup_type": "super",
        "s4_embedded": false
      },
      "3m": {
        "s1": 65.84564860426933,
        "s2": 65.84564860426933,
        "s3": 46.545747918533834,
        "s4": 27.485279582933554,
        "atr": 6.541725516569936,
        "f6_ready": false,
        "super_ready": false,
        "super_setup_active": false,
        "setup_type": "super",
        "s4_embedded": false
      },
      "5m": {
        "s1": 55.58292282430216,
        "s2": 55.58292282430216,
        "s3": 28.37931034482759,
        "s4": 26.766088778815014,
        "atr": 7.937504591526329,
        "f6_ready": false,
        "super_ready": false,
        "super_setup_active": false,
        "setup_type": "",
        "s4_embedded": false
      }
    }
  }
}
Diagnosis written to artifacts\live_signal_diagnosis.json
