=== SMOKE TEST ù 5 DAYS ONLY ===
Loaded 5 trading days.
Testing F6 Flag No-Div combined with 4 top strategies...

Running [Trailing SL Fixed Cap + F6]...
  Trades:    18 (-6,230) | WR:11.1% (-25.5%) | Rs:-1,878 (-737,879) | PF:0.67 | 5s

Running [ATR╫2/╫4 Unlimited + F6]...
  Trades:    30 (-6,050) | WR:46.7% (+0.8%) | Rs:+1,440 (-700,093) | PF:1.20 | 5s

Running [S1=(12,3) + ATR╫2/╫4 + F6]...
  Trades:    25 (-5,252) | WR:48.0% (+2.1%) | Rs:+770 (-644,163) | PF:1.12 | 6s

Running [S1=(7,3) + ATR╫2/╫4 + F6]...
  Trades:    29 (-4,458) | WR:34.5% (-12.7%) | Rs:-1,353 (-602,734) | PF:0.82 | 6s

==============================================================================================================
F6 COMBINATION RESULTS  (F6 = immediate flag entry when S4>=80 + S1<=20)
==============================================================================================================
STRATEGY                                   |  TRADES |    WR% |    NET PROFIT |    PF |   vs BASELINE |  WR CHG
--------------------------------------------------------------------------------------------------------------
Trailing SL Fixed Cap + F6                 |      18 |   11.1% | Rs     -1,878 |  0.67 | Rs   -737,879 [---] |  -25.5%
ATR╫2/╫4 Unlimited + F6                    |      30 |   46.7% | Rs     +1,440 |  1.20 | Rs   -700,093 [---] |   +0.8%
S1=(12,3) + ATR╫2/╫4 + F6                  |      25 |   48.0% | Rs       +770 |  1.12 | Rs   -644,163 [---] |   +2.1%
S1=(7,3) + ATR╫2/╫4 + F6                   |      29 |   34.5% | Rs     -1,353 |  0.82 | Rs   -602,734 [---] |  -12.7%

==============================================================================================================
BASELINES (for comparison)
--------------------------------------------------------------------------------------------------------------
Trailing SL Fixed Cap                      |   6,248 |   36.6% | Rs   +736,001 |
ATR╫2/╫4 Unlimited                         |   6,080 |   45.9% | Rs   +701,533 |
S1=(12,3) + ATR╫2/╫4                       |   5,277 |   45.9% | Rs   +644,933 |
S1=(7,3) + ATR╫2/╫4                        |   4,487 |   47.2% | Rs   +601,381 |

==============================================================================================================
YEARLY BREAKDOWN ù strategies that BEAT baseline
